172.20.0.2 - - [21/Jan/2018:15:31:47 +0000] "POST /api/v4/jobs/request HTTP/1.1" 204 0 "" "gitlab-ci-multi-runner 9.5.1 (9-5-stable; go1.8.3; linux/amd64)"
172.20.0.2 - - [21/Jan/2018:15:31:50 +0000] "POST /api/v4/jobs/request HTTP/1.1" 204 0 "" "gitlab-ci-multi-runner 9.5.1 (9-5-stable; go1.8.3; linux/amd64)"
172.20.0.2 - - [21/Jan/2018:15:31:53 +0000] "POST /api/v4/jobs/request HTTP/1.1" 204 0 "" "gitlab-ci-multi-runner 9.5.1 (9-5-stable; go1.8.3; linux/amd64)"
172.20.0.2 - - [21/Jan/2018:15:31:56 +0000] "POST /api/v4/jobs/request HTTP/1.1" 204 0 "" "gitlab-ci-multi-runner 9.5.1 (9-5-stable; go1.8.3; linux/amd64)"
172.20.0.2 - - [21/Jan/2018:15:31:59 +0000] "POST /api/v4/jobs/request HTTP/1.1" 204 0 "" "gitlab-ci-multi-runner 9.5.1 (9-5-stable; go1.8.3; linux/amd64)"
172.20.0.2 - - [21/Jan/2018:15:32:02 +0000] "POST /api/v4/jobs/request HTTP/1.1" 204 0 "" "gitlab-ci-multi-runner 9.5.1 (9-5-stable; go1.8.3; linux/amd64)"
172.20.0.2 - - [21/Jan/2018:15:32:05 +0000] "POST /api/v4/jobs/request HTTP/1.1" 204 0 "" "gitlab-ci-multi-runner 9.5.1 (9-5-stable; go1.8.3; linux/amd64)"
172.20.0.2 - - [21/Jan/2018:15:32:08 +0000] "POST /api/v4/jobs/request HTTP/1.1" 204 0 "" "gitlab-ci-multi-runner 9.5.1 (9-5-stable; go1.8.3; linux/amd64)"
172.20.0.1 - - [21/Jan/2018:15:32:11 +0000] "GET /root/button/-/jobs/7.json HTTP/1.1" 304 0 "http://127.0.0.1:5000/root/button/-/jobs/7" "Mozilla/5.0 (Macintosh; Intel Mac OS X 10_12_5) AppleWebKit/537.36 (KHTML, like Gecko) Chrome/63.0.3239.132 Safari/537.36"
172.20.0.2 - - [21/Jan/2018:15:32:11 +0000] "POST /api/v4/jobs/request HTTP/1.1" 204 0 "" "gitlab-ci-multi-runner 9.5.1 (9-5-stable; go1.8.3; linux/amd64)"
172.20.0.1 - - [21/Jan/2018:15:32:13 +0000] "POST /root/button/-/jobs/7/retry HTTP/1.1" 302 108 "http://127.0.0.1:5000/root/button/-/jobs/7" "Mozilla/5.0 (Macintosh; Intel Mac OS X 10_12_5) AppleWebKit/537.36 (KHTML, like Gecko) Chrome/63.0.3239.132 Safari/537.36"
172.20.0.1 - - [21/Jan/2018:15:32:13 +0000] "GET /root/button/-/jobs/8 HTTP/1.1" 200 8896 "http://127.0.0.1:5000/root/button/-/jobs/7" "Mozilla/5.0 (Macintosh; Intel Mac OS X 10_12_5) AppleWebKit/537.36 (KHTML, like Gecko) Chrome/63.0.3239.132 Safari/537.36"
172.20.0.1 - - [21/Jan/2018:15:32:14 +0000] "GET /root/button/-/jobs/8/trace.json?state= HTTP/1.1" 200 75 "http://127.0.0.1:5000/root/button/-/jobs/8" "Mozilla/5.0 (Macintosh; Intel Mac OS X 10_12_5) AppleWebKit/537.36 (KHTML, like Gecko) Chrome/63.0.3239.132 Safari/537.36"
172.20.0.1 - - [21/Jan/2018:15:32:14 +0000] "GET /root/button/-/jobs/8/status.json HTTP/1.1" 200 236 "http://127.0.0.1:5000/root/button/-/jobs/8" "Mozilla/5.0 (Macintosh; Intel Mac OS X 10_12_5) AppleWebKit/537.36 (KHTML, like Gecko) Chrome/63.0.3239.132 Safari/537.36"
172.20.0.1 - - [21/Jan/2018:15:32:14 +0000] "GET /root/button/-/jobs/8.json HTTP/1.1" 200 982 "http://127.0.0.1:5000/root/button/-/jobs/8" "Mozilla/5.0 (Macintosh; Intel Mac OS X 10_12_5) AppleWebKit/537.36 (KHTML, like Gecko) Chrome/63.0.3239.132 Safari/537.36"
172.20.0.2 - - [21/Jan/2018:15:32:14 +0000] "POST /api/v4/jobs/request HTTP/1.1" 201 3281 "" "gitlab-ci-multi-runner 9.5.1 (9-5-stable; go1.8.3; linux/amd64)"
127.0.0.1 - - [21/Jan/2018:15:32:16 +0000] "GET /help HTTP/1.1" 200 29464 "" "curl/7.56.1"
172.20.0.2 - - [21/Jan/2018:15:32:17 +0000] "PUT /api/v4/jobs/8 HTTP/1.1" 200 4 "" "gitlab-ci-multi-runner 9.5.1 (9-5-stable; go1.8.3; linux/amd64)"
172.20.0.2 - - [21/Jan/2018:15:32:17 +0000] "PATCH /api/v4/jobs/8/trace HTTP/1.1" 202 7 "" "gitlab-ci-multi-runner 9.5.1 (9-5-stable; go1.8.3; linux/amd64)"
172.20.0.1 - - [21/Jan/2018:15:32:18 +0000] "GET /root/button/-/jobs/8/trace.json?state= HTTP/1.1" 200 532 "http://127.0.0.1:5000/root/button/-/jobs/8" "Mozilla/5.0 (Macintosh; Intel Mac OS X 10_12_5) AppleWebKit/537.36 (KHTML, like Gecko) Chrome/63.0.3239.132 Safari/537.36"
172.20.0.1 - - [21/Jan/2018:15:32:18 +0000] "GET /root/button/-/jobs/8/status.json HTTP/1.1" 200 236 "http://127.0.0.1:5000/root/button/-/jobs/8" "Mozilla/5.0 (Macintosh; Intel Mac OS X 10_12_5) AppleWebKit/537.36 (KHTML, like Gecko) Chrome/63.0.3239.132 Safari/537.36"
172.20.0.1 - - [21/Jan/2018:15:32:18 +0000] "GET /root/button/-/jobs/8 HTTP/1.1" 200 8950 "http://127.0.0.1:5000/root/button/-/jobs/8" "Mozilla/5.0 (Macintosh; Intel Mac OS X 10_12_5) AppleWebKit/537.36 (KHTML, like Gecko) Chrome/63.0.3239.132 Safari/537.36"
172.20.0.1 - - [21/Jan/2018:15:32:18 +0000] "GET /root/button/-/jobs/8/trace.json?state= HTTP/1.1" 304 0 "http://127.0.0.1:5000/root/button/-/jobs/8" "Mozilla/5.0 (Macintosh; Intel Mac OS X 10_12_5) AppleWebKit/537.36 (KHTML, like Gecko) Chrome/63.0.3239.132 Safari/537.36"
172.20.0.1 - - [21/Jan/2018:15:32:18 +0000] "GET /root/button/-/jobs/8/status.json HTTP/1.1" 304 0 "http://127.0.0.1:5000/root/button/-/jobs/8" "Mozilla/5.0 (Macintosh; Intel Mac OS X 10_12_5) AppleWebKit/537.36 (KHTML, like Gecko) Chrome/63.0.3239.132 Safari/537.36"
172.20.0.1 - - [21/Jan/2018:15:32:19 +0000] "GET /root/button/-/jobs/8.json HTTP/1.1" 200 961 "http://127.0.0.1:5000/root/button/-/jobs/8" "Mozilla/5.0 (Macintosh; Intel Mac OS X 10_12_5) AppleWebKit/537.36 (KHTML, like Gecko) Chrome/63.0.3239.132 Safari/537.36"
172.20.0.2 - - [21/Jan/2018:15:32:20 +0000] "PATCH /api/v4/jobs/8/trace HTTP/1.1" 202 7 "" "gitlab-ci-multi-runner 9.5.1 (9-5-stable; go1.8.3; linux/amd64)"
172.20.0.1 - - [21/Jan/2018:15:32:22 +0000] "GET /root/button/-/jobs/8/trace.json?state=eyJvZmZzZXQiOjM4OSwibl9vcGVuX3RhZ3MiOjAsImZnX2NvbG9yIjpudWxsLCJiZ19jb2xvciI6bnVsbCwic3R5bGVfbWFzayI6MH0%3D HTTP/1.1" 200 477 "http://127.0.0.1:5000/root/button/-/jobs/8" "Mozilla/5.0 (Macintosh; Intel Mac OS X 10_12_5) AppleWebKit/537.36 (KHTML, like Gecko) Chrome/63.0.3239.132 Safari/537.36"
172.20.0.1 - - [21/Jan/2018:15:32:22 +0000] "GET /root/button/-/jobs/8/status.json HTTP/1.1" 304 0 "http://127.0.0.1:5000/root/button/-/jobs/8" "Mozilla/5.0 (Macintosh; Intel Mac OS X 10_12_5) AppleWebKit/537.36 (KHTML, like Gecko) Chrome/63.0.3239.132 Safari/537.36"
172.20.0.2 - - [21/Jan/2018:15:32:23 +0000] "PATCH /api/v4/jobs/8/trace HTTP/1.1" 202 7 "" "gitlab-ci-multi-runner 9.5.1 (9-5-stable; go1.8.3; linux/amd64)"
172.20.0.2 - - [21/Jan/2018:15:32:24 +0000] "PUT /api/v4/jobs/8 HTTP/1.1" 200 4 "" "gitlab-ci-multi-runner 9.5.1 (9-5-stable; go1.8.3; linux/amd64)"
172.20.0.2 - - [21/Jan/2018:15:32:24 +0000] "POST /api/v4/jobs/request HTTP/1.1" 204 0 "" "gitlab-ci-multi-runner 9.5.1 (9-5-stable; go1.8.3; linux/amd64)"
172.20.0.1 - - [21/Jan/2018:15:32:26 +0000] "GET /root/button/-/jobs/8/trace.json?state=eyJvZmZzZXQiOjcyOSwibl9vcGVuX3RhZ3MiOjAsImZnX2NvbG9yIjpudWxsLCJiZ19jb2xvciI6bnVsbCwic3R5bGVfbWFzayI6MH0%3D HTTP/1.1" 200 463 "http://127.0.0.1:5000/root/button/-/jobs/8" "Mozilla/5.0 (Macintosh; Intel Mac OS X 10_12_5) AppleWebKit/537.36 (KHTML, like Gecko) Chrome/63.0.3239.132 Safari/537.36"
172.20.0.2 - - [21/Jan/2018:15:32:27 +0000] "POST /api/v4/jobs/request HTTP/1.1" 204 0 "" "gitlab-ci-multi-runner 9.5.1 (9-5-stable; go1.8.3; linux/amd64)"
172.20.0.1 - - [21/Jan/2018:15:32:27 +0000] "GET /root/button/-/jobs/8/status.json HTTP/1.1" 200 234 "http://127.0.0.1:5000/root/button/-/jobs/8" "Mozilla/5.0 (Macintosh; Intel Mac OS X 10_12_5) AppleWebKit/537.36 (KHTML, like Gecko) Chrome/63.0.3239.132 Safari/537.36"
172.20.0.1 - - [21/Jan/2018:15:32:27 +0000] "GET /root/button/-/jobs/8 HTTP/1.1" 200 9096 "http://127.0.0.1:5000/root/button/-/jobs/8" "Mozilla/5.0 (Macintosh; Intel Mac OS X 10_12_5) AppleWebKit/537.36 (KHTML, like Gecko) Chrome/63.0.3239.132 Safari/537.36"
172.20.0.1 - - [21/Jan/2018:15:32:27 +0000] "GET /root/button/-/jobs/8/trace.json?state= HTTP/1.1" 200 575 "http://127.0.0.1:5000/root/button/-/jobs/8" "Mozilla/5.0 (Macintosh; Intel Mac OS X 10_12_5) AppleWebKit/537.36 (KHTML, like Gecko) Chrome/63.0.3239.132 Safari/537.36"
172.20.0.1 - - [21/Jan/2018:15:32:27 +0000] "GET /root/button/-/jobs/8/status.json HTTP/1.1" 304 0 "http://127.0.0.1:5000/root/button/-/jobs/8" "Mozilla/5.0 (Macintosh; Intel Mac OS X 10_12_5) AppleWebKit/537.36 (KHTML, like Gecko) Chrome/63.0.3239.132 Safari/537.36"
172.20.0.1 - - [21/Jan/2018:15:32:27 +0000] "GET /root/button/-/jobs/8.json HTTP/1.1" 200 1057 "http://127.0.0.1:5000/root/button/-/jobs/8" "Mozilla/5.0 (Macintosh; Intel Mac OS X 10_12_5) AppleWebKit/537.36 (KHTML, like Gecko) Chrome/63.0.3239.132 Safari/537.36"
172.20.0.2 - - [21/Jan/2018:15:32:30 +0000] "POST /api/v4/jobs/request HTTP/1.1" 204 0 "" "gitlab-ci-multi-runner 9.5.1 (9-5-stable; go1.8.3; linux/amd64)"
172.20.0.2 - - [21/Jan/2018:15:32:33 +0000] "POST /api/v4/jobs/request HTTP/1.1" 204 0 "" "gitlab-ci-multi-runner 9.5.1 (9-5-stable; go1.8.3; linux/amd64)"
172.20.0.2 - - [21/Jan/2018:15:32:36 +0000] "POST /api/v4/jobs/request HTTP/1.1" 204 0 "" "gitlab-ci-multi-runner 9.5.1 (9-5-stable; go1.8.3; linux/amd64)"
172.20.0.1 - - [21/Jan/2018:15:32:37 +0000] "GET /root/button/-/jobs/8.json HTTP/1.1" 304 0 "http://127.0.0.1:5000/root/button/-/jobs/8" "Mozilla/5.0 (Macintosh; Intel Mac OS X 10_12_5) AppleWebKit/537.36 (KHTML, like Gecko) Chrome/63.0.3239.132 Safari/537.36"
172.20.0.2 - - [21/Jan/2018:15:32:39 +0000] "POST /api/v4/jobs/request HTTP/1.1" 204 0 "" "gitlab-ci-multi-runner 9.5.1 (9-5-stable; go1.8.3; linux/amd64)"
172.20.0.2 - - [21/Jan/2018:15:32:42 +0000] "POST /api/v4/jobs/request HTTP/1.1" 204 0 "" "gitlab-ci-multi-runner 9.5.1 (9-5-stable; go1.8.3; linux/amd64)"
172.20.0.2 - - [21/Jan/2018:15:32:45 +0000] "POST /api/v4/jobs/request HTTP/1.1" 204 0 "" "gitlab-ci-multi-runner 9.5.1 (9-5-stable; go1.8.3; linux/amd64)"
172.20.0.1 - - [21/Jan/2018:15:32:47 +0000] "GET /root/button/-/jobs/8.json HTTP/1.1" 304 0 "http://127.0.0.1:5000/root/button/-/jobs/8" "Mozilla/5.0 (Macintosh; Intel Mac OS X 10_12_5) AppleWebKit/537.36 (KHTML, like Gecko) Chrome/63.0.3239.132 Safari/537.36"
172.20.0.2 - - [21/Jan/2018:15:32:48 +0000] "POST /api/v4/jobs/request HTTP/1.1" 204 0 "" "gitlab-ci-multi-runner 9.5.1 (9-5-stable; go1.8.3; linux/amd64)"
172.20.0.2 - - [21/Jan/2018:15:32:51 +0000] "POST /api/v4/jobs/request HTTP/1.1" 204 0 "" "gitlab-ci-multi-runner 9.5.1 (9-5-stable; go1.8.3; linux/amd64)"
172.20.0.2 - - [21/Jan/2018:15:32:54 +0000] "POST /api/v4/jobs/request HTTP/1.1" 204 0 "" "gitlab-ci-multi-runner 9.5.1 (9-5-stable; go1.8.3; linux/amd64)"
172.20.0.2 - - [21/Jan/2018:15:32:57 +0000] "POST /api/v4/jobs/request HTTP/1.1" 204 0 "" "gitlab-ci-multi-runner 9.5.1 (9-5-stable; go1.8.3; linux/amd64)"
172.20.0.1 - - [21/Jan/2018:15:32:58 +0000] "GET /root/button/-/jobs/8.json HTTP/1.1" 304 0 "http://127.0.0.1:5000/root/button/-/jobs/8" "Mozilla/5.0 (Macintosh; Intel Mac OS X 10_12_5) AppleWebKit/537.36 (KHTML, like Gecko) Chrome/63.0.3239.132 Safari/537.36"
172.20.0.2 - - [21/Jan/2018:15:33:00 +0000] "POST /api/v4/jobs/request HTTP/1.1" 204 0 "" "gitlab-ci-multi-runner 9.5.1 (9-5-stable; go1.8.3; linux/amd64)"
172.20.0.2 - - [21/Jan/2018:15:33:03 +0000] "POST /api/v4/jobs/request HTTP/1.1" 204 0 "" "gitlab-ci-multi-runner 9.5.1 (9-5-stable; go1.8.3; linux/amd64)"
172.20.0.2 - - [21/Jan/2018:15:33:06 +0000] "POST /api/v4/jobs/request HTTP/1.1" 204 0 "" "gitlab-ci-multi-runner 9.5.1 (9-5-stable; go1.8.3; linux/amd64)"
172.20.0.1 - - [21/Jan/2018:15:33:08 +0000] "GET /root/button/-/jobs/8.json HTTP/1.1" 304 0 "http://127.0.0.1:5000/root/button/-/jobs/8" "Mozilla/5.0 (Macintosh; Intel Mac OS X 10_12_5) AppleWebKit/537.36 (KHTML, like Gecko) Chrome/63.0.3239.132 Safari/537.36"
172.20.0.2 - - [21/Jan/2018:15:33:09 +0000] "POST /api/v4/jobs/request HTTP/1.1" 204 0 "" "gitlab-ci-multi-runner 9.5.1 (9-5-stable; go1.8.3; linux/amd64)"
172.20.0.2 - - [21/Jan/2018:15:33:12 +0000] "POST /api/v4/jobs/request HTTP/1.1" 204 0 "" "gitlab-ci-multi-runner 9.5.1 (9-5-stable; go1.8.3; linux/amd64)"
172.20.0.2 - - [21/Jan/2018:15:33:15 +0000] "POST /api/v4/jobs/request HTTP/1.1" 204 0 "" "gitlab-ci-multi-runner 9.5.1 (9-5-stable; go1.8.3; linux/amd64)"
127.0.0.1 - - [21/Jan/2018:15:33:16 +0000] "GET /help HTTP/1.1" 200 29464 "" "curl/7.56.1"
172.20.0.2 - - [21/Jan/2018:15:33:18 +0000] "POST /api/v4/jobs/request HTTP/1.1" 204 0 "" "gitlab-ci-multi-runner 9.5.1 (9-5-stable; go1.8.3; linux/amd64)"
172.20.0.1 - - [21/Jan/2018:15:33:18 +0000] "GET /root/button/-/jobs/8.json HTTP/1.1" 304 0 "http://127.0.0.1:5000/root/button/-/jobs/8" "Mozilla/5.0 (Macintosh; Intel Mac OS X 10_12_5) AppleWebKit/537.36 (KHTML, like Gecko) Chrome/63.0.3239.132 Safari/537.36"
172.20.0.2 - - [21/Jan/2018:15:33:21 +0000] "POST /api/v4/jobs/request HTTP/1.1" 204 0 "" "gitlab-ci-multi-runner 9.5.1 (9-5-stable; go1.8.3; linux/amd64)"
172.20.0.2 - - [21/Jan/2018:15:33:24 +0000] "POST /api/v4/jobs/request HTTP/1.1" 204 0 "" "gitlab-ci-multi-runner 9.5.1 (9-5-stable; go1.8.3; linux/amd64)"
172.20.0.2 - - [21/Jan/2018:15:33:27 +0000] "POST /api/v4/jobs/request HTTP/1.1" 204 0 "" "gitlab-ci-multi-runner 9.5.1 (9-5-stable; go1.8.3; linux/amd64)"
172.20.0.1 - - [21/Jan/2018:15:33:28 +0000] "GET /root/button/-/jobs/8.json HTTP/1.1" 304 0 "http://127.0.0.1:5000/root/button/-/jobs/8" "Mozilla/5.0 (Macintosh; Intel Mac OS X 10_12_5) AppleWebKit/537.36 (KHTML, like Gecko) Chrome/63.0.3239.132 Safari/537.36"
172.20.0.2 - - [21/Jan/2018:15:33:30 +0000] "POST /api/v4/jobs/request HTTP/1.1" 204 0 "" "gitlab-ci-multi-runner 9.5.1 (9-5-stable; go1.8.3; linux/amd64)"
172.20.0.2 - - [21/Jan/2018:15:33:33 +0000] "POST /api/v4/jobs/request HTTP/1.1" 204 0 "" "gitlab-ci-multi-runner 9.5.1 (9-5-stable; go1.8.3; linux/amd64)"
172.20.0.2 - - [21/Jan/2018:15:33:36 +0000] "POST /api/v4/jobs/request HTTP/1.1" 204 0 "" "gitlab-ci-multi-runner 9.5.1 (9-5-stable; go1.8.3; linux/amd64)"
172.20.0.1 - - [21/Jan/2018:15:33:39 +0000] "GET /root/button/-/jobs/8.json HTTP/1.1" 304 0 "http://127.0.0.1:5000/root/button/-/jobs/8" "Mozilla/5.0 (Macintosh; Intel Mac OS X 10_12_5) AppleWebKit/537.36 (KHTML, like Gecko) Chrome/63.0.3239.132 Safari/537.36"
172.20.0.2 - - [21/Jan/2018:15:33:39 +0000] "POST /api/v4/jobs/request HTTP/1.1" 204 0 "" "gitlab-ci-multi-runner 9.5.1 (9-5-stable; go1.8.3; linux/amd64)"
172.20.0.1 - - [21/Jan/2018:15:33:40 +0000] "GET /root/button/-/jobs/8 HTTP/1.1" 200 9094 "http://127.0.0.1:5000/root/button/-/jobs/8" "Mozilla/5.0 (Macintosh; Intel Mac OS X 10_12_5) AppleWebKit/537.36 (KHTML, like Gecko) Chrome/63.0.3239.132 Safari/537.36"
172.20.0.1 - - [21/Jan/2018:15:33:40 +0000] "GET /assets/favicon-075eba76312e8421991a0c1f89a89ee81678bcde72319dd3e8047e2a47cd3a42.ico HTTP/1.1" 200 1384 "http://127.0.0.1:5000/root/button/-/jobs/8" "Mozilla/5.0 (Macintosh; Intel Mac OS X 10_12_5) AppleWebKit/537.36 (KHTML, like Gecko) Chrome/63.0.3239.132 Safari/537.36"
172.20.0.1 - - [21/Jan/2018:15:33:41 +0000] "GET /root/button/-/jobs/8/trace.json?state= HTTP/1.1" 304 0 "http://127.0.0.1:5000/root/button/-/jobs/8" "Mozilla/5.0 (Macintosh; Intel Mac OS X 10_12_5) AppleWebKit/537.36 (KHTML, like Gecko) Chrome/63.0.3239.132 Safari/537.36"
172.20.0.1 - - [21/Jan/2018:15:33:41 +0000] "GET /root/button/-/jobs/8/status.json HTTP/1.1" 304 0 "http://127.0.0.1:5000/root/button/-/jobs/8" "Mozilla/5.0 (Macintosh; Intel Mac OS X 10_12_5) AppleWebKit/537.36 (KHTML, like Gecko) Chrome/63.0.3239.132 Safari/537.36"
172.20.0.1 - - [21/Jan/2018:15:33:41 +0000] "GET /root/button/-/jobs/8.json HTTP/1.1" 304 0 "http://127.0.0.1:5000/root/button/-/jobs/8" "Mozilla/5.0 (Macintosh; Intel Mac OS X 10_12_5) AppleWebKit/537.36 (KHTML, like Gecko) Chrome/63.0.3239.132 Safari/537.36"
172.20.0.2 - - [21/Jan/2018:15:33:42 +0000] "POST /api/v4/jobs/request HTTP/1.1" 204 0 "" "gitlab-ci-multi-runner 9.5.1 (9-5-stable; go1.8.3; linux/amd64)"
172.20.0.2 - - [21/Jan/2018:15:33:45 +0000] "POST /api/v4/jobs/request HTTP/1.1" 204 0 "" "gitlab-ci-multi-runner 9.5.1 (9-5-stable; go1.8.3; linux/amd64)"
172.20.0.1 - - [21/Jan/2018:15:33:45 +0000] "POST /root/button/-/jobs/8/retry HTTP/1.1" 302 108 "http://127.0.0.1:5000/root/button/-/jobs/8" "Mozilla/5.0 (Macintosh; Intel Mac OS X 10_12_5) AppleWebKit/537.36 (KHTML, like Gecko) Chrome/63.0.3239.132 Safari/537.36"
172.20.0.1 - - [21/Jan/2018:15:33:46 +0000] "GET /root/button/-/jobs/9 HTTP/1.1" 200 8913 "http://127.0.0.1:5000/root/button/-/jobs/8" "Mozilla/5.0 (Macintosh; Intel Mac OS X 10_12_5) AppleWebKit/537.36 (KHTML, like Gecko) Chrome/63.0.3239.132 Safari/537.36"
172.20.0.1 - - [21/Jan/2018:15:33:46 +0000] "GET /root/button/-/jobs/9/trace.json?state= HTTP/1.1" 200 75 "http://127.0.0.1:5000/root/button/-/jobs/9" "Mozilla/5.0 (Macintosh; Intel Mac OS X 10_12_5) AppleWebKit/537.36 (KHTML, like Gecko) Chrome/63.0.3239.132 Safari/537.36"
172.20.0.1 - - [21/Jan/2018:15:33:46 +0000] "GET /root/button/-/jobs/9/status.json HTTP/1.1" 200 236 "http://127.0.0.1:5000/root/button/-/jobs/9" "Mozilla/5.0 (Macintosh; Intel Mac OS X 10_12_5) AppleWebKit/537.36 (KHTML, like Gecko) Chrome/63.0.3239.132 Safari/537.36"
172.20.0.1 - - [21/Jan/2018:15:33:46 +0000] "GET /root/button/-/jobs/9.json HTTP/1.1" 200 982 "http://127.0.0.1:5000/root/button/-/jobs/9" "Mozilla/5.0 (Macintosh; Intel Mac OS X 10_12_5) AppleWebKit/537.36 (KHTML, like Gecko) Chrome/63.0.3239.132 Safari/537.36"
172.20.0.2 - - [21/Jan/2018:15:33:48 +0000] "POST /api/v4/jobs/request HTTP/1.1" 201 3281 "" "gitlab-ci-multi-runner 9.5.1 (9-5-stable; go1.8.3; linux/amd64)"
172.20.0.1 - - [21/Jan/2018:15:33:50 +0000] "GET /root/button/-/jobs/9/trace.json?state= HTTP/1.1" 200 75 "http://127.0.0.1:5000/root/button/-/jobs/9" "Mozilla/5.0 (Macintosh; Intel Mac OS X 10_12_5) AppleWebKit/537.36 (KHTML, like Gecko) Chrome/63.0.3239.132 Safari/537.36"
172.20.0.1 - - [21/Jan/2018:15:33:50 +0000] "GET /root/button/-/jobs/9/status.json HTTP/1.1" 200 236 "http://127.0.0.1:5000/root/button/-/jobs/9" "Mozilla/5.0 (Macintosh; Intel Mac OS X 10_12_5) AppleWebKit/537.36 (KHTML, like Gecko) Chrome/63.0.3239.132 Safari/537.36"
172.20.0.1 - - [21/Jan/2018:15:33:51 +0000] "GET /root/button/-/jobs/9 HTTP/1.1" 200 8915 "http://127.0.0.1:5000/root/button/-/jobs/9" "Mozilla/5.0 (Macintosh; Intel Mac OS X 10_12_5) AppleWebKit/537.36 (KHTML, like Gecko) Chrome/63.0.3239.132 Safari/537.36"
172.20.0.1 - - [21/Jan/2018:15:33:51 +0000] "GET /root/button/-/jobs/9/trace.json?state= HTTP/1.1" 304 0 "http://127.0.0.1:5000/root/button/-/jobs/9" "Mozilla/5.0 (Macintosh; Intel Mac OS X 10_12_5) AppleWebKit/537.36 (KHTML, like Gecko) Chrome/63.0.3239.132 Safari/537.36"
172.20.0.1 - - [21/Jan/2018:15:33:51 +0000] "GET /root/button/-/jobs/9/status.json HTTP/1.1" 304 0 "http://127.0.0.1:5000/root/button/-/jobs/9" "Mozilla/5.0 (Macintosh; Intel Mac OS X 10_12_5) AppleWebKit/537.36 (KHTML, like Gecko) Chrome/63.0.3239.132 Safari/537.36"
172.20.0.2 - - [21/Jan/2018:15:33:51 +0000] "PUT /api/v4/jobs/9 HTTP/1.1" 200 4 "" "gitlab-ci-multi-runner 9.5.1 (9-5-stable; go1.8.3; linux/amd64)"
172.20.0.1 - - [21/Jan/2018:15:33:51 +0000] "GET /root/button/-/jobs/9.json HTTP/1.1" 200 960 "http://127.0.0.1:5000/root/button/-/jobs/9" "Mozilla/5.0 (Macintosh; Intel Mac OS X 10_12_5) AppleWebKit/537.36 (KHTML, like Gecko) Chrome/63.0.3239.132 Safari/537.36"
172.20.0.2 - - [21/Jan/2018:15:33:51 +0000] "PATCH /api/v4/jobs/9/trace HTTP/1.1" 202 7 "" "gitlab-ci-multi-runner 9.5.1 (9-5-stable; go1.8.3; linux/amd64)"
172.20.0.2 - - [21/Jan/2018:15:33:54 +0000] "PATCH /api/v4/jobs/9/trace HTTP/1.1" 202 7 "" "gitlab-ci-multi-runner 9.5.1 (9-5-stable; go1.8.3; linux/amd64)"
172.20.0.1 - - [21/Jan/2018:15:33:55 +0000] "GET /root/button/-/jobs/9/trace.json?state= HTTP/1.1" 200 551 "http://127.0.0.1:5000/root/button/-/jobs/9" "Mozilla/5.0 (Macintosh; Intel Mac OS X 10_12_5) AppleWebKit/537.36 (KHTML, like Gecko) Chrome/63.0.3239.132 Safari/537.36"
172.20.0.1 - - [21/Jan/2018:15:33:55 +0000] "GET /root/button/-/jobs/9/status.json HTTP/1.1" 304 0 "http://127.0.0.1:5000/root/button/-/jobs/9" "Mozilla/5.0 (Macintosh; Intel Mac OS X 10_12_5) AppleWebKit/537.36 (KHTML, like Gecko) Chrome/63.0.3239.132 Safari/537.36"
172.20.0.2 - - [21/Jan/2018:15:33:56 +0000] "POST /api/v4/jobs/request HTTP/1.1" 204 0 "" "gitlab-ci-multi-runner 9.5.1 (9-5-stable; go1.8.3; linux/amd64)"
172.20.0.2 - - [21/Jan/2018:15:33:57 +0000] "PUT /api/v4/jobs/9 HTTP/1.1" 200 4 "" "gitlab-ci-multi-runner 9.5.1 (9-5-stable; go1.8.3; linux/amd64)"
172.20.0.2 - - [21/Jan/2018:15:33:57 +0000] "POST /api/v4/jobs/request HTTP/1.1" 204 0 "" "gitlab-ci-multi-runner 9.5.1 (9-5-stable; go1.8.3; linux/amd64)"
172.20.0.1 - - [21/Jan/2018:15:33:59 +0000] "GET /root/button/-/jobs/9/trace.json?state=eyJvZmZzZXQiOjk1OSwibl9vcGVuX3RhZ3MiOjAsImZnX2NvbG9yIjpudWxsLCJiZ19jb2xvciI6bnVsbCwic3R5bGVfbWFzayI6MH0%3D HTTP/1.1" 200 410 "http://127.0.0.1:5000/root/button/-/jobs/9" "Mozilla/5.0 (Macintosh; Intel Mac OS X 10_12_5) AppleWebKit/537.36 (KHTML, like Gecko) Chrome/63.0.3239.132 Safari/537.36"
172.20.0.2 - - [21/Jan/2018:15:33:59 +0000] "POST /api/v4/jobs/request HTTP/1.1" 204 0 "" "gitlab-ci-multi-runner 9.5.1 (9-5-stable; go1.8.3; linux/amd64)"
172.20.0.1 - - [21/Jan/2018:15:33:59 +0000] "GET /root/button/-/jobs/9/status.json HTTP/1.1" 200 234 "http://127.0.0.1:5000/root/button/-/jobs/9" "Mozilla/5.0 (Macintosh; Intel Mac OS X 10_12_5) AppleWebKit/537.36 (KHTML, like Gecko) Chrome/63.0.3239.132 Safari/537.36"
172.20.0.1 - - [21/Jan/2018:15:34:00 +0000] "GET /root/button/-/jobs/9 HTTP/1.1" 200 9111 "http://127.0.0.1:5000/root/button/-/jobs/9" "Mozilla/5.0 (Macintosh; Intel Mac OS X 10_12_5) AppleWebKit/537.36 (KHTML, like Gecko) Chrome/63.0.3239.132 Safari/537.36"
172.20.0.2 - - [21/Jan/2018:15:34:00 +0000] "POST /api/v4/jobs/request HTTP/1.1" 204 0 "" "gitlab-ci-multi-runner 9.5.1 (9-5-stable; go1.8.3; linux/amd64)"
172.20.0.1 - - [21/Jan/2018:15:34:00 +0000] "GET /root/button/-/jobs/9/trace.json?state= HTTP/1.1" 200 575 "http://127.0.0.1:5000/root/button/-/jobs/9" "Mozilla/5.0 (Macintosh; Intel Mac OS X 10_12_5) AppleWebKit/537.36 (KHTML, like Gecko) Chrome/63.0.3239.132 Safari/537.36"
172.20.0.1 - - [21/Jan/2018:15:34:00 +0000] "GET /root/button/-/jobs/9/status.json HTTP/1.1" 304 0 "http://127.0.0.1:5000/root/button/-/jobs/9" "Mozilla/5.0 (Macintosh; Intel Mac OS X 10_12_5) AppleWebKit/537.36 (KHTML, like Gecko) Chrome/63.0.3239.132 Safari/537.36"
172.20.0.1 - - [21/Jan/2018:15:34:00 +0000] "GET /root/button/-/jobs/9.json HTTP/1.1" 200 1060 "http://127.0.0.1:5000/root/button/-/jobs/9" "Mozilla/5.0 (Macintosh; Intel Mac OS X 10_12_5) AppleWebKit/537.36 (KHTML, like Gecko) Chrome/63.0.3239.132 Safari/537.36"
172.20.0.2 - - [21/Jan/2018:15:34:02 +0000] "POST /api/v4/jobs/request HTTP/1.1" 204 0 "" "gitlab-ci-multi-runner 9.5.1 (9-5-stable; go1.8.3; linux/amd64)"
172.20.0.2 - - [21/Jan/2018:15:34:03 +0000] "POST /api/v4/jobs/request HTTP/1.1" 204 0 "" "gitlab-ci-multi-runner 9.5.1 (9-5-stable; go1.8.3; linux/amd64)"
172.20.0.1 - - [21/Jan/2018:15:34:03 +0000] "POST /root/button/-/jobs/9/retry HTTP/1.1" 302 109 "http://127.0.0.1:5000/root/button/-/jobs/9" "Mozilla/5.0 (Macintosh; Intel Mac OS X 10_12_5) AppleWebKit/537.36 (KHTML, like Gecko) Chrome/63.0.3239.132 Safari/537.36"
172.20.0.1 - - [21/Jan/2018:15:34:04 +0000] "GET /root/button/-/jobs/10 HTTP/1.1" 200 8939 "http://127.0.0.1:5000/root/button/-/jobs/9" "Mozilla/5.0 (Macintosh; Intel Mac OS X 10_12_5) AppleWebKit/537.36 (KHTML, like Gecko) Chrome/63.0.3239.132 Safari/537.36"
172.20.0.1 - - [21/Jan/2018:15:34:04 +0000] "GET /root/button/-/jobs/10/trace.json?state= HTTP/1.1" 200 76 "http://127.0.0.1:5000/root/button/-/jobs/10" "Mozilla/5.0 (Macintosh; Intel Mac OS X 10_12_5) AppleWebKit/537.36 (KHTML, like Gecko) Chrome/63.0.3239.132 Safari/537.36"
172.20.0.1 - - [21/Jan/2018:15:34:04 +0000] "GET /root/button/-/jobs/10/status.json HTTP/1.1" 200 237 "http://127.0.0.1:5000/root/button/-/jobs/10" "Mozilla/5.0 (Macintosh; Intel Mac OS X 10_12_5) AppleWebKit/537.36 (KHTML, like Gecko) Chrome/63.0.3239.132 Safari/537.36"
172.20.0.1 - - [21/Jan/2018:15:34:04 +0000] "GET /root/button/-/jobs/10.json HTTP/1.1" 200 983 "http://127.0.0.1:5000/root/button/-/jobs/10" "Mozilla/5.0 (Macintosh; Intel Mac OS X 10_12_5) AppleWebKit/537.36 (KHTML, like Gecko) Chrome/63.0.3239.132 Safari/537.36"
172.20.0.2 - - [21/Jan/2018:15:34:05 +0000] "POST /api/v4/jobs/request HTTP/1.1" 201 3284 "" "gitlab-ci-multi-runner 9.5.1 (9-5-stable; go1.8.3; linux/amd64)"
172.20.0.2 - - [21/Jan/2018:15:34:06 +0000] "POST /api/v4/jobs/request HTTP/1.1" 204 0 "" "gitlab-ci-multi-runner 9.5.1 (9-5-stable; go1.8.3; linux/amd64)"
172.20.0.1 - - [21/Jan/2018:15:34:08 +0000] "GET /root/button/-/jobs/10/trace.json?state= HTTP/1.1" 200 76 "http://127.0.0.1:5000/root/button/-/jobs/10" "Mozilla/5.0 (Macintosh; Intel Mac OS X 10_12_5) AppleWebKit/537.36 (KHTML, like Gecko) Chrome/63.0.3239.132 Safari/537.36"
172.20.0.1 - - [21/Jan/2018:15:34:08 +0000] "GET /root/button/-/jobs/10/status.json HTTP/1.1" 200 238 "http://127.0.0.1:5000/root/button/-/jobs/10" "Mozilla/5.0 (Macintosh; Intel Mac OS X 10_12_5) AppleWebKit/537.36 (KHTML, like Gecko) Chrome/63.0.3239.132 Safari/537.36"
172.20.0.2 - - [21/Jan/2018:15:34:08 +0000] "PUT /api/v4/jobs/10 HTTP/1.1" 200 4 "" "gitlab-ci-multi-runner 9.5.1 (9-5-stable; go1.8.3; linux/amd64)"
172.20.0.2 - - [21/Jan/2018:15:34:08 +0000] "PATCH /api/v4/jobs/10/trace HTTP/1.1" 202 7 "" "gitlab-ci-multi-runner 9.5.1 (9-5-stable; go1.8.3; linux/amd64)"
172.20.0.1 - - [21/Jan/2018:15:34:09 +0000] "GET /root/button/-/jobs/10 HTTP/1.1" 200 8939 "http://127.0.0.1:5000/root/button/-/jobs/10" "Mozilla/5.0 (Macintosh; Intel Mac OS X 10_12_5) AppleWebKit/537.36 (KHTML, like Gecko) Chrome/63.0.3239.132 Safari/537.36"
172.20.0.1 - - [21/Jan/2018:15:34:09 +0000] "GET /root/button/-/jobs/10/trace.json?state= HTTP/1.1" 200 533 "http://127.0.0.1:5000/root/button/-/jobs/10" "Mozilla/5.0 (Macintosh; Intel Mac OS X 10_12_5) AppleWebKit/537.36 (KHTML, like Gecko) Chrome/63.0.3239.132 Safari/537.36"
172.20.0.1 - - [21/Jan/2018:15:34:09 +0000] "GET /root/button/-/jobs/10/status.json HTTP/1.1" 304 0 "http://127.0.0.1:5000/root/button/-/jobs/10" "Mozilla/5.0 (Macintosh; Intel Mac OS X 10_12_5) AppleWebKit/537.36 (KHTML, like Gecko) Chrome/63.0.3239.132 Safari/537.36"
172.20.0.2 - - [21/Jan/2018:15:34:09 +0000] "POST /api/v4/jobs/request HTTP/1.1" 204 0 "" "gitlab-ci-multi-runner 9.5.1 (9-5-stable; go1.8.3; linux/amd64)"
172.20.0.1 - - [21/Jan/2018:15:34:09 +0000] "GET /root/button/-/jobs/10.json HTTP/1.1" 200 963 "http://127.0.0.1:5000/root/button/-/jobs/10" "Mozilla/5.0 (Macintosh; Intel Mac OS X 10_12_5) AppleWebKit/537.36 (KHTML, like Gecko) Chrome/63.0.3239.132 Safari/537.36"
172.20.0.2 - - [21/Jan/2018:15:34:11 +0000] "PATCH /api/v4/jobs/10/trace HTTP/1.1" 202 7 "" "gitlab-ci-multi-runner 9.5.1 (9-5-stable; go1.8.3; linux/amd64)"
172.20.0.2 - - [21/Jan/2018:15:34:12 +0000] "POST /api/v4/jobs/request HTTP/1.1" 204 0 "" "gitlab-ci-multi-runner 9.5.1 (9-5-stable; go1.8.3; linux/amd64)"
172.20.0.1 - - [21/Jan/2018:15:34:13 +0000] "GET /root/button/-/jobs/10/trace.json?state=eyJvZmZzZXQiOjM4OSwibl9vcGVuX3RhZ3MiOjAsImZnX2NvbG9yIjpudWxsLCJiZ19jb2xvciI6bnVsbCwic3R5bGVfbWFzayI6MH0%3D HTTP/1.1" 200 484 "http://127.0.0.1:5000/root/button/-/jobs/10" "Mozilla/5.0 (Macintosh; Intel Mac OS X 10_12_5) AppleWebKit/537.36 (KHTML, like Gecko) Chrome/63.0.3239.132 Safari/537.36"
172.20.0.1 - - [21/Jan/2018:15:34:13 +0000] "GET /root/button/-/jobs/10/status.json HTTP/1.1" 304 0 "http://127.0.0.1:5000/root/button/-/jobs/10" "Mozilla/5.0 (Macintosh; Intel Mac OS X 10_12_5) AppleWebKit/537.36 (KHTML, like Gecko) Chrome/63.0.3239.132 Safari/537.36"
172.20.0.2 - - [21/Jan/2018:15:34:14 +0000] "PUT /api/v4/jobs/10 HTTP/1.1" 200 4 "" "gitlab-ci-multi-runner 9.5.1 (9-5-stable; go1.8.3; linux/amd64)"
172.20.0.2 - - [21/Jan/2018:15:34:14 +0000] "POST /api/v4/jobs/request HTTP/1.1" 204 0 "" "gitlab-ci-multi-runner 9.5.1 (9-5-stable; go1.8.3; linux/amd64)"
172.20.0.2 - - [21/Jan/2018:15:34:15 +0000] "POST /api/v4/jobs/request HTTP/1.1" 204 0 "" "gitlab-ci-multi-runner 9.5.1 (9-5-stable; go1.8.3; linux/amd64)"
127.0.0.1 - - [21/Jan/2018:15:34:16 +0000] "GET /help HTTP/1.1" 200 29464 "" "curl/7.56.1"
172.20.0.1 - - [21/Jan/2018:15:34:17 +0000] "GET /root/button/-/jobs/10/trace.json?state=eyJvZmZzZXQiOjk1OSwibl9vcGVuX3RhZ3MiOjAsImZnX2NvbG9yIjpudWxsLCJiZ19jb2xvciI6bnVsbCwic3R5bGVfbWFzayI6MH0%3D HTTP/1.1" 200 410 "http://127.0.0.1:5000/root/button/-/jobs/10" "Mozilla/5.0 (Macintosh; Intel Mac OS X 10_12_5) AppleWebKit/537.36 (KHTML, like Gecko) Chrome/63.0.3239.132 Safari/537.36"
172.20.0.1 - - [21/Jan/2018:15:34:17 +0000] "GET /root/button/-/jobs/10/status.json HTTP/1.1" 200 235 "http://127.0.0.1:5000/root/button/-/jobs/10" "Mozilla/5.0 (Macintosh; Intel Mac OS X 10_12_5) AppleWebKit/537.36 (KHTML, like Gecko) Chrome/63.0.3239.132 Safari/537.36"
172.20.0.1 - - [21/Jan/2018:15:34:17 +0000] "GET /root/button/-/jobs/10 HTTP/1.1" 200 9163 "http://127.0.0.1:5000/root/button/-/jobs/10" "Mozilla/5.0 (Macintosh; Intel Mac OS X 10_12_5) AppleWebKit/537.36 (KHTML, like Gecko) Chrome/63.0.3239.132 Safari/537.36"
172.20.0.2 - - [21/Jan/2018:15:34:17 +0000] "POST /api/v4/jobs/request HTTP/1.1" 204 0 "" "gitlab-ci-multi-runner 9.5.1 (9-5-stable; go1.8.3; linux/amd64)"
172.20.0.1 - - [21/Jan/2018:15:34:18 +0000] "GET /root/button/-/jobs/10/trace.json?state= HTTP/1.1" 200 576 "http://127.0.0.1:5000/root/button/-/jobs/10" "Mozilla/5.0 (Macintosh; Intel Mac OS X 10_12_5) AppleWebKit/537.36 (KHTML, like Gecko) Chrome/63.0.3239.132 Safari/537.36"
172.20.0.1 - - [21/Jan/2018:15:34:18 +0000] "GET /root/button/-/jobs/10/status.json HTTP/1.1" 304 0 "http://127.0.0.1:5000/root/button/-/jobs/10" "Mozilla/5.0 (Macintosh; Intel Mac OS X 10_12_5) AppleWebKit/537.36 (KHTML, like Gecko) Chrome/63.0.3239.132 Safari/537.36"
172.20.0.1 - - [21/Jan/2018:15:34:18 +0000] "GET /root/button/-/jobs/10.json HTTP/1.1" 200 1063 "http://127.0.0.1:5000/root/button/-/jobs/10" "Mozilla/5.0 (Macintosh; Intel Mac OS X 10_12_5) AppleWebKit/537.36 (KHTML, like Gecko) Chrome/63.0.3239.132 Safari/537.36"
172.20.0.2 - - [21/Jan/2018:15:34:18 +0000] "POST /api/v4/jobs/request HTTP/1.1" 204 0 "" "gitlab-ci-multi-runner 9.5.1 (9-5-stable; go1.8.3; linux/amd64)"
172.20.0.2 - - [21/Jan/2018:15:34:20 +0000] "POST /api/v4/jobs/request HTTP/1.1" 204 0 "" "gitlab-ci-multi-runner 9.5.1 (9-5-stable; go1.8.3; linux/amd64)"
172.20.0.2 - - [21/Jan/2018:15:34:21 +0000] "POST /api/v4/jobs/request HTTP/1.1" 204 0 "" "gitlab-ci-multi-runner 9.5.1 (9-5-stable; go1.8.3; linux/amd64)"
172.20.0.2 - - [21/Jan/2018:15:34:23 +0000] "POST /api/v4/jobs/request HTTP/1.1" 204 0 "" "gitlab-ci-multi-runner 9.5.1 (9-5-stable; go1.8.3; linux/amd64)"
172.20.0.2 - - [21/Jan/2018:15:34:24 +0000] "POST /api/v4/jobs/request HTTP/1.1" 204 0 "" "gitlab-ci-multi-runner 9.5.1 (9-5-stable; go1.8.3; linux/amd64)"
172.20.0.2 - - [21/Jan/2018:15:34:26 +0000] "POST /api/v4/jobs/request HTTP/1.1" 204 0 "" "gitlab-ci-multi-runner 9.5.1 (9-5-stable; go1.8.3; linux/amd64)"
172.20.0.2 - - [21/Jan/2018:15:34:27 +0000] "POST /api/v4/jobs/request HTTP/1.1" 204 0 "" "gitlab-ci-multi-runner 9.5.1 (9-5-stable; go1.8.3; linux/amd64)"
172.20.0.2 - - [21/Jan/2018:15:34:29 +0000] "POST /api/v4/jobs/request HTTP/1.1" 204 0 "" "gitlab-ci-multi-runner 9.5.1 (9-5-stable; go1.8.3; linux/amd64)"
172.20.0.2 - - [21/Jan/2018:15:34:30 +0000] "POST /api/v4/jobs/request HTTP/1.1" 204 0 "" "gitlab-ci-multi-runner 9.5.1 (9-5-stable; go1.8.3; linux/amd64)"
172.20.0.2 - - [21/Jan/2018:15:34:32 +0000] "POST /api/v4/jobs/request HTTP/1.1" 204 0 "" "gitlab-ci-multi-runner 9.5.1 (9-5-stable; go1.8.3; linux/amd64)"
172.20.0.2 - - [21/Jan/2018:15:34:33 +0000] "POST /api/v4/jobs/request HTTP/1.1" 204 0 "" "gitlab-ci-multi-runner 9.5.1 (9-5-stable; go1.8.3; linux/amd64)"
172.20.0.2 - - [21/Jan/2018:15:34:35 +0000] "POST /api/v4/jobs/request HTTP/1.1" 204 0 "" "gitlab-ci-multi-runner 9.5.1 (9-5-stable; go1.8.3; linux/amd64)"
172.20.0.2 - - [21/Jan/2018:15:34:36 +0000] "POST /api/v4/jobs/request HTTP/1.1" 204 0 "" "gitlab-ci-multi-runner 9.5.1 (9-5-stable; go1.8.3; linux/amd64)"
172.20.0.2 - - [21/Jan/2018:15:34:38 +0000] "POST /api/v4/jobs/request HTTP/1.1" 204 0 "" "gitlab-ci-multi-runner 9.5.1 (9-5-stable; go1.8.3; linux/amd64)"
172.20.0.2 - - [21/Jan/2018:15:34:39 +0000] "POST /api/v4/jobs/request HTTP/1.1" 204 0 "" "gitlab-ci-multi-runner 9.5.1 (9-5-stable; go1.8.3; linux/amd64)"
172.20.0.2 - - [21/Jan/2018:15:34:41 +0000] "POST /api/v4/jobs/request HTTP/1.1" 204 0 "" "gitlab-ci-multi-runner 9.5.1 (9-5-stable; go1.8.3; linux/amd64)"
172.20.0.2 - - [21/Jan/2018:15:34:42 +0000] "POST /api/v4/jobs/request HTTP/1.1" 204 0 "" "gitlab-ci-multi-runner 9.5.1 (9-5-stable; go1.8.3; linux/amd64)"
172.20.0.2 - - [21/Jan/2018:15:34:44 +0000] "POST /api/v4/jobs/request HTTP/1.1" 204 0 "" "gitlab-ci-multi-runner 9.5.1 (9-5-stable; go1.8.3; linux/amd64)"
172.20.0.2 - - [21/Jan/2018:15:34:45 +0000] "POST /api/v4/jobs/request HTTP/1.1" 204 0 "" "gitlab-ci-multi-runner 9.5.1 (9-5-stable; go1.8.3; linux/amd64)"
172.20.0.2 - - [21/Jan/2018:15:34:47 +0000] "POST /api/v4/jobs/request HTTP/1.1" 204 0 "" "gitlab-ci-multi-runner 9.5.1 (9-5-stable; go1.8.3; linux/amd64)"
172.20.0.2 - - [21/Jan/2018:15:34:48 +0000] "POST /api/v4/jobs/request HTTP/1.1" 204 0 "" "gitlab-ci-multi-runner 9.5.1 (9-5-stable; go1.8.3; linux/amd64)"
172.20.0.2 - - [21/Jan/2018:15:34:50 +0000] "POST /api/v4/jobs/request HTTP/1.1" 204 0 "" "gitlab-ci-multi-runner 9.5.1 (9-5-stable; go1.8.3; linux/amd64)"
172.20.0.2 - - [21/Jan/2018:15:34:51 +0000] "POST /api/v4/jobs/request HTTP/1.1" 204 0 "" "gitlab-ci-multi-runner 9.5.1 (9-5-stable; go1.8.3; linux/amd64)"
172.20.0.2 - - [21/Jan/2018:15:34:53 +0000] "POST /api/v4/jobs/request HTTP/1.1" 204 0 "" "gitlab-ci-multi-runner 9.5.1 (9-5-stable; go1.8.3; linux/amd64)"
172.20.0.2 - - [21/Jan/2018:15:34:54 +0000] "POST /api/v4/jobs/request HTTP/1.1" 204 0 "" "gitlab-ci-multi-runner 9.5.1 (9-5-stable; go1.8.3; linux/amd64)"
172.20.0.2 - - [21/Jan/2018:15:34:56 +0000] "POST /api/v4/jobs/request HTTP/1.1" 204 0 "" "gitlab-ci-multi-runner 9.5.1 (9-5-stable; go1.8.3; linux/amd64)"
172.20.0.2 - - [21/Jan/2018:15:34:57 +0000] "POST /api/v4/jobs/request HTTP/1.1" 204 0 "" "gitlab-ci-multi-runner 9.5.1 (9-5-stable; go1.8.3; linux/amd64)"
172.20.0.2 - - [21/Jan/2018:15:34:59 +0000] "POST /api/v4/jobs/request HTTP/1.1" 204 0 "" "gitlab-ci-multi-runner 9.5.1 (9-5-stable; go1.8.3; linux/amd64)"
172.20.0.2 - - [21/Jan/2018:15:35:00 +0000] "POST /api/v4/jobs/request HTTP/1.1" 204 0 "" "gitlab-ci-multi-runner 9.5.1 (9-5-stable; go1.8.3; linux/amd64)"
172.20.0.2 - - [21/Jan/2018:15:35:02 +0000] "POST /api/v4/jobs/request HTTP/1.1" 204 0 "" "gitlab-ci-multi-runner 9.5.1 (9-5-stable; go1.8.3; linux/amd64)"
172.20.0.2 - - [21/Jan/2018:15:35:03 +0000] "POST /api/v4/jobs/request HTTP/1.1" 204 0 "" "gitlab-ci-multi-runner 9.5.1 (9-5-stable; go1.8.3; linux/amd64)"
172.20.0.2 - - [21/Jan/2018:15:35:05 +0000] "POST /api/v4/jobs/request HTTP/1.1" 204 0 "" "gitlab-ci-multi-runner 9.5.1 (9-5-stable; go1.8.3; linux/amd64)"
172.20.0.2 - - [21/Jan/2018:15:35:06 +0000] "POST /api/v4/jobs/request HTTP/1.1" 204 0 "" "gitlab-ci-multi-runner 9.5.1 (9-5-stable; go1.8.3; linux/amd64)"
172.20.0.2 - - [21/Jan/2018:15:35:08 +0000] "POST /api/v4/jobs/request HTTP/1.1" 204 0 "" "gitlab-ci-multi-runner 9.5.1 (9-5-stable; go1.8.3; linux/amd64)"
172.20.0.2 - - [21/Jan/2018:15:35:09 +0000] "POST /api/v4/jobs/request HTTP/1.1" 204 0 "" "gitlab-ci-multi-runner 9.5.1 (9-5-stable; go1.8.3; linux/amd64)"
172.20.0.2 - - [21/Jan/2018:15:35:11 +0000] "POST /api/v4/jobs/request HTTP/1.1" 204 0 "" "gitlab-ci-multi-runner 9.5.1 (9-5-stable; go1.8.3; linux/amd64)"
172.20.0.2 - - [21/Jan/2018:15:35:12 +0000] "POST /api/v4/jobs/request HTTP/1.1" 204 0 "" "gitlab-ci-multi-runner 9.5.1 (9-5-stable; go1.8.3; linux/amd64)"
172.20.0.2 - - [21/Jan/2018:15:35:14 +0000] "POST /api/v4/jobs/request HTTP/1.1" 204 0 "" "gitlab-ci-multi-runner 9.5.1 (9-5-stable; go1.8.3; linux/amd64)"
172.20.0.2 - - [21/Jan/2018:15:35:15 +0000] "POST /api/v4/jobs/request HTTP/1.1" 204 0 "" "gitlab-ci-multi-runner 9.5.1 (9-5-stable; go1.8.3; linux/amd64)"
127.0.0.1 - - [21/Jan/2018:15:35:16 +0000] "GET /help HTTP/1.1" 200 29464 "" "curl/7.56.1"
172.20.0.2 - - [21/Jan/2018:15:35:17 +0000] "POST /api/v4/jobs/request HTTP/1.1" 204 0 "" "gitlab-ci-multi-runner 9.5.1 (9-5-stable; go1.8.3; linux/amd64)"
172.20.0.2 - - [21/Jan/2018:15:35:18 +0000] "POST /api/v4/jobs/request HTTP/1.1" 204 0 "" "gitlab-ci-multi-runner 9.5.1 (9-5-stable; go1.8.3; linux/amd64)"
172.20.0.2 - - [21/Jan/2018:15:35:20 +0000] "POST /api/v4/jobs/request HTTP/1.1" 204 0 "" "gitlab-ci-multi-runner 9.5.1 (9-5-stable; go1.8.3; linux/amd64)"
172.20.0.2 - - [21/Jan/2018:15:35:21 +0000] "POST /api/v4/jobs/request HTTP/1.1" 204 0 "" "gitlab-ci-multi-runner 9.5.1 (9-5-stable; go1.8.3; linux/amd64)"
172.20.0.2 - - [21/Jan/2018:15:35:23 +0000] "POST /api/v4/jobs/request HTTP/1.1" 204 0 "" "gitlab-ci-multi-runner 9.5.1 (9-5-stable; go1.8.3; linux/amd64)"
172.20.0.2 - - [21/Jan/2018:15:35:24 +0000] "POST /api/v4/jobs/request HTTP/1.1" 204 0 "" "gitlab-ci-multi-runner 9.5.1 (9-5-stable; go1.8.3; linux/amd64)"
172.20.0.2 - - [21/Jan/2018:15:35:26 +0000] "POST /api/v4/jobs/request HTTP/1.1" 204 0 "" "gitlab-ci-multi-runner 9.5.1 (9-5-stable; go1.8.3; linux/amd64)"
172.20.0.2 - - [21/Jan/2018:15:35:27 +0000] "POST /api/v4/jobs/request HTTP/1.1" 204 0 "" "gitlab-ci-multi-runner 9.5.1 (9-5-stable; go1.8.3; linux/amd64)"
172.20.0.2 - - [21/Jan/2018:15:35:29 +0000] "POST /api/v4/jobs/request HTTP/1.1" 204 0 "" "gitlab-ci-multi-runner 9.5.1 (9-5-stable; go1.8.3; linux/amd64)"
172.20.0.2 - - [21/Jan/2018:15:35:30 +0000] "POST /api/v4/jobs/request HTTP/1.1" 204 0 "" "gitlab-ci-multi-runner 9.5.1 (9-5-stable; go1.8.3; linux/amd64)"
172.20.0.2 - - [21/Jan/2018:15:35:32 +0000] "POST /api/v4/jobs/request HTTP/1.1" 204 0 "" "gitlab-ci-multi-runner 9.5.1 (9-5-stable; go1.8.3; linux/amd64)"
172.20.0.2 - - [21/Jan/2018:15:35:33 +0000] "POST /api/v4/jobs/request HTTP/1.1" 204 0 "" "gitlab-ci-multi-runner 9.5.1 (9-5-stable; go1.8.3; linux/amd64)"
172.20.0.2 - - [21/Jan/2018:15:35:35 +0000] "POST /api/v4/jobs/request HTTP/1.1" 204 0 "" "gitlab-ci-multi-runner 9.5.1 (9-5-stable; go1.8.3; linux/amd64)"
172.20.0.2 - - [21/Jan/2018:15:35:36 +0000] "POST /api/v4/jobs/request HTTP/1.1" 204 0 "" "gitlab-ci-multi-runner 9.5.1 (9-5-stable; go1.8.3; linux/amd64)"
172.20.0.2 - - [21/Jan/2018:15:35:38 +0000] "POST /api/v4/jobs/request HTTP/1.1" 204 0 "" "gitlab-ci-multi-runner 9.5.1 (9-5-stable; go1.8.3; linux/amd64)"
172.20.0.2 - - [21/Jan/2018:15:35:39 +0000] "POST /api/v4/jobs/request HTTP/1.1" 204 0 "" "gitlab-ci-multi-runner 9.5.1 (9-5-stable; go1.8.3; linux/amd64)"
172.20.0.2 - - [21/Jan/2018:15:35:41 +0000] "POST /api/v4/jobs/request HTTP/1.1" 204 0 "" "gitlab-ci-multi-runner 9.5.1 (9-5-stable; go1.8.3; linux/amd64)"
172.20.0.2 - - [21/Jan/2018:15:35:42 +0000] "POST /api/v4/jobs/request HTTP/1.1" 204 0 "" "gitlab-ci-multi-runner 9.5.1 (9-5-stable; go1.8.3; linux/amd64)"
172.20.0.2 - - [21/Jan/2018:15:35:44 +0000] "POST /api/v4/jobs/request HTTP/1.1" 204 0 "" "gitlab-ci-multi-runner 9.5.1 (9-5-stable; go1.8.3; linux/amd64)"
172.20.0.2 - - [21/Jan/2018:15:35:45 +0000] "POST /api/v4/jobs/request HTTP/1.1" 204 0 "" "gitlab-ci-multi-runner 9.5.1 (9-5-stable; go1.8.3; linux/amd64)"
172.20.0.2 - - [21/Jan/2018:15:35:47 +0000] "POST /api/v4/jobs/request HTTP/1.1" 204 0 "" "gitlab-ci-multi-runner 9.5.1 (9-5-stable; go1.8.3; linux/amd64)"
172.20.0.2 - - [21/Jan/2018:15:35:48 +0000] "POST /api/v4/jobs/request HTTP/1.1" 204 0 "" "gitlab-ci-multi-runner 9.5.1 (9-5-stable; go1.8.3; linux/amd64)"
172.20.0.2 - - [21/Jan/2018:15:35:50 +0000] "POST /api/v4/jobs/request HTTP/1.1" 204 0 "" "gitlab-ci-multi-runner 9.5.1 (9-5-stable; go1.8.3; linux/amd64)"
172.20.0.2 - - [21/Jan/2018:15:35:51 +0000] "POST /api/v4/jobs/request HTTP/1.1" 204 0 "" "gitlab-ci-multi-runner 9.5.1 (9-5-stable; go1.8.3; linux/amd64)"
172.20.0.2 - - [21/Jan/2018:15:35:53 +0000] "POST /api/v4/jobs/request HTTP/1.1" 204 0 "" "gitlab-ci-multi-runner 9.5.1 (9-5-stable; go1.8.3; linux/amd64)"
172.20.0.2 - - [21/Jan/2018:15:35:54 +0000] "POST /api/v4/jobs/request HTTP/1.1" 204 0 "" "gitlab-ci-multi-runner 9.5.1 (9-5-stable; go1.8.3; linux/amd64)"
172.20.0.2 - - [21/Jan/2018:15:35:56 +0000] "POST /api/v4/jobs/request HTTP/1.1" 204 0 "" "gitlab-ci-multi-runner 9.5.1 (9-5-stable; go1.8.3; linux/amd64)"
172.20.0.2 - - [21/Jan/2018:15:35:57 +0000] "POST /api/v4/jobs/request HTTP/1.1" 204 0 "" "gitlab-ci-multi-runner 9.5.1 (9-5-stable; go1.8.3; linux/amd64)"
172.20.0.2 - - [21/Jan/2018:15:35:59 +0000] "POST /api/v4/jobs/request HTTP/1.1" 204 0 "" "gitlab-ci-multi-runner 9.5.1 (9-5-stable; go1.8.3; linux/amd64)"
172.20.0.2 - - [21/Jan/2018:15:36:00 +0000] "POST /api/v4/jobs/request HTTP/1.1" 204 0 "" "gitlab-ci-multi-runner 9.5.1 (9-5-stable; go1.8.3; linux/amd64)"
172.20.0.2 - - [21/Jan/2018:15:36:02 +0000] "POST /api/v4/jobs/request HTTP/1.1" 204 0 "" "gitlab-ci-multi-runner 9.5.1 (9-5-stable; go1.8.3; linux/amd64)"
172.20.0.2 - - [21/Jan/2018:15:36:03 +0000] "POST /api/v4/jobs/request HTTP/1.1" 204 0 "" "gitlab-ci-multi-runner 9.5.1 (9-5-stable; go1.8.3; linux/amd64)"
172.20.0.2 - - [21/Jan/2018:15:36:06 +0000] "POST /api/v4/jobs/request HTTP/1.1" 204 0 "" "gitlab-ci-multi-runner 9.5.1 (9-5-stable; go1.8.3; linux/amd64)"
172.20.0.2 - - [21/Jan/2018:15:36:09 +0000] "POST /api/v4/jobs/request HTTP/1.1" 204 0 "" "gitlab-ci-multi-runner 9.5.1 (9-5-stable; go1.8.3; linux/amd64)"
172.20.0.2 - - [21/Jan/2018:15:36:12 +0000] "POST /api/v4/jobs/request HTTP/1.1" 204 0 "" "gitlab-ci-multi-runner 9.5.1 (9-5-stable; go1.8.3; linux/amd64)"
172.20.0.2 - - [21/Jan/2018:15:36:15 +0000] "POST /api/v4/jobs/request HTTP/1.1" 204 0 "" "gitlab-ci-multi-runner 9.5.1 (9-5-stable; go1.8.3; linux/amd64)"
127.0.0.1 - - [21/Jan/2018:15:36:17 +0000] "GET /help HTTP/1.1" 200 29464 "" "curl/7.56.1"
172.20.0.2 - - [21/Jan/2018:15:36:18 +0000] "POST /api/v4/jobs/request HTTP/1.1" 204 0 "" "gitlab-ci-multi-runner 9.5.1 (9-5-stable; go1.8.3; linux/amd64)"
172.20.0.2 - - [21/Jan/2018:15:36:21 +0000] "POST /api/v4/jobs/request HTTP/1.1" 204 0 "" "gitlab-ci-multi-runner 9.5.1 (9-5-stable; go1.8.3; linux/amd64)"
172.20.0.2 - - [21/Jan/2018:15:36:23 +0000] "GET / HTTP/1.1" 302 105 "" "curl/7.29.0"
172.20.0.2 - - [21/Jan/2018:15:36:24 +0000] "POST /api/v4/jobs/request HTTP/1.1" 204 0 "" "gitlab-ci-multi-runner 9.5.1 (9-5-stable; go1.8.3; linux/amd64)"
172.20.0.2 - - [21/Jan/2018:15:36:27 +0000] "POST /api/v4/jobs/request HTTP/1.1" 204 0 "" "gitlab-ci-multi-runner 9.5.1 (9-5-stable; go1.8.3; linux/amd64)"
172.20.0.2 - - [21/Jan/2018:15:36:30 +0000] "POST /api/v4/jobs/request HTTP/1.1" 204 0 "" "gitlab-ci-multi-runner 9.5.1 (9-5-stable; go1.8.3; linux/amd64)"
172.20.0.2 - - [21/Jan/2018:15:36:33 +0000] "POST /api/v4/jobs/request HTTP/1.1" 204 0 "" "gitlab-ci-multi-runner 9.5.1 (9-5-stable; go1.8.3; linux/amd64)"
172.20.0.2 - - [21/Jan/2018:15:36:36 +0000] "POST /api/v4/jobs/request HTTP/1.1" 204 0 "" "gitlab-ci-multi-runner 9.5.1 (9-5-stable; go1.8.3; linux/amd64)"
172.20.0.2 - - [21/Jan/2018:15:36:39 +0000] "POST /api/v4/jobs/request HTTP/1.1" 204 0 "" "gitlab-ci-multi-runner 9.5.1 (9-5-stable; go1.8.3; linux/amd64)"
172.20.0.2 - - [21/Jan/2018:15:36:42 +0000] "POST /api/v4/jobs/request HTTP/1.1" 204 0 "" "gitlab-ci-multi-runner 9.5.1 (9-5-stable; go1.8.3; linux/amd64)"
172.20.0.2 - - [21/Jan/2018:15:36:45 +0000] "POST /api/v4/jobs/request HTTP/1.1" 204 0 "" "gitlab-ci-multi-runner 9.5.1 (9-5-stable; go1.8.3; linux/amd64)"
172.20.0.2 - - [21/Jan/2018:15:36:48 +0000] "POST /api/v4/jobs/request HTTP/1.1" 204 0 "" "gitlab-ci-multi-runner 9.5.1 (9-5-stable; go1.8.3; linux/amd64)"
172.20.0.2 - - [21/Jan/2018:15:36:51 +0000] "POST /api/v4/jobs/request HTTP/1.1" 204 0 "" "gitlab-ci-multi-runner 9.5.1 (9-5-stable; go1.8.3; linux/amd64)"
172.20.0.2 - - [21/Jan/2018:15:36:54 +0000] "POST /api/v4/jobs/request HTTP/1.1" 204 0 "" "gitlab-ci-multi-runner 9.5.1 (9-5-stable; go1.8.3; linux/amd64)"
172.20.0.2 - - [21/Jan/2018:15:36:57 +0000] "POST /api/v4/jobs/request HTTP/1.1" 204 0 "" "gitlab-ci-multi-runner 9.5.1 (9-5-stable; go1.8.3; linux/amd64)"
172.20.0.2 - - [21/Jan/2018:15:37:00 +0000] "POST /api/v4/jobs/request HTTP/1.1" 204 0 "" "gitlab-ci-multi-runner 9.5.1 (9-5-stable; go1.8.3; linux/amd64)"
172.20.0.2 - - [21/Jan/2018:15:37:03 +0000] "POST /api/v4/jobs/request HTTP/1.1" 204 0 "" "gitlab-ci-multi-runner 9.5.1 (9-5-stable; go1.8.3; linux/amd64)"
172.20.0.2 - - [21/Jan/2018:15:37:06 +0000] "POST /api/v4/jobs/request HTTP/1.1" 204 0 "" "gitlab-ci-multi-runner 9.5.1 (9-5-stable; go1.8.3; linux/amd64)"
172.20.0.2 - - [21/Jan/2018:15:37:09 +0000] "POST /api/v4/jobs/request HTTP/1.1" 204 0 "" "gitlab-ci-multi-runner 9.5.1 (9-5-stable; go1.8.3; linux/amd64)"
172.20.0.2 - - [21/Jan/2018:15:37:12 +0000] "POST /api/v4/jobs/request HTTP/1.1" 204 0 "" "gitlab-ci-multi-runner 9.5.1 (9-5-stable; go1.8.3; linux/amd64)"
172.20.0.2 - - [21/Jan/2018:15:37:15 +0000] "POST /api/v4/jobs/request HTTP/1.1" 204 0 "" "gitlab-ci-multi-runner 9.5.1 (9-5-stable; go1.8.3; linux/amd64)"
127.0.0.1 - - [21/Jan/2018:15:37:17 +0000] "GET /help HTTP/1.1" 200 29433 "" "curl/7.56.1"
172.20.0.2 - - [21/Jan/2018:15:37:18 +0000] "POST /api/v4/jobs/request HTTP/1.1" 204 0 "" "gitlab-ci-multi-runner 9.5.1 (9-5-stable; go1.8.3; linux/amd64)"
172.20.0.2 - - [21/Jan/2018:15:37:21 +0000] "POST /api/v4/jobs/request HTTP/1.1" 204 0 "" "gitlab-ci-multi-runner 9.5.1 (9-5-stable; go1.8.3; linux/amd64)"
172.20.0.2 - - [21/Jan/2018:15:37:24 +0000] "POST /api/v4/jobs/request HTTP/1.1" 204 0 "" "gitlab-ci-multi-runner 9.5.1 (9-5-stable; go1.8.3; linux/amd64)"
172.20.0.2 - - [21/Jan/2018:15:37:27 +0000] "POST /api/v4/jobs/request HTTP/1.1" 204 0 "" "gitlab-ci-multi-runner 9.5.1 (9-5-stable; go1.8.3; linux/amd64)"
172.20.0.2 - - [21/Jan/2018:15:37:30 +0000] "POST /api/v4/jobs/request HTTP/1.1" 204 0 "" "gitlab-ci-multi-runner 9.5.1 (9-5-stable; go1.8.3; linux/amd64)"
172.20.0.2 - - [21/Jan/2018:15:37:33 +0000] "POST /api/v4/jobs/request HTTP/1.1" 204 0 "" "gitlab-ci-multi-runner 9.5.1 (9-5-stable; go1.8.3; linux/amd64)"
172.20.0.2 - - [21/Jan/2018:15:37:36 +0000] "POST /api/v4/jobs/request HTTP/1.1" 204 0 "" "gitlab-ci-multi-runner 9.5.1 (9-5-stable; go1.8.3; linux/amd64)"
172.20.0.2 - - [21/Jan/2018:15:37:39 +0000] "POST /api/v4/jobs/request HTTP/1.1" 204 0 "" "gitlab-ci-multi-runner 9.5.1 (9-5-stable; go1.8.3; linux/amd64)"
172.20.0.2 - - [21/Jan/2018:15:37:42 +0000] "POST /api/v4/jobs/request HTTP/1.1" 204 0 "" "gitlab-ci-multi-runner 9.5.1 (9-5-stable; go1.8.3; linux/amd64)"
172.20.0.2 - - [21/Jan/2018:15:37:45 +0000] "POST /api/v4/jobs/request HTTP/1.1" 204 0 "" "gitlab-ci-multi-runner 9.5.1 (9-5-stable; go1.8.3; linux/amd64)"
172.20.0.2 - - [21/Jan/2018:15:37:48 +0000] "POST /api/v4/jobs/request HTTP/1.1" 204 0 "" "gitlab-ci-multi-runner 9.5.1 (9-5-stable; go1.8.3; linux/amd64)"
172.20.0.2 - - [21/Jan/2018:15:37:51 +0000] "POST /api/v4/jobs/request HTTP/1.1" 204 0 "" "gitlab-ci-multi-runner 9.5.1 (9-5-stable; go1.8.3; linux/amd64)"
172.20.0.2 - - [21/Jan/2018:15:37:54 +0000] "POST /api/v4/jobs/request HTTP/1.1" 204 0 "" "gitlab-ci-multi-runner 9.5.1 (9-5-stable; go1.8.3; linux/amd64)"
172.20.0.2 - - [21/Jan/2018:15:37:57 +0000] "POST /api/v4/jobs/request HTTP/1.1" 204 0 "" "gitlab-ci-multi-runner 9.5.1 (9-5-stable; go1.8.3; linux/amd64)"
172.20.0.2 - - [21/Jan/2018:15:38:00 +0000] "POST /api/v4/jobs/request HTTP/1.1" 204 0 "" "gitlab-ci-multi-runner 9.5.1 (9-5-stable; go1.8.3; linux/amd64)"
172.20.0.2 - - [21/Jan/2018:15:38:03 +0000] "POST /api/v4/jobs/request HTTP/1.1" 204 0 "" "gitlab-ci-multi-runner 9.5.1 (9-5-stable; go1.8.3; linux/amd64)"
172.20.0.2 - - [21/Jan/2018:15:38:06 +0000] "POST /api/v4/jobs/request HTTP/1.1" 204 0 "" "gitlab-ci-multi-runner 9.5.1 (9-5-stable; go1.8.3; linux/amd64)"
172.20.0.2 - - [21/Jan/2018:15:38:09 +0000] "POST /api/v4/jobs/request HTTP/1.1" 204 0 "" "gitlab-ci-multi-runner 9.5.1 (9-5-stable; go1.8.3; linux/amd64)"
172.20.0.2 - - [21/Jan/2018:15:38:12 +0000] "POST /api/v4/jobs/request HTTP/1.1" 204 0 "" "gitlab-ci-multi-runner 9.5.1 (9-5-stable; go1.8.3; linux/amd64)"
172.20.0.2 - - [21/Jan/2018:15:38:15 +0000] "POST /api/v4/jobs/request HTTP/1.1" 204 0 "" "gitlab-ci-multi-runner 9.5.1 (9-5-stable; go1.8.3; linux/amd64)"
127.0.0.1 - - [21/Jan/2018:15:38:17 +0000] "GET /help HTTP/1.1" 200 29433 "" "curl/7.56.1"
172.20.0.2 - - [21/Jan/2018:15:38:18 +0000] "POST /api/v4/jobs/request HTTP/1.1" 204 0 "" "gitlab-ci-multi-runner 9.5.1 (9-5-stable; go1.8.3; linux/amd64)"
172.20.0.2 - - [21/Jan/2018:15:38:21 +0000] "POST /api/v4/jobs/request HTTP/1.1" 204 0 "" "gitlab-ci-multi-runner 9.5.1 (9-5-stable; go1.8.3; linux/amd64)"
172.20.0.2 - - [21/Jan/2018:15:38:24 +0000] "POST /api/v4/jobs/request HTTP/1.1" 204 0 "" "gitlab-ci-multi-runner 9.5.1 (9-5-stable; go1.8.3; linux/amd64)"
172.20.0.2 - - [21/Jan/2018:15:38:27 +0000] "POST /api/v4/jobs/request HTTP/1.1" 204 0 "" "gitlab-ci-multi-runner 9.5.1 (9-5-stable; go1.8.3; linux/amd64)"
172.20.0.2 - - [21/Jan/2018:15:38:30 +0000] "POST /api/v4/jobs/request HTTP/1.1" 204 0 "" "gitlab-ci-multi-runner 9.5.1 (9-5-stable; go1.8.3; linux/amd64)"
127.0.0.1 - - [21/Jan/2018:15:39:17 +0000] "GET /help HTTP/1.1" 200 29433 "" "curl/7.56.1"
127.0.0.1 - - [21/Jan/2018:15:40:17 +0000] "GET /help HTTP/1.1" 200 29463 "" "curl/7.56.1"
172.20.0.2 - - [21/Jan/2018:15:40:53 +0000] "POST /api/v4/runners HTTP/1.1" 201 49 "" "gitlab-ci-multi-runner 9.5.1 (9-5-stable; go1.8.3; linux/amd64)"
127.0.0.1 - - [21/Jan/2018:15:41:17 +0000] "GET /help HTTP/1.1" 200 29464 "" "curl/7.56.1"
172.20.0.2 - - [21/Jan/2018:15:41:25 +0000] "POST /api/v4/jobs/request HTTP/1.1" 204 0 "" "gitlab-ci-multi-runner 9.5.1 (9-5-stable; go1.8.3; linux/amd64)"
172.20.0.1 - - [21/Jan/2018:15:41:27 +0000] "GET /root/button/-/jobs/10.json HTTP/1.1" 304 0 "http://127.0.0.1:5000/root/button/-/jobs/10" "Mozilla/5.0 (Macintosh; Intel Mac OS X 10_12_5) AppleWebKit/537.36 (KHTML, like Gecko) Chrome/63.0.3239.132 Safari/537.36"
172.20.0.2 - - [21/Jan/2018:15:41:28 +0000] "POST /api/v4/jobs/request HTTP/1.1" 204 0 "" "gitlab-ci-multi-runner 9.5.1 (9-5-stable; go1.8.3; linux/amd64)"
