172.20.0.1 - - [21/Jan/2018:15:13:46 +0000] "GET /root/button/new/master HTTP/1.1" 200 11410 "http://127.0.0.1:5000/root/button/tree/master" "Mozilla/5.0 (Macintosh; Intel Mac OS X 10_12_5) AppleWebKit/537.36 (KHTML, like Gecko) Chrome/63.0.3239.132 Safari/537.36"
172.20.0.4 - - [21/Jan/2018:15:13:47 +0000] "POST /api/v4/jobs/request HTTP/1.1" 204 0 "" "gitlab-ci-multi-runner 9.5.1 (9-5-stable; go1.8.3; linux/amd64)"
172.20.0.4 - - [21/Jan/2018:15:13:50 +0000] "POST /api/v4/jobs/request HTTP/1.1" 204 0 "" "gitlab-ci-multi-runner 9.5.1 (9-5-stable; go1.8.3; linux/amd64)"
172.20.0.4 - - [21/Jan/2018:15:13:53 +0000] "POST /api/v4/jobs/request HTTP/1.1" 204 0 "" "gitlab-ci-multi-runner 9.5.1 (9-5-stable; go1.8.3; linux/amd64)"
127.0.0.1 - - [21/Jan/2018:15:13:54 +0000] "GET /help HTTP/1.1" 200 29433 "" "curl/7.56.1"
172.20.0.4 - - [21/Jan/2018:15:13:56 +0000] "POST /api/v4/jobs/request HTTP/1.1" 204 0 "" "gitlab-ci-multi-runner 9.5.1 (9-5-stable; go1.8.3; linux/amd64)"
172.20.0.4 - - [21/Jan/2018:15:13:59 +0000] "POST /api/v4/jobs/request HTTP/1.1" 204 0 "" "gitlab-ci-multi-runner 9.5.1 (9-5-stable; go1.8.3; linux/amd64)"
172.20.0.4 - - [21/Jan/2018:15:14:02 +0000] "POST /api/v4/jobs/request HTTP/1.1" 204 0 "" "gitlab-ci-multi-runner 9.5.1 (9-5-stable; go1.8.3; linux/amd64)"
172.20.0.4 - - [21/Jan/2018:15:14:05 +0000] "POST /api/v4/jobs/request HTTP/1.1" 204 0 "" "gitlab-ci-multi-runner 9.5.1 (9-5-stable; go1.8.3; linux/amd64)"
172.20.0.4 - - [21/Jan/2018:15:14:08 +0000] "POST /api/v4/jobs/request HTTP/1.1" 204 0 "" "gitlab-ci-multi-runner 9.5.1 (9-5-stable; go1.8.3; linux/amd64)"
172.20.0.4 - - [21/Jan/2018:15:14:11 +0000] "POST /api/v4/jobs/request HTTP/1.1" 204 0 "" "gitlab-ci-multi-runner 9.5.1 (9-5-stable; go1.8.3; linux/amd64)"
172.20.0.4 - - [21/Jan/2018:15:14:14 +0000] "POST /api/v4/jobs/request HTTP/1.1" 204 0 "" "gitlab-ci-multi-runner 9.5.1 (9-5-stable; go1.8.3; linux/amd64)"
172.20.0.4 - - [21/Jan/2018:15:14:17 +0000] "POST /api/v4/jobs/request HTTP/1.1" 204 0 "" "gitlab-ci-multi-runner 9.5.1 (9-5-stable; go1.8.3; linux/amd64)"
172.20.0.4 - - [21/Jan/2018:15:14:20 +0000] "POST /api/v4/jobs/request HTTP/1.1" 204 0 "" "gitlab-ci-multi-runner 9.5.1 (9-5-stable; go1.8.3; linux/amd64)"
172.20.0.4 - - [21/Jan/2018:15:14:23 +0000] "POST /api/v4/jobs/request HTTP/1.1" 204 0 "" "gitlab-ci-multi-runner 9.5.1 (9-5-stable; go1.8.3; linux/amd64)"
172.20.0.4 - - [21/Jan/2018:15:14:26 +0000] "POST /api/v4/jobs/request HTTP/1.1" 204 0 "" "gitlab-ci-multi-runner 9.5.1 (9-5-stable; go1.8.3; linux/amd64)"
172.20.0.4 - - [21/Jan/2018:15:14:29 +0000] "POST /api/v4/jobs/request HTTP/1.1" 204 0 "" "gitlab-ci-multi-runner 9.5.1 (9-5-stable; go1.8.3; linux/amd64)"
172.20.0.4 - - [21/Jan/2018:15:14:32 +0000] "POST /api/v4/jobs/request HTTP/1.1" 204 0 "" "gitlab-ci-multi-runner 9.5.1 (9-5-stable; go1.8.3; linux/amd64)"
172.20.0.4 - - [21/Jan/2018:15:14:35 +0000] "POST /api/v4/jobs/request HTTP/1.1" 204 0 "" "gitlab-ci-multi-runner 9.5.1 (9-5-stable; go1.8.3; linux/amd64)"
172.20.0.4 - - [21/Jan/2018:15:14:38 +0000] "POST /api/v4/jobs/request HTTP/1.1" 204 0 "" "gitlab-ci-multi-runner 9.5.1 (9-5-stable; go1.8.3; linux/amd64)"
172.20.0.4 - - [21/Jan/2018:15:14:41 +0000] "POST /api/v4/jobs/request HTTP/1.1" 204 0 "" "gitlab-ci-multi-runner 9.5.1 (9-5-stable; go1.8.3; linux/amd64)"
172.20.0.4 - - [21/Jan/2018:15:14:44 +0000] "POST /api/v4/jobs/request HTTP/1.1" 204 0 "" "gitlab-ci-multi-runner 9.5.1 (9-5-stable; go1.8.3; linux/amd64)"
172.20.0.4 - - [21/Jan/2018:15:14:47 +0000] "POST /api/v4/jobs/request HTTP/1.1" 204 0 "" "gitlab-ci-multi-runner 9.5.1 (9-5-stable; go1.8.3; linux/amd64)"
172.20.0.4 - - [21/Jan/2018:15:14:50 +0000] "POST /api/v4/jobs/request HTTP/1.1" 204 0 "" "gitlab-ci-multi-runner 9.5.1 (9-5-stable; go1.8.3; linux/amd64)"
172.20.0.4 - - [21/Jan/2018:15:14:53 +0000] "POST /api/v4/jobs/request HTTP/1.1" 204 0 "" "gitlab-ci-multi-runner 9.5.1 (9-5-stable; go1.8.3; linux/amd64)"
127.0.0.1 - - [21/Jan/2018:15:14:54 +0000] "GET /help HTTP/1.1" 200 29464 "" "curl/7.56.1"
172.20.0.4 - - [21/Jan/2018:15:14:56 +0000] "POST /api/v4/jobs/request HTTP/1.1" 204 0 "" "gitlab-ci-multi-runner 9.5.1 (9-5-stable; go1.8.3; linux/amd64)"
172.20.0.4 - - [21/Jan/2018:15:14:59 +0000] "POST /api/v4/jobs/request HTTP/1.1" 204 0 "" "gitlab-ci-multi-runner 9.5.1 (9-5-stable; go1.8.3; linux/amd64)"
172.20.0.4 - - [21/Jan/2018:15:15:02 +0000] "POST /api/v4/jobs/request HTTP/1.1" 204 0 "" "gitlab-ci-multi-runner 9.5.1 (9-5-stable; go1.8.3; linux/amd64)"
172.20.0.1 - - [21/Jan/2018:15:15:05 +0000] "POST /root/button/create/master HTTP/1.1" 302 126 "http://127.0.0.1:5000/root/button/new/master" "Mozilla/5.0 (Macintosh; Intel Mac OS X 10_12_5) AppleWebKit/537.36 (KHTML, like Gecko) Chrome/63.0.3239.132 Safari/537.36"
172.20.0.4 - - [21/Jan/2018:15:15:05 +0000] "POST /api/v4/jobs/request HTTP/1.1" 204 0 "" "gitlab-ci-multi-runner 9.5.1 (9-5-stable; go1.8.3; linux/amd64)"
172.20.0.1 - - [21/Jan/2018:15:15:07 +0000] "GET /root/button/blob/master/.gitlab-ci.yml HTTP/1.1" 200 10408 "http://127.0.0.1:5000/root/button/new/master" "Mozilla/5.0 (Macintosh; Intel Mac OS X 10_12_5) AppleWebKit/537.36 (KHTML, like Gecko) Chrome/63.0.3239.132 Safari/537.36"
172.20.0.1 - - [21/Jan/2018:15:15:07 +0000] "GET /root/button/blob/master/.gitlab-ci.yml?format=json&viewer=auxiliary HTTP/1.1" 200 466 "http://127.0.0.1:5000/root/button/blob/master/.gitlab-ci.yml" "Mozilla/5.0 (Macintosh; Intel Mac OS X 10_12_5) AppleWebKit/537.36 (KHTML, like Gecko) Chrome/63.0.3239.132 Safari/537.36"
172.20.0.1 - - [21/Jan/2018:15:15:07 +0000] "GET /root/button/blob/master/.gitlab-ci.yml?format=json&viewer=simple HTTP/1.1" 200 1372 "http://127.0.0.1:5000/root/button/blob/master/.gitlab-ci.yml" "Mozilla/5.0 (Macintosh; Intel Mac OS X 10_12_5) AppleWebKit/537.36 (KHTML, like Gecko) Chrome/63.0.3239.132 Safari/537.36"
172.20.0.4 - - [21/Jan/2018:15:15:09 +0000] "POST /api/v4/jobs/request HTTP/1.1" 201 3281 "" "gitlab-ci-multi-runner 9.5.1 (9-5-stable; go1.8.3; linux/amd64)"
172.20.0.1 - - [21/Jan/2018:15:15:10 +0000] "GET /root/button/pipelines HTTP/1.1" 200 7457 "http://127.0.0.1:5000/root/button/blob/master/.gitlab-ci.yml" "Mozilla/5.0 (Macintosh; Intel Mac OS X 10_12_5) AppleWebKit/537.36 (KHTML, like Gecko) Chrome/63.0.3239.132 Safari/537.36"
172.20.0.1 - - [21/Jan/2018:15:15:10 +0000] "GET /assets/webpack/pipelines.0b5d01cae4eab6dd8196.bundle.js HTTP/1.1" 200 10034 "http://127.0.0.1:5000/root/button/pipelines" "Mozilla/5.0 (Macintosh; Intel Mac OS X 10_12_5) AppleWebKit/537.36 (KHTML, like Gecko) Chrome/63.0.3239.132 Safari/537.36"
172.20.0.1 - - [21/Jan/2018:15:15:11 +0000] "GET /root/button/pipelines.json?scope=all&page=1 HTTP/1.1" 200 988 "http://127.0.0.1:5000/root/button/pipelines" "Mozilla/5.0 (Macintosh; Intel Mac OS X 10_12_5) AppleWebKit/537.36 (KHTML, like Gecko) Chrome/63.0.3239.132 Safari/537.36"
172.20.0.4 - - [21/Jan/2018:15:15:12 +0000] "PUT /api/v4/jobs/1 HTTP/1.1" 200 4 "" "gitlab-ci-multi-runner 9.5.1 (9-5-stable; go1.8.3; linux/amd64)"
172.20.0.4 - - [21/Jan/2018:15:15:12 +0000] "PATCH /api/v4/jobs/1/trace HTTP/1.1" 202 7 "" "gitlab-ci-multi-runner 9.5.1 (9-5-stable; go1.8.3; linux/amd64)"
172.20.0.1 - - [21/Jan/2018:15:15:13 +0000] "GET /root/button/pipelines/1 HTTP/1.1" 200 8867 "http://127.0.0.1:5000/root/button/pipelines" "Mozilla/5.0 (Macintosh; Intel Mac OS X 10_12_5) AppleWebKit/537.36 (KHTML, like Gecko) Chrome/63.0.3239.132 Safari/537.36"
172.20.0.1 - - [21/Jan/2018:15:15:14 +0000] "GET /assets/webpack/pipelines_details.e087bf1cdc20191bdf4c.bundle.js HTTP/1.1" 200 5693 "http://127.0.0.1:5000/root/button/pipelines/1" "Mozilla/5.0 (Macintosh; Intel Mac OS X 10_12_5) AppleWebKit/537.36 (KHTML, like Gecko) Chrome/63.0.3239.132 Safari/537.36"
172.20.0.1 - - [21/Jan/2018:15:15:14 +0000] "GET /root/button/pipelines/1/status.json HTTP/1.1" 200 195 "http://127.0.0.1:5000/root/button/pipelines/1" "Mozilla/5.0 (Macintosh; Intel Mac OS X 10_12_5) AppleWebKit/537.36 (KHTML, like Gecko) Chrome/63.0.3239.132 Safari/537.36"
172.20.0.1 - - [21/Jan/2018:15:15:14 +0000] "GET /assets/ci_favicons/favicon_status_running-2eb56be2871937954b2ba6d6f4ee9fdf7e5e1c146ac45f7be98119ccaca1aca9.ico HTTP/1.1" 200 1293 "http://127.0.0.1:5000/root/button/pipelines/1" "Mozilla/5.0 (Macintosh; Intel Mac OS X 10_12_5) AppleWebKit/537.36 (KHTML, like Gecko) Chrome/63.0.3239.132 Safari/537.36"
172.20.0.1 - - [21/Jan/2018:15:15:14 +0000] "GET /root/button/pipelines/1.json HTTP/1.1" 200 1138 "http://127.0.0.1:5000/root/button/pipelines/1" "Mozilla/5.0 (Macintosh; Intel Mac OS X 10_12_5) AppleWebKit/537.36 (KHTML, like Gecko) Chrome/63.0.3239.132 Safari/537.36"
172.20.0.1 - - [21/Jan/2018:15:15:16 +0000] "GET /root/button/-/jobs/1 HTTP/1.1" 200 8822 "http://127.0.0.1:5000/root/button/pipelines/1" "Mozilla/5.0 (Macintosh; Intel Mac OS X 10_12_5) AppleWebKit/537.36 (KHTML, like Gecko) Chrome/63.0.3239.132 Safari/537.36"
172.20.0.1 - - [21/Jan/2018:15:15:16 +0000] "GET /assets/webpack/job_details.4920cb424912291c0ad5.bundle.js HTTP/1.1" 200 6362 "http://127.0.0.1:5000/root/button/-/jobs/1" "Mozilla/5.0 (Macintosh; Intel Mac OS X 10_12_5) AppleWebKit/537.36 (KHTML, like Gecko) Chrome/63.0.3239.132 Safari/537.36"
172.20.0.4 - - [21/Jan/2018:15:15:17 +0000] "PATCH /api/v4/jobs/1/trace HTTP/1.1" 202 7 "" "gitlab-ci-multi-runner 9.5.1 (9-5-stable; go1.8.3; linux/amd64)"
172.20.0.4 - - [21/Jan/2018:15:15:20 +0000] "PATCH /api/v4/jobs/1/trace HTTP/1.1" 202 8 "" "gitlab-ci-multi-runner 9.5.1 (9-5-stable; go1.8.3; linux/amd64)"
172.20.0.4 - - [21/Jan/2018:15:15:23 +0000] "PUT /api/v4/jobs/1 HTTP/1.1" 200 4 "" "gitlab-ci-multi-runner 9.5.1 (9-5-stable; go1.8.3; linux/amd64)"
172.20.0.4 - - [21/Jan/2018:15:15:23 +0000] "POST /api/v4/jobs/request HTTP/1.1" 204 0 "" "gitlab-ci-multi-runner 9.5.1 (9-5-stable; go1.8.3; linux/amd64)"
172.20.0.1 - - [21/Jan/2018:15:15:25 +0000] "GET /root/button HTTP/1.1" 200 13357 "" "Mozilla/5.0 (Macintosh; Intel Mac OS X 10_12_5) AppleWebKit/537.36 (KHTML, like Gecko) Chrome/63.0.3239.132 Safari/537.36"
172.20.0.4 - - [21/Jan/2018:15:15:26 +0000] "POST /api/v4/jobs/request HTTP/1.1" 204 0 "" "gitlab-ci-multi-runner 9.5.1 (9-5-stable; go1.8.3; linux/amd64)"
172.20.0.4 - - [21/Jan/2018:15:15:29 +0000] "POST /api/v4/jobs/request HTTP/1.1" 204 0 "" "gitlab-ci-multi-runner 9.5.1 (9-5-stable; go1.8.3; linux/amd64)"
172.20.0.4 - - [21/Jan/2018:15:15:32 +0000] "POST /api/v4/jobs/request HTTP/1.1" 204 0 "" "gitlab-ci-multi-runner 9.5.1 (9-5-stable; go1.8.3; linux/amd64)"
172.20.0.4 - - [21/Jan/2018:15:15:35 +0000] "POST /api/v4/jobs/request HTTP/1.1" 204 0 "" "gitlab-ci-multi-runner 9.5.1 (9-5-stable; go1.8.3; linux/amd64)"
172.20.0.4 - - [21/Jan/2018:15:15:38 +0000] "POST /api/v4/jobs/request HTTP/1.1" 204 0 "" "gitlab-ci-multi-runner 9.5.1 (9-5-stable; go1.8.3; linux/amd64)"
172.20.0.4 - - [21/Jan/2018:15:15:41 +0000] "POST /api/v4/jobs/request HTTP/1.1" 204 0 "" "gitlab-ci-multi-runner 9.5.1 (9-5-stable; go1.8.3; linux/amd64)"
172.20.0.4 - - [21/Jan/2018:15:15:44 +0000] "POST /api/v4/jobs/request HTTP/1.1" 204 0 "" "gitlab-ci-multi-runner 9.5.1 (9-5-stable; go1.8.3; linux/amd64)"
172.20.0.4 - - [21/Jan/2018:15:15:47 +0000] "POST /api/v4/jobs/request HTTP/1.1" 204 0 "" "gitlab-ci-multi-runner 9.5.1 (9-5-stable; go1.8.3; linux/amd64)"
172.20.0.4 - - [21/Jan/2018:15:15:50 +0000] "POST /api/v4/jobs/request HTTP/1.1" 204 0 "" "gitlab-ci-multi-runner 9.5.1 (9-5-stable; go1.8.3; linux/amd64)"
172.20.0.4 - - [21/Jan/2018:15:15:53 +0000] "POST /api/v4/jobs/request HTTP/1.1" 204 0 "" "gitlab-ci-multi-runner 9.5.1 (9-5-stable; go1.8.3; linux/amd64)"
127.0.0.1 - - [21/Jan/2018:15:15:54 +0000] "GET /help HTTP/1.1" 200 29464 "" "curl/7.56.1"
172.20.0.4 - - [21/Jan/2018:15:15:56 +0000] "POST /api/v4/jobs/request HTTP/1.1" 204 0 "" "gitlab-ci-multi-runner 9.5.1 (9-5-stable; go1.8.3; linux/amd64)"
172.20.0.4 - - [21/Jan/2018:15:15:59 +0000] "POST /api/v4/jobs/request HTTP/1.1" 204 0 "" "gitlab-ci-multi-runner 9.5.1 (9-5-stable; go1.8.3; linux/amd64)"
172.20.0.1 - - [21/Jan/2018:15:16:01 +0000] "GET / HTTP/1.1" 200 6402 "" "Mozilla/5.0 (Macintosh; Intel Mac OS X 10_12_5) AppleWebKit/537.36 (KHTML, like Gecko) Chrome/63.0.3239.132 Safari/537.36"
172.20.0.1 - - [21/Jan/2018:15:16:01 +0000] "GET /assets/webpack/common.8bddea71fd957afe6146.bundle.js HTTP/1.1" 200 121177 "http://127.0.0.1:5000/" "Mozilla/5.0 (Macintosh; Intel Mac OS X 10_12_5) AppleWebKit/537.36 (KHTML, like Gecko) Chrome/63.0.3239.132 Safari/537.36"
172.20.0.1 - - [21/Jan/2018:15:16:01 +0000] "GET /assets/application-5d7e6d1ac77307dcc1fdaae829f847d001c9d79eb2991e8c99d4a8a56c5da794.css HTTP/1.1" 200 165261 "http://127.0.0.1:5000/" "Mozilla/5.0 (Macintosh; Intel Mac OS X 10_12_5) AppleWebKit/537.36 (KHTML, like Gecko) Chrome/63.0.3239.132 Safari/537.36"
172.20.0.1 - - [21/Jan/2018:15:16:01 +0000] "GET /assets/webpack/main.c406f62bc49cc6d40ddc.bundle.js HTTP/1.1" 200 159283 "http://127.0.0.1:5000/" "Mozilla/5.0 (Macintosh; Intel Mac OS X 10_12_5) AppleWebKit/537.36 (KHTML, like Gecko) Chrome/63.0.3239.132 Safari/537.36"
172.20.0.1 - - [21/Jan/2018:15:16:01 +0000] "GET /assets/fontawesome-webfont-ba0c59deb5450f5cb41b3f93609ee2d0d995415877ddfa223e8a8a7533474f07.woff HTTP/1.1" 200 98024 "http://127.0.0.1:5000/assets/application-5d7e6d1ac77307dcc1fdaae829f847d001c9d79eb2991e8c99d4a8a56c5da794.css" "Mozilla/5.0 (Macintosh; Intel Mac OS X 10_12_5) AppleWebKit/537.36 (KHTML, like Gecko) Chrome/63.0.3239.132 Safari/537.36"
172.20.0.4 - - [21/Jan/2018:15:16:02 +0000] "POST /api/v4/jobs/request HTTP/1.1" 204 0 "" "gitlab-ci-multi-runner 9.5.1 (9-5-stable; go1.8.3; linux/amd64)"
172.20.0.4 - - [21/Jan/2018:15:16:05 +0000] "POST /api/v4/jobs/request HTTP/1.1" 204 0 "" "gitlab-ci-multi-runner 9.5.1 (9-5-stable; go1.8.3; linux/amd64)"
172.20.0.4 - - [21/Jan/2018:15:16:08 +0000] "POST /api/v4/jobs/request HTTP/1.1" 204 0 "" "gitlab-ci-multi-runner 9.5.1 (9-5-stable; go1.8.3; linux/amd64)"
172.20.0.4 - - [21/Jan/2018:15:16:11 +0000] "POST /api/v4/jobs/request HTTP/1.1" 204 0 "" "gitlab-ci-multi-runner 9.5.1 (9-5-stable; go1.8.3; linux/amd64)"
172.20.0.4 - - [21/Jan/2018:15:16:14 +0000] "POST /api/v4/jobs/request HTTP/1.1" 204 0 "" "gitlab-ci-multi-runner 9.5.1 (9-5-stable; go1.8.3; linux/amd64)"
172.20.0.4 - - [21/Jan/2018:15:16:17 +0000] "POST /api/v4/jobs/request HTTP/1.1" 204 0 "" "gitlab-ci-multi-runner 9.5.1 (9-5-stable; go1.8.3; linux/amd64)"
172.20.0.4 - - [21/Jan/2018:15:16:20 +0000] "POST /api/v4/jobs/request HTTP/1.1" 204 0 "" "gitlab-ci-multi-runner 9.5.1 (9-5-stable; go1.8.3; linux/amd64)"
172.20.0.4 - - [21/Jan/2018:15:16:23 +0000] "POST /api/v4/jobs/request HTTP/1.1" 204 0 "" "gitlab-ci-multi-runner 9.5.1 (9-5-stable; go1.8.3; linux/amd64)"
172.20.0.4 - - [21/Jan/2018:15:16:26 +0000] "POST /api/v4/jobs/request HTTP/1.1" 204 0 "" "gitlab-ci-multi-runner 9.5.1 (9-5-stable; go1.8.3; linux/amd64)"
172.20.0.4 - - [21/Jan/2018:15:16:29 +0000] "POST /api/v4/jobs/request HTTP/1.1" 204 0 "" "gitlab-ci-multi-runner 9.5.1 (9-5-stable; go1.8.3; linux/amd64)"
172.20.0.4 - - [21/Jan/2018:15:16:32 +0000] "POST /api/v4/jobs/request HTTP/1.1" 204 0 "" "gitlab-ci-multi-runner 9.5.1 (9-5-stable; go1.8.3; linux/amd64)"
172.20.0.4 - - [21/Jan/2018:15:16:35 +0000] "POST /api/v4/jobs/request HTTP/1.1" 204 0 "" "gitlab-ci-multi-runner 9.5.1 (9-5-stable; go1.8.3; linux/amd64)"
172.20.0.4 - - [21/Jan/2018:15:16:38 +0000] "POST /api/v4/jobs/request HTTP/1.1" 204 0 "" "gitlab-ci-multi-runner 9.5.1 (9-5-stable; go1.8.3; linux/amd64)"
172.20.0.4 - - [21/Jan/2018:15:16:41 +0000] "POST /api/v4/jobs/request HTTP/1.1" 204 0 "" "gitlab-ci-multi-runner 9.5.1 (9-5-stable; go1.8.3; linux/amd64)"
172.20.0.4 - - [21/Jan/2018:15:16:44 +0000] "POST /api/v4/jobs/request HTTP/1.1" 204 0 "" "gitlab-ci-multi-runner 9.5.1 (9-5-stable; go1.8.3; linux/amd64)"
172.20.0.4 - - [21/Jan/2018:15:16:47 +0000] "POST /api/v4/jobs/request HTTP/1.1" 204 0 "" "gitlab-ci-multi-runner 9.5.1 (9-5-stable; go1.8.3; linux/amd64)"
172.20.0.4 - - [21/Jan/2018:15:16:50 +0000] "POST /api/v4/jobs/request HTTP/1.1" 204 0 "" "gitlab-ci-multi-runner 9.5.1 (9-5-stable; go1.8.3; linux/amd64)"
172.20.0.4 - - [21/Jan/2018:15:16:53 +0000] "POST /api/v4/jobs/request HTTP/1.1" 204 0 "" "gitlab-ci-multi-runner 9.5.1 (9-5-stable; go1.8.3; linux/amd64)"
127.0.0.1 - - [21/Jan/2018:15:16:55 +0000] "GET /help HTTP/1.1" 200 29464 "" "curl/7.56.1"
172.20.0.4 - - [21/Jan/2018:15:16:56 +0000] "POST /api/v4/jobs/request HTTP/1.1" 204 0 "" "gitlab-ci-multi-runner 9.5.1 (9-5-stable; go1.8.3; linux/amd64)"
172.20.0.4 - - [21/Jan/2018:15:16:59 +0000] "POST /api/v4/jobs/request HTTP/1.1" 204 0 "" "gitlab-ci-multi-runner 9.5.1 (9-5-stable; go1.8.3; linux/amd64)"
172.20.0.4 - - [21/Jan/2018:15:17:02 +0000] "POST /api/v4/jobs/request HTTP/1.1" 204 0 "" "gitlab-ci-multi-runner 9.5.1 (9-5-stable; go1.8.3; linux/amd64)"
172.20.0.4 - - [21/Jan/2018:15:17:05 +0000] "POST /api/v4/jobs/request HTTP/1.1" 204 0 "" "gitlab-ci-multi-runner 9.5.1 (9-5-stable; go1.8.3; linux/amd64)"
172.20.0.4 - - [21/Jan/2018:15:17:08 +0000] "POST /api/v4/jobs/request HTTP/1.1" 204 0 "" "gitlab-ci-multi-runner 9.5.1 (9-5-stable; go1.8.3; linux/amd64)"
172.20.0.4 - - [21/Jan/2018:15:17:11 +0000] "POST /api/v4/jobs/request HTTP/1.1" 204 0 "" "gitlab-ci-multi-runner 9.5.1 (9-5-stable; go1.8.3; linux/amd64)"
172.20.0.4 - - [21/Jan/2018:15:17:14 +0000] "POST /api/v4/jobs/request HTTP/1.1" 204 0 "" "gitlab-ci-multi-runner 9.5.1 (9-5-stable; go1.8.3; linux/amd64)"
172.20.0.4 - - [21/Jan/2018:15:17:17 +0000] "POST /api/v4/jobs/request HTTP/1.1" 204 0 "" "gitlab-ci-multi-runner 9.5.1 (9-5-stable; go1.8.3; linux/amd64)"
172.20.0.4 - - [21/Jan/2018:15:17:20 +0000] "POST /api/v4/jobs/request HTTP/1.1" 204 0 "" "gitlab-ci-multi-runner 9.5.1 (9-5-stable; go1.8.3; linux/amd64)"
172.20.0.4 - - [21/Jan/2018:15:17:23 +0000] "POST /api/v4/jobs/request HTTP/1.1" 204 0 "" "gitlab-ci-multi-runner 9.5.1 (9-5-stable; go1.8.3; linux/amd64)"
172.20.0.4 - - [21/Jan/2018:15:17:26 +0000] "POST /api/v4/jobs/request HTTP/1.1" 204 0 "" "gitlab-ci-multi-runner 9.5.1 (9-5-stable; go1.8.3; linux/amd64)"
172.20.0.4 - - [21/Jan/2018:15:17:29 +0000] "POST /api/v4/jobs/request HTTP/1.1" 204 0 "" "gitlab-ci-multi-runner 9.5.1 (9-5-stable; go1.8.3; linux/amd64)"
172.20.0.4 - - [21/Jan/2018:15:17:32 +0000] "POST /api/v4/jobs/request HTTP/1.1" 204 0 "" "gitlab-ci-multi-runner 9.5.1 (9-5-stable; go1.8.3; linux/amd64)"
172.20.0.4 - - [21/Jan/2018:15:17:35 +0000] "POST /api/v4/jobs/request HTTP/1.1" 204 0 "" "gitlab-ci-multi-runner 9.5.1 (9-5-stable; go1.8.3; linux/amd64)"
172.20.0.4 - - [21/Jan/2018:15:17:38 +0000] "POST /api/v4/jobs/request HTTP/1.1" 204 0 "" "gitlab-ci-multi-runner 9.5.1 (9-5-stable; go1.8.3; linux/amd64)"
172.20.0.4 - - [21/Jan/2018:15:17:41 +0000] "POST /api/v4/jobs/request HTTP/1.1" 204 0 "" "gitlab-ci-multi-runner 9.5.1 (9-5-stable; go1.8.3; linux/amd64)"
172.20.0.1 - - [21/Jan/2018:15:20:34 +0000] "GET / HTTP/1.1" 502 2916 "" "Mozilla/5.0 (Macintosh; Intel Mac OS X 10_12_5) AppleWebKit/537.36 (KHTML, like Gecko) Chrome/63.0.3239.132 Safari/537.36"
172.20.0.1 - - [21/Jan/2018:15:20:34 +0000] "GET / HTTP/1.1" 502 2916 "" "Mozilla/5.0 (Macintosh; Intel Mac OS X 10_12_5) AppleWebKit/537.36 (KHTML, like Gecko) Chrome/63.0.3239.132 Safari/537.36"
172.20.0.1 - - [21/Jan/2018:15:20:38 +0000] "GET / HTTP/1.1" 502 2916 "" "Mozilla/5.0 (Macintosh; Intel Mac OS X 10_12_5) AppleWebKit/537.36 (KHTML, like Gecko) Chrome/63.0.3239.132 Safari/537.36"
172.20.0.1 - - [21/Jan/2018:15:20:39 +0000] "GET / HTTP/1.1" 502 2916 "" "Mozilla/5.0 (Macintosh; Intel Mac OS X 10_12_5) AppleWebKit/537.36 (KHTML, like Gecko) Chrome/63.0.3239.132 Safari/537.36"
172.20.0.1 - - [21/Jan/2018:15:20:39 +0000] "GET / HTTP/1.1" 502 2916 "" "Mozilla/5.0 (Macintosh; Intel Mac OS X 10_12_5) AppleWebKit/537.36 (KHTML, like Gecko) Chrome/63.0.3239.132 Safari/537.36"
172.20.0.1 - - [21/Jan/2018:15:20:59 +0000] "GET / HTTP/1.1" 502 2916 "" "Mozilla/5.0 (Macintosh; Intel Mac OS X 10_12_5) AppleWebKit/537.36 (KHTML, like Gecko) Chrome/63.0.3239.132 Safari/537.36"
172.20.0.1 - - [21/Jan/2018:15:20:59 +0000] "GET /favicon.ico HTTP/1.1" 200 5430 "http://127.0.0.1:5000/" "Mozilla/5.0 (Macintosh; Intel Mac OS X 10_12_5) AppleWebKit/537.36 (KHTML, like Gecko) Chrome/63.0.3239.132 Safari/537.36"
127.0.0.1 - - [21/Jan/2018:15:21:08 +0000] "GET /help HTTP/1.1" 502 2916 "" "curl/7.56.1"
172.20.0.1 - - [21/Jan/2018:15:22:12 +0000] "GET / HTTP/1.1" 302 101 "" "Mozilla/5.0 (Macintosh; Intel Mac OS X 10_12_5) AppleWebKit/537.36 (KHTML, like Gecko) Chrome/63.0.3239.132 Safari/537.36"
172.20.0.1 - - [21/Jan/2018:15:22:13 +0000] "GET /users/sign_in HTTP/1.1" 200 4001 "" "Mozilla/5.0 (Macintosh; Intel Mac OS X 10_12_5) AppleWebKit/537.36 (KHTML, like Gecko) Chrome/63.0.3239.132 Safari/537.36"
172.20.0.1 - - [21/Jan/2018:15:22:13 +0000] "GET /assets/webpack/main.c406f62bc49cc6d40ddc.bundle.js HTTP/1.1" 200 159295 "http://127.0.0.1:5000/users/sign_in" "Mozilla/5.0 (Macintosh; Intel Mac OS X 10_12_5) AppleWebKit/537.36 (KHTML, like Gecko) Chrome/63.0.3239.132 Safari/537.36"
127.0.0.1 - - [21/Jan/2018:15:22:13 +0000] "GET /help HTTP/1.1" 200 29464 "" "curl/7.56.1"
172.20.0.1 - - [21/Jan/2018:15:22:21 +0000] "POST /users/sign_in HTTP/1.1" 302 88 "http://127.0.0.1:5000/users/sign_in" "Mozilla/5.0 (Macintosh; Intel Mac OS X 10_12_5) AppleWebKit/537.36 (KHTML, like Gecko) Chrome/63.0.3239.132 Safari/537.36"
172.20.0.1 - - [21/Jan/2018:15:22:22 +0000] "GET / HTTP/1.1" 200 6395 "http://127.0.0.1:5000/users/sign_in" "Mozilla/5.0 (Macintosh; Intel Mac OS X 10_12_5) AppleWebKit/537.36 (KHTML, like Gecko) Chrome/63.0.3239.132 Safari/537.36"
172.20.0.1 - - [21/Jan/2018:15:22:22 +0000] "GET /assets/icons-e18ff9bb200a2eb092fb610d1592af76d420722d4d8b7d48d6b20c7911bf532a.svg HTTP/1.1" 200 21688 "http://127.0.0.1:5000/" "Mozilla/5.0 (Macintosh; Intel Mac OS X 10_12_5) AppleWebKit/537.36 (KHTML, like Gecko) Chrome/63.0.3239.132 Safari/537.36"
172.20.0.1 - - [21/Jan/2018:15:22:22 +0000] "GET /assets/fontawesome-webfont-2adefcbc041e7d18fcf2d417879dc5a09997aa64d675b7a3c4b6ce33da13f3fe.woff2 HTTP/1.1" 200 77160 "http://127.0.0.1:5000/assets/application-5d7e6d1ac77307dcc1fdaae829f847d001c9d79eb2991e8c99d4a8a56c5da794.css" "Mozilla/5.0 (Macintosh; Intel Mac OS X 10_12_5) AppleWebKit/537.36 (KHTML, like Gecko) Chrome/63.0.3239.132 Safari/537.36"
172.20.0.1 - - [21/Jan/2018:15:22:27 +0000] "GET /root/button HTTP/1.1" 200 13361 "http://127.0.0.1:5000/" "Mozilla/5.0 (Macintosh; Intel Mac OS X 10_12_5) AppleWebKit/537.36 (KHTML, like Gecko) Chrome/63.0.3239.132 Safari/537.36"
172.20.0.1 - - [21/Jan/2018:15:22:28 +0000] "GET /root/button/refs/master/logs_tree/?_=1516548147782 HTTP/1.1" 200 494 "http://127.0.0.1:5000/root/button" "Mozilla/5.0 (Macintosh; Intel Mac OS X 10_12_5) AppleWebKit/537.36 (KHTML, like Gecko) Chrome/63.0.3239.132 Safari/537.36"
172.20.0.1 - - [21/Jan/2018:15:22:30 +0000] "GET /root/button/-/jobs HTTP/1.1" 200 8554 "http://127.0.0.1:5000/root/button" "Mozilla/5.0 (Macintosh; Intel Mac OS X 10_12_5) AppleWebKit/537.36 (KHTML, like Gecko) Chrome/63.0.3239.132 Safari/537.36"
172.20.0.1 - - [21/Jan/2018:15:22:32 +0000] "GET /root/button/pipelines HTTP/1.1" 200 7457 "http://127.0.0.1:5000/root/button/-/jobs" "Mozilla/5.0 (Macintosh; Intel Mac OS X 10_12_5) AppleWebKit/537.36 (KHTML, like Gecko) Chrome/63.0.3239.132 Safari/537.36"
172.20.0.1 - - [21/Jan/2018:15:22:33 +0000] "GET /root/button/pipelines.json?scope=all&page=1 HTTP/1.1" 200 992 "http://127.0.0.1:5000/root/button/pipelines" "Mozilla/5.0 (Macintosh; Intel Mac OS X 10_12_5) AppleWebKit/537.36 (KHTML, like Gecko) Chrome/63.0.3239.132 Safari/537.36"
172.20.0.1 - - [21/Jan/2018:15:22:34 +0000] "GET /root/button/pipelines/1 HTTP/1.1" 200 9709 "http://127.0.0.1:5000/root/button/pipelines" "Mozilla/5.0 (Macintosh; Intel Mac OS X 10_12_5) AppleWebKit/537.36 (KHTML, like Gecko) Chrome/63.0.3239.132 Safari/537.36"
172.20.0.1 - - [21/Jan/2018:15:22:35 +0000] "GET /root/button/pipelines/1/status.json HTTP/1.1" 200 194 "http://127.0.0.1:5000/root/button/pipelines/1" "Mozilla/5.0 (Macintosh; Intel Mac OS X 10_12_5) AppleWebKit/537.36 (KHTML, like Gecko) Chrome/63.0.3239.132 Safari/537.36"
172.20.0.1 - - [21/Jan/2018:15:22:35 +0000] "GET /assets/ci_favicons/favicon_status_failed-7c9abcc23b3c67ec2ba2bad77a9dd1a20ea36dd94934a7779d031bc02dde0e03.ico HTTP/1.1" 200 1248 "http://127.0.0.1:5000/root/button/pipelines/1" "Mozilla/5.0 (Macintosh; Intel Mac OS X 10_12_5) AppleWebKit/537.36 (KHTML, like Gecko) Chrome/63.0.3239.132 Safari/537.36"
172.20.0.1 - - [21/Jan/2018:15:22:35 +0000] "GET /root/button/pipelines/1.json HTTP/1.1" 200 1146 "http://127.0.0.1:5000/root/button/pipelines/1" "Mozilla/5.0 (Macintosh; Intel Mac OS X 10_12_5) AppleWebKit/537.36 (KHTML, like Gecko) Chrome/63.0.3239.132 Safari/537.36"
172.20.0.1 - - [21/Jan/2018:15:22:36 +0000] "GET /root/button/-/jobs/1 HTTP/1.1" 200 8984 "http://127.0.0.1:5000/root/button/pipelines/1" "Mozilla/5.0 (Macintosh; Intel Mac OS X 10_12_5) AppleWebKit/537.36 (KHTML, like Gecko) Chrome/63.0.3239.132 Safari/537.36"
172.20.0.1 - - [21/Jan/2018:15:22:37 +0000] "GET /root/button/-/jobs/1/trace.json?state= HTTP/1.1" 200 673 "http://127.0.0.1:5000/root/button/-/jobs/1" "Mozilla/5.0 (Macintosh; Intel Mac OS X 10_12_5) AppleWebKit/537.36 (KHTML, like Gecko) Chrome/63.0.3239.132 Safari/537.36"
172.20.0.1 - - [21/Jan/2018:15:22:37 +0000] "GET /root/button/-/jobs/1/status.json HTTP/1.1" 200 234 "http://127.0.0.1:5000/root/button/-/jobs/1" "Mozilla/5.0 (Macintosh; Intel Mac OS X 10_12_5) AppleWebKit/537.36 (KHTML, like Gecko) Chrome/63.0.3239.132 Safari/537.36"
172.20.0.1 - - [21/Jan/2018:15:22:37 +0000] "GET /root/button/-/jobs/1.json HTTP/1.1" 200 1045 "http://127.0.0.1:5000/root/button/-/jobs/1" "Mozilla/5.0 (Macintosh; Intel Mac OS X 10_12_5) AppleWebKit/537.36 (KHTML, like Gecko) Chrome/63.0.3239.132 Safari/537.36"
172.20.0.1 - - [21/Jan/2018:15:22:41 +0000] "POST /root/button/-/jobs/1/retry HTTP/1.1" 302 108 "http://127.0.0.1:5000/root/button/-/jobs/1" "Mozilla/5.0 (Macintosh; Intel Mac OS X 10_12_5) AppleWebKit/537.36 (KHTML, like Gecko) Chrome/63.0.3239.132 Safari/537.36"
172.20.0.1 - - [21/Jan/2018:15:22:41 +0000] "GET /root/button/-/jobs/3 HTTP/1.1" 200 8866 "http://127.0.0.1:5000/root/button/-/jobs/1" "Mozilla/5.0 (Macintosh; Intel Mac OS X 10_12_5) AppleWebKit/537.36 (KHTML, like Gecko) Chrome/63.0.3239.132 Safari/537.36"
172.20.0.1 - - [21/Jan/2018:15:22:42 +0000] "GET /root/button/-/jobs/3/trace.json?state= HTTP/1.1" 200 75 "http://127.0.0.1:5000/root/button/-/jobs/3" "Mozilla/5.0 (Macintosh; Intel Mac OS X 10_12_5) AppleWebKit/537.36 (KHTML, like Gecko) Chrome/63.0.3239.132 Safari/537.36"
172.20.0.1 - - [21/Jan/2018:15:22:42 +0000] "GET /root/button/-/jobs/3/status.json HTTP/1.1" 200 236 "http://127.0.0.1:5000/root/button/-/jobs/3" "Mozilla/5.0 (Macintosh; Intel Mac OS X 10_12_5) AppleWebKit/537.36 (KHTML, like Gecko) Chrome/63.0.3239.132 Safari/537.36"
172.20.0.1 - - [21/Jan/2018:15:22:42 +0000] "GET /assets/ci_favicons/favicon_status_pending-5ecc554aa46a62bdb293a698e37f1fa6e2eda95f130ef8a311a5d800147ba257.ico HTTP/1.1" 200 1197 "http://127.0.0.1:5000/root/button/-/jobs/3" "Mozilla/5.0 (Macintosh; Intel Mac OS X 10_12_5) AppleWebKit/537.36 (KHTML, like Gecko) Chrome/63.0.3239.132 Safari/537.36"
172.20.0.1 - - [21/Jan/2018:15:22:42 +0000] "GET /root/button/-/jobs/3.json HTTP/1.1" 200 980 "http://127.0.0.1:5000/root/button/-/jobs/3" "Mozilla/5.0 (Macintosh; Intel Mac OS X 10_12_5) AppleWebKit/537.36 (KHTML, like Gecko) Chrome/63.0.3239.132 Safari/537.36"
172.20.0.1 - - [21/Jan/2018:15:22:46 +0000] "GET /root/button/-/jobs/3/trace.json?state= HTTP/1.1" 304 0 "http://127.0.0.1:5000/root/button/-/jobs/3" "Mozilla/5.0 (Macintosh; Intel Mac OS X 10_12_5) AppleWebKit/537.36 (KHTML, like Gecko) Chrome/63.0.3239.132 Safari/537.36"
172.20.0.1 - - [21/Jan/2018:15:22:46 +0000] "GET /root/button/-/jobs/3/status.json HTTP/1.1" 304 0 "http://127.0.0.1:5000/root/button/-/jobs/3" "Mozilla/5.0 (Macintosh; Intel Mac OS X 10_12_5) AppleWebKit/537.36 (KHTML, like Gecko) Chrome/63.0.3239.132 Safari/537.36"
172.20.0.1 - - [21/Jan/2018:15:22:50 +0000] "GET /root/button/-/jobs/3/trace.json?state= HTTP/1.1" 304 0 "http://127.0.0.1:5000/root/button/-/jobs/3" "Mozilla/5.0 (Macintosh; Intel Mac OS X 10_12_5) AppleWebKit/537.36 (KHTML, like Gecko) Chrome/63.0.3239.132 Safari/537.36"
172.20.0.1 - - [21/Jan/2018:15:22:50 +0000] "GET /root/button/-/jobs/3/status.json HTTP/1.1" 304 0 "http://127.0.0.1:5000/root/button/-/jobs/3" "Mozilla/5.0 (Macintosh; Intel Mac OS X 10_12_5) AppleWebKit/537.36 (KHTML, like Gecko) Chrome/63.0.3239.132 Safari/537.36"
172.20.0.1 - - [21/Jan/2018:15:22:52 +0000] "GET /root/button/-/jobs/3.json HTTP/1.1" 200 979 "http://127.0.0.1:5000/root/button/-/jobs/3" "Mozilla/5.0 (Macintosh; Intel Mac OS X 10_12_5) AppleWebKit/537.36 (KHTML, like Gecko) Chrome/63.0.3239.132 Safari/537.36"
172.20.0.1 - - [21/Jan/2018:15:22:54 +0000] "GET /root/button/-/jobs/3/trace.json?state= HTTP/1.1" 304 0 "http://127.0.0.1:5000/root/button/-/jobs/3" "Mozilla/5.0 (Macintosh; Intel Mac OS X 10_12_5) AppleWebKit/537.36 (KHTML, like Gecko) Chrome/63.0.3239.132 Safari/537.36"
172.20.0.1 - - [21/Jan/2018:15:22:54 +0000] "GET /root/button/-/jobs/3/status.json HTTP/1.1" 304 0 "http://127.0.0.1:5000/root/button/-/jobs/3" "Mozilla/5.0 (Macintosh; Intel Mac OS X 10_12_5) AppleWebKit/537.36 (KHTML, like Gecko) Chrome/63.0.3239.132 Safari/537.36"
172.20.0.1 - - [21/Jan/2018:15:22:58 +0000] "GET /root/button/tree/master HTTP/1.1" 200 10378 "http://127.0.0.1:5000/root/button/-/jobs/3" "Mozilla/5.0 (Macintosh; Intel Mac OS X 10_12_5) AppleWebKit/537.36 (KHTML, like Gecko) Chrome/63.0.3239.132 Safari/537.36"
172.20.0.1 - - [21/Jan/2018:15:22:58 +0000] "GET /root/button/refs/master/logs_tree/?_=1516548178576 HTTP/1.1" 200 494 "http://127.0.0.1:5000/root/button/tree/master" "Mozilla/5.0 (Macintosh; Intel Mac OS X 10_12_5) AppleWebKit/537.36 (KHTML, like Gecko) Chrome/63.0.3239.132 Safari/537.36"
172.20.0.1 - - [21/Jan/2018:15:23:00 +0000] "GET /root/button/blob/master/.gitlab-ci.yml HTTP/1.1" 200 10464 "http://127.0.0.1:5000/root/button/tree/master" "Mozilla/5.0 (Macintosh; Intel Mac OS X 10_12_5) AppleWebKit/537.36 (KHTML, like Gecko) Chrome/63.0.3239.132 Safari/537.36"
172.20.0.1 - - [21/Jan/2018:15:23:00 +0000] "GET /root/button/blob/master/.gitlab-ci.yml?format=json&viewer=simple HTTP/1.1" 304 0 "http://127.0.0.1:5000/root/button/blob/master/.gitlab-ci.yml" "Mozilla/5.0 (Macintosh; Intel Mac OS X 10_12_5) AppleWebKit/537.36 (KHTML, like Gecko) Chrome/63.0.3239.132 Safari/537.36"
172.20.0.1 - - [21/Jan/2018:15:23:00 +0000] "GET /root/button/blob/master/.gitlab-ci.yml?format=json&viewer=auxiliary HTTP/1.1" 304 0 "http://127.0.0.1:5000/root/button/blob/master/.gitlab-ci.yml" "Mozilla/5.0 (Macintosh; Intel Mac OS X 10_12_5) AppleWebKit/537.36 (KHTML, like Gecko) Chrome/63.0.3239.132 Safari/537.36"
172.20.0.1 - - [21/Jan/2018:15:23:04 +0000] "GET /root/button/pipelines HTTP/1.1" 200 7462 "http://127.0.0.1:5000/root/button/blob/master/.gitlab-ci.yml" "Mozilla/5.0 (Macintosh; Intel Mac OS X 10_12_5) AppleWebKit/537.36 (KHTML, like Gecko) Chrome/63.0.3239.132 Safari/537.36"
172.20.0.1 - - [21/Jan/2018:15:23:04 +0000] "GET /root/button/pipelines.json?scope=all&page=1 HTTP/1.1" 200 1050 "http://127.0.0.1:5000/root/button/pipelines" "Mozilla/5.0 (Macintosh; Intel Mac OS X 10_12_5) AppleWebKit/537.36 (KHTML, like Gecko) Chrome/63.0.3239.132 Safari/537.36"
172.20.0.1 - - [21/Jan/2018:15:23:06 +0000] "GET /root/button/pipelines/1 HTTP/1.1" 200 9099 "http://127.0.0.1:5000/root/button/pipelines" "Mozilla/5.0 (Macintosh; Intel Mac OS X 10_12_5) AppleWebKit/537.36 (KHTML, like Gecko) Chrome/63.0.3239.132 Safari/537.36"
172.20.0.1 - - [21/Jan/2018:15:23:06 +0000] "GET /root/button/pipelines/1/status.json HTTP/1.1" 200 195 "http://127.0.0.1:5000/root/button/pipelines/1" "Mozilla/5.0 (Macintosh; Intel Mac OS X 10_12_5) AppleWebKit/537.36 (KHTML, like Gecko) Chrome/63.0.3239.132 Safari/537.36"
172.20.0.1 - - [21/Jan/2018:15:23:06 +0000] "GET /root/button/pipelines/1.json HTTP/1.1" 200 1224 "http://127.0.0.1:5000/root/button/pipelines/1" "Mozilla/5.0 (Macintosh; Intel Mac OS X 10_12_5) AppleWebKit/537.36 (KHTML, like Gecko) Chrome/63.0.3239.132 Safari/537.36"
172.20.0.1 - - [21/Jan/2018:15:23:07 +0000] "GET /root/button/-/jobs/3 HTTP/1.1" 200 8868 "http://127.0.0.1:5000/root/button/pipelines/1" "Mozilla/5.0 (Macintosh; Intel Mac OS X 10_12_5) AppleWebKit/537.36 (KHTML, like Gecko) Chrome/63.0.3239.132 Safari/537.36"
172.20.0.1 - - [21/Jan/2018:15:23:07 +0000] "GET /root/button/-/jobs/3/trace.json?state= HTTP/1.1" 304 0 "http://127.0.0.1:5000/root/button/-/jobs/3" "Mozilla/5.0 (Macintosh; Intel Mac OS X 10_12_5) AppleWebKit/537.36 (KHTML, like Gecko) Chrome/63.0.3239.132 Safari/537.36"
172.20.0.1 - - [21/Jan/2018:15:23:07 +0000] "GET /root/button/-/jobs/3/status.json HTTP/1.1" 304 0 "http://127.0.0.1:5000/root/button/-/jobs/3" "Mozilla/5.0 (Macintosh; Intel Mac OS X 10_12_5) AppleWebKit/537.36 (KHTML, like Gecko) Chrome/63.0.3239.132 Safari/537.36"
172.20.0.1 - - [21/Jan/2018:15:23:08 +0000] "GET /root/button/-/jobs/3.json HTTP/1.1" 304 0 "http://127.0.0.1:5000/root/button/-/jobs/3" "Mozilla/5.0 (Macintosh; Intel Mac OS X 10_12_5) AppleWebKit/537.36 (KHTML, like Gecko) Chrome/63.0.3239.132 Safari/537.36"
172.20.0.1 - - [21/Jan/2018:15:23:11 +0000] "GET /root/button/-/jobs/3/trace.json?state= HTTP/1.1" 304 0 "http://127.0.0.1:5000/root/button/-/jobs/3" "Mozilla/5.0 (Macintosh; Intel Mac OS X 10_12_5) AppleWebKit/537.36 (KHTML, like Gecko) Chrome/63.0.3239.132 Safari/537.36"
172.20.0.1 - - [21/Jan/2018:15:23:12 +0000] "GET /root/button/-/jobs/3/status.json HTTP/1.1" 304 0 "http://127.0.0.1:5000/root/button/-/jobs/3" "Mozilla/5.0 (Macintosh; Intel Mac OS X 10_12_5) AppleWebKit/537.36 (KHTML, like Gecko) Chrome/63.0.3239.132 Safari/537.36"
127.0.0.1 - - [21/Jan/2018:15:23:14 +0000] "GET /help HTTP/1.1" 200 29433 "" "curl/7.56.1"
172.20.0.1 - - [21/Jan/2018:15:23:16 +0000] "GET /root/button/-/jobs/3/trace.json?state= HTTP/1.1" 304 0 "http://127.0.0.1:5000/root/button/-/jobs/3" "Mozilla/5.0 (Macintosh; Intel Mac OS X 10_12_5) AppleWebKit/537.36 (KHTML, like Gecko) Chrome/63.0.3239.132 Safari/537.36"
172.20.0.1 - - [21/Jan/2018:15:23:16 +0000] "GET /root/button/-/jobs/3/status.json HTTP/1.1" 304 0 "http://127.0.0.1:5000/root/button/-/jobs/3" "Mozilla/5.0 (Macintosh; Intel Mac OS X 10_12_5) AppleWebKit/537.36 (KHTML, like Gecko) Chrome/63.0.3239.132 Safari/537.36"
172.20.0.1 - - [21/Jan/2018:15:23:18 +0000] "GET /root/button/-/jobs/3.json HTTP/1.1" 304 0 "http://127.0.0.1:5000/root/button/-/jobs/3" "Mozilla/5.0 (Macintosh; Intel Mac OS X 10_12_5) AppleWebKit/537.36 (KHTML, like Gecko) Chrome/63.0.3239.132 Safari/537.36"
172.20.0.1 - - [21/Jan/2018:15:23:20 +0000] "GET /root/button/-/jobs/3/trace.json?state= HTTP/1.1" 304 0 "http://127.0.0.1:5000/root/button/-/jobs/3" "Mozilla/5.0 (Macintosh; Intel Mac OS X 10_12_5) AppleWebKit/537.36 (KHTML, like Gecko) Chrome/63.0.3239.132 Safari/537.36"
172.20.0.1 - - [21/Jan/2018:15:23:20 +0000] "GET /root/button/-/jobs/3/status.json HTTP/1.1" 304 0 "http://127.0.0.1:5000/root/button/-/jobs/3" "Mozilla/5.0 (Macintosh; Intel Mac OS X 10_12_5) AppleWebKit/537.36 (KHTML, like Gecko) Chrome/63.0.3239.132 Safari/537.36"
172.20.0.1 - - [21/Jan/2018:15:23:24 +0000] "GET /root/button/-/jobs/3/trace.json?state= HTTP/1.1" 304 0 "http://127.0.0.1:5000/root/button/-/jobs/3" "Mozilla/5.0 (Macintosh; Intel Mac OS X 10_12_5) AppleWebKit/537.36 (KHTML, like Gecko) Chrome/63.0.3239.132 Safari/537.36"
172.20.0.1 - - [21/Jan/2018:15:23:24 +0000] "GET /root/button/-/jobs/3/status.json HTTP/1.1" 304 0 "http://127.0.0.1:5000/root/button/-/jobs/3" "Mozilla/5.0 (Macintosh; Intel Mac OS X 10_12_5) AppleWebKit/537.36 (KHTML, like Gecko) Chrome/63.0.3239.132 Safari/537.36"
172.20.0.1 - - [21/Jan/2018:15:23:28 +0000] "GET /root/button/-/jobs/3/trace.json?state= HTTP/1.1" 304 0 "http://127.0.0.1:5000/root/button/-/jobs/3" "Mozilla/5.0 (Macintosh; Intel Mac OS X 10_12_5) AppleWebKit/537.36 (KHTML, like Gecko) Chrome/63.0.3239.132 Safari/537.36"
172.20.0.1 - - [21/Jan/2018:15:23:28 +0000] "GET /root/button/-/jobs/3/status.json HTTP/1.1" 304 0 "http://127.0.0.1:5000/root/button/-/jobs/3" "Mozilla/5.0 (Macintosh; Intel Mac OS X 10_12_5) AppleWebKit/537.36 (KHTML, like Gecko) Chrome/63.0.3239.132 Safari/537.36"
172.20.0.1 - - [21/Jan/2018:15:23:28 +0000] "GET /root/button/-/jobs/3.json HTTP/1.1" 304 0 "http://127.0.0.1:5000/root/button/-/jobs/3" "Mozilla/5.0 (Macintosh; Intel Mac OS X 10_12_5) AppleWebKit/537.36 (KHTML, like Gecko) Chrome/63.0.3239.132 Safari/537.36"
172.20.0.1 - - [21/Jan/2018:15:23:32 +0000] "GET /root/button/-/jobs/3/trace.json?state= HTTP/1.1" 304 0 "http://127.0.0.1:5000/root/button/-/jobs/3" "Mozilla/5.0 (Macintosh; Intel Mac OS X 10_12_5) AppleWebKit/537.36 (KHTML, like Gecko) Chrome/63.0.3239.132 Safari/537.36"
172.20.0.1 - - [21/Jan/2018:15:23:32 +0000] "GET /root/button/-/jobs/3/status.json HTTP/1.1" 304 0 "http://127.0.0.1:5000/root/button/-/jobs/3" "Mozilla/5.0 (Macintosh; Intel Mac OS X 10_12_5) AppleWebKit/537.36 (KHTML, like Gecko) Chrome/63.0.3239.132 Safari/537.36"
172.20.0.1 - - [21/Jan/2018:15:23:36 +0000] "GET /root/button/-/jobs/3/trace.json?state= HTTP/1.1" 304 0 "http://127.0.0.1:5000/root/button/-/jobs/3" "Mozilla/5.0 (Macintosh; Intel Mac OS X 10_12_5) AppleWebKit/537.36 (KHTML, like Gecko) Chrome/63.0.3239.132 Safari/537.36"
172.20.0.1 - - [21/Jan/2018:15:23:36 +0000] "GET /root/button/-/jobs/3/status.json HTTP/1.1" 304 0 "http://127.0.0.1:5000/root/button/-/jobs/3" "Mozilla/5.0 (Macintosh; Intel Mac OS X 10_12_5) AppleWebKit/537.36 (KHTML, like Gecko) Chrome/63.0.3239.132 Safari/537.36"
172.20.0.1 - - [21/Jan/2018:15:23:38 +0000] "GET /root/button/-/jobs/3.json HTTP/1.1" 304 0 "http://127.0.0.1:5000/root/button/-/jobs/3" "Mozilla/5.0 (Macintosh; Intel Mac OS X 10_12_5) AppleWebKit/537.36 (KHTML, like Gecko) Chrome/63.0.3239.132 Safari/537.36"
172.20.0.1 - - [21/Jan/2018:15:23:40 +0000] "GET /root/button/-/jobs/3/trace.json?state= HTTP/1.1" 304 0 "http://127.0.0.1:5000/root/button/-/jobs/3" "Mozilla/5.0 (Macintosh; Intel Mac OS X 10_12_5) AppleWebKit/537.36 (KHTML, like Gecko) Chrome/63.0.3239.132 Safari/537.36"
172.20.0.1 - - [21/Jan/2018:15:23:40 +0000] "GET /root/button/-/jobs/3/status.json HTTP/1.1" 304 0 "http://127.0.0.1:5000/root/button/-/jobs/3" "Mozilla/5.0 (Macintosh; Intel Mac OS X 10_12_5) AppleWebKit/537.36 (KHTML, like Gecko) Chrome/63.0.3239.132 Safari/537.36"
172.20.0.1 - - [21/Jan/2018:15:23:44 +0000] "GET /root/button/-/jobs/3/trace.json?state= HTTP/1.1" 304 0 "http://127.0.0.1:5000/root/button/-/jobs/3" "Mozilla/5.0 (Macintosh; Intel Mac OS X 10_12_5) AppleWebKit/537.36 (KHTML, like Gecko) Chrome/63.0.3239.132 Safari/537.36"
172.20.0.1 - - [21/Jan/2018:15:23:44 +0000] "GET /root/button/-/jobs/3/status.json HTTP/1.1" 304 0 "http://127.0.0.1:5000/root/button/-/jobs/3" "Mozilla/5.0 (Macintosh; Intel Mac OS X 10_12_5) AppleWebKit/537.36 (KHTML, like Gecko) Chrome/63.0.3239.132 Safari/537.36"
172.20.0.1 - - [21/Jan/2018:15:23:48 +0000] "GET /root/button/-/jobs/3/trace.json?state= HTTP/1.1" 304 0 "http://127.0.0.1:5000/root/button/-/jobs/3" "Mozilla/5.0 (Macintosh; Intel Mac OS X 10_12_5) AppleWebKit/537.36 (KHTML, like Gecko) Chrome/63.0.3239.132 Safari/537.36"
172.20.0.1 - - [21/Jan/2018:15:23:48 +0000] "GET /root/button/-/jobs/3/status.json HTTP/1.1" 304 0 "http://127.0.0.1:5000/root/button/-/jobs/3" "Mozilla/5.0 (Macintosh; Intel Mac OS X 10_12_5) AppleWebKit/537.36 (KHTML, like Gecko) Chrome/63.0.3239.132 Safari/537.36"
172.20.0.1 - - [21/Jan/2018:15:23:48 +0000] "GET /root/button/-/jobs/3.json HTTP/1.1" 304 0 "http://127.0.0.1:5000/root/button/-/jobs/3" "Mozilla/5.0 (Macintosh; Intel Mac OS X 10_12_5) AppleWebKit/537.36 (KHTML, like Gecko) Chrome/63.0.3239.132 Safari/537.36"
172.20.0.1 - - [21/Jan/2018:15:23:52 +0000] "GET /root/button/-/jobs/3/trace.json?state= HTTP/1.1" 304 0 "http://127.0.0.1:5000/root/button/-/jobs/3" "Mozilla/5.0 (Macintosh; Intel Mac OS X 10_12_5) AppleWebKit/537.36 (KHTML, like Gecko) Chrome/63.0.3239.132 Safari/537.36"
172.20.0.1 - - [21/Jan/2018:15:23:52 +0000] "GET /root/button/-/jobs/3/status.json HTTP/1.1" 304 0 "http://127.0.0.1:5000/root/button/-/jobs/3" "Mozilla/5.0 (Macintosh; Intel Mac OS X 10_12_5) AppleWebKit/537.36 (KHTML, like Gecko) Chrome/63.0.3239.132 Safari/537.36"
172.20.0.1 - - [21/Jan/2018:15:23:56 +0000] "GET /root/button/-/jobs/3/trace.json?state= HTTP/1.1" 304 0 "http://127.0.0.1:5000/root/button/-/jobs/3" "Mozilla/5.0 (Macintosh; Intel Mac OS X 10_12_5) AppleWebKit/537.36 (KHTML, like Gecko) Chrome/63.0.3239.132 Safari/537.36"
172.20.0.1 - - [21/Jan/2018:15:23:56 +0000] "GET /root/button/-/jobs/3/status.json HTTP/1.1" 304 0 "http://127.0.0.1:5000/root/button/-/jobs/3" "Mozilla/5.0 (Macintosh; Intel Mac OS X 10_12_5) AppleWebKit/537.36 (KHTML, like Gecko) Chrome/63.0.3239.132 Safari/537.36"
172.20.0.1 - - [21/Jan/2018:15:23:59 +0000] "GET /root/button/-/jobs/3.json HTTP/1.1" 304 0 "http://127.0.0.1:5000/root/button/-/jobs/3" "Mozilla/5.0 (Macintosh; Intel Mac OS X 10_12_5) AppleWebKit/537.36 (KHTML, like Gecko) Chrome/63.0.3239.132 Safari/537.36"
172.20.0.1 - - [21/Jan/2018:15:24:01 +0000] "GET /root/button/-/jobs/3/trace.json?state= HTTP/1.1" 304 0 "http://127.0.0.1:5000/root/button/-/jobs/3" "Mozilla/5.0 (Macintosh; Intel Mac OS X 10_12_5) AppleWebKit/537.36 (KHTML, like Gecko) Chrome/63.0.3239.132 Safari/537.36"
172.20.0.1 - - [21/Jan/2018:15:24:01 +0000] "GET /root/button/-/jobs/3/status.json HTTP/1.1" 304 0 "http://127.0.0.1:5000/root/button/-/jobs/3" "Mozilla/5.0 (Macintosh; Intel Mac OS X 10_12_5) AppleWebKit/537.36 (KHTML, like Gecko) Chrome/63.0.3239.132 Safari/537.36"
172.20.0.2 - - [21/Jan/2018:15:24:03 +0000] "POST /api/v4/jobs/request HTTP/1.1" 201 3281 "" "gitlab-ci-multi-runner 9.5.1 (9-5-stable; go1.8.3; linux/amd64)"
172.20.0.1 - - [21/Jan/2018:15:24:05 +0000] "GET /root/button/-/jobs/3/trace.json?state= HTTP/1.1" 200 75 "http://127.0.0.1:5000/root/button/-/jobs/3" "Mozilla/5.0 (Macintosh; Intel Mac OS X 10_12_5) AppleWebKit/537.36 (KHTML, like Gecko) Chrome/63.0.3239.132 Safari/537.36"
172.20.0.1 - - [21/Jan/2018:15:24:05 +0000] "GET /root/button/-/jobs/3/status.json HTTP/1.1" 200 237 "http://127.0.0.1:5000/root/button/-/jobs/3" "Mozilla/5.0 (Macintosh; Intel Mac OS X 10_12_5) AppleWebKit/537.36 (KHTML, like Gecko) Chrome/63.0.3239.132 Safari/537.36"
172.20.0.1 - - [21/Jan/2018:15:24:05 +0000] "GET /root/button/-/jobs/3 HTTP/1.1" 200 8865 "http://127.0.0.1:5000/root/button/-/jobs/3" "Mozilla/5.0 (Macintosh; Intel Mac OS X 10_12_5) AppleWebKit/537.36 (KHTML, like Gecko) Chrome/63.0.3239.132 Safari/537.36"
172.20.0.1 - - [21/Jan/2018:15:24:05 +0000] "GET /root/button/-/jobs/3/trace.json?state= HTTP/1.1" 304 0 "http://127.0.0.1:5000/root/button/-/jobs/3" "Mozilla/5.0 (Macintosh; Intel Mac OS X 10_12_5) AppleWebKit/537.36 (KHTML, like Gecko) Chrome/63.0.3239.132 Safari/537.36"
172.20.0.1 - - [21/Jan/2018:15:24:05 +0000] "GET /root/button/-/jobs/3/status.json HTTP/1.1" 304 0 "http://127.0.0.1:5000/root/button/-/jobs/3" "Mozilla/5.0 (Macintosh; Intel Mac OS X 10_12_5) AppleWebKit/537.36 (KHTML, like Gecko) Chrome/63.0.3239.132 Safari/537.36"
172.20.0.1 - - [21/Jan/2018:15:24:05 +0000] "GET /root/button/-/jobs/3.json HTTP/1.1" 200 957 "http://127.0.0.1:5000/root/button/-/jobs/3" "Mozilla/5.0 (Macintosh; Intel Mac OS X 10_12_5) AppleWebKit/537.36 (KHTML, like Gecko) Chrome/63.0.3239.132 Safari/537.36"
172.20.0.2 - - [21/Jan/2018:15:24:06 +0000] "PUT /api/v4/jobs/3 HTTP/1.1" 200 4 "" "gitlab-ci-multi-runner 9.5.1 (9-5-stable; go1.8.3; linux/amd64)"
172.20.0.2 - - [21/Jan/2018:15:24:06 +0000] "PATCH /api/v4/jobs/3/trace HTTP/1.1" 202 7 "" "gitlab-ci-multi-runner 9.5.1 (9-5-stable; go1.8.3; linux/amd64)"
172.20.0.1 - - [21/Jan/2018:15:24:09 +0000] "GET /root/button/-/jobs/3/trace.json?state= HTTP/1.1" 200 542 "http://127.0.0.1:5000/root/button/-/jobs/3" "Mozilla/5.0 (Macintosh; Intel Mac OS X 10_12_5) AppleWebKit/537.36 (KHTML, like Gecko) Chrome/63.0.3239.132 Safari/537.36"
172.20.0.1 - - [21/Jan/2018:15:24:09 +0000] "GET /root/button/-/jobs/3/status.json HTTP/1.1" 304 0 "http://127.0.0.1:5000/root/button/-/jobs/3" "Mozilla/5.0 (Macintosh; Intel Mac OS X 10_12_5) AppleWebKit/537.36 (KHTML, like Gecko) Chrome/63.0.3239.132 Safari/537.36"
172.20.0.2 - - [21/Jan/2018:15:24:10 +0000] "PATCH /api/v4/jobs/3/trace HTTP/1.1" 202 8 "" "gitlab-ci-multi-runner 9.5.1 (9-5-stable; go1.8.3; linux/amd64)"
172.20.0.2 - - [21/Jan/2018:15:24:13 +0000] "PUT /api/v4/jobs/3 HTTP/1.1" 200 4 "" "gitlab-ci-multi-runner 9.5.1 (9-5-stable; go1.8.3; linux/amd64)"
172.20.0.2 - - [21/Jan/2018:15:24:13 +0000] "POST /api/v4/jobs/request HTTP/1.1" 204 0 "" "gitlab-ci-multi-runner 9.5.1 (9-5-stable; go1.8.3; linux/amd64)"
172.20.0.1 - - [21/Jan/2018:15:24:13 +0000] "GET /root/button/-/jobs/3/trace.json?state=eyJvZmZzZXQiOjQwNiwibl9vcGVuX3RhZ3MiOjAsImZnX2NvbG9yIjpudWxsLCJiZ19jb2xvciI6bnVsbCwic3R5bGVfbWFzayI6MH0%3D HTTP/1.1" 200 557 "http://127.0.0.1:5000/root/button/-/jobs/3" "Mozilla/5.0 (Macintosh; Intel Mac OS X 10_12_5) AppleWebKit/537.36 (KHTML, like Gecko) Chrome/63.0.3239.132 Safari/537.36"
172.20.0.1 - - [21/Jan/2018:15:24:14 +0000] "GET /root/button/-/jobs/3/status.json HTTP/1.1" 200 234 "http://127.0.0.1:5000/root/button/-/jobs/3" "Mozilla/5.0 (Macintosh; Intel Mac OS X 10_12_5) AppleWebKit/537.36 (KHTML, like Gecko) Chrome/63.0.3239.132 Safari/537.36"
172.20.0.1 - - [21/Jan/2018:15:24:14 +0000] "GET /root/button/-/jobs/3 HTTP/1.1" 200 9064 "http://127.0.0.1:5000/root/button/-/jobs/3" "Mozilla/5.0 (Macintosh; Intel Mac OS X 10_12_5) AppleWebKit/537.36 (KHTML, like Gecko) Chrome/63.0.3239.132 Safari/537.36"
172.20.0.1 - - [21/Jan/2018:15:24:14 +0000] "GET /root/button/-/jobs/3/trace.json?state= HTTP/1.1" 200 672 "http://127.0.0.1:5000/root/button/-/jobs/3" "Mozilla/5.0 (Macintosh; Intel Mac OS X 10_12_5) AppleWebKit/537.36 (KHTML, like Gecko) Chrome/63.0.3239.132 Safari/537.36"
172.20.0.1 - - [21/Jan/2018:15:24:14 +0000] "GET /root/button/-/jobs/3.json HTTP/1.1" 200 1056 "http://127.0.0.1:5000/root/button/-/jobs/3" "Mozilla/5.0 (Macintosh; Intel Mac OS X 10_12_5) AppleWebKit/537.36 (KHTML, like Gecko) Chrome/63.0.3239.132 Safari/537.36"
172.20.0.1 - - [21/Jan/2018:15:24:15 +0000] "GET /root/button/-/jobs/3/status.json HTTP/1.1" 304 0 "http://127.0.0.1:5000/root/button/-/jobs/3" "Mozilla/5.0 (Macintosh; Intel Mac OS X 10_12_5) AppleWebKit/537.36 (KHTML, like Gecko) Chrome/63.0.3239.132 Safari/537.36"
127.0.0.1 - - [21/Jan/2018:15:24:15 +0000] "GET /help HTTP/1.1" 200 29464 "" "curl/7.56.1"
172.20.0.2 - - [21/Jan/2018:15:24:16 +0000] "POST /api/v4/jobs/request HTTP/1.1" 204 0 "" "gitlab-ci-multi-runner 9.5.1 (9-5-stable; go1.8.3; linux/amd64)"
172.20.0.2 - - [21/Jan/2018:15:24:19 +0000] "POST /api/v4/jobs/request HTTP/1.1" 204 0 "" "gitlab-ci-multi-runner 9.5.1 (9-5-stable; go1.8.3; linux/amd64)"
172.20.0.2 - - [21/Jan/2018:15:24:22 +0000] "POST /api/v4/jobs/request HTTP/1.1" 204 0 "" "gitlab-ci-multi-runner 9.5.1 (9-5-stable; go1.8.3; linux/amd64)"
172.20.0.2 - - [21/Jan/2018:15:24:25 +0000] "POST /api/v4/jobs/request HTTP/1.1" 204 0 "" "gitlab-ci-multi-runner 9.5.1 (9-5-stable; go1.8.3; linux/amd64)"
172.20.0.1 - - [21/Jan/2018:15:24:25 +0000] "GET /root/button/-/jobs/3.json HTTP/1.1" 304 0 "http://127.0.0.1:5000/root/button/-/jobs/3" "Mozilla/5.0 (Macintosh; Intel Mac OS X 10_12_5) AppleWebKit/537.36 (KHTML, like Gecko) Chrome/63.0.3239.132 Safari/537.36"
172.20.0.1 - - [21/Jan/2018:15:24:26 +0000] "GET /root/button/-/jobs/3 HTTP/1.1" 200 9062 "http://127.0.0.1:5000/root/button/-/jobs/3" "Mozilla/5.0 (Macintosh; Intel Mac OS X 10_12_5) AppleWebKit/537.36 (KHTML, like Gecko) Chrome/63.0.3239.132 Safari/537.36"
172.20.0.1 - - [21/Jan/2018:15:24:26 +0000] "GET /assets/favicon-075eba76312e8421991a0c1f89a89ee81678bcde72319dd3e8047e2a47cd3a42.ico HTTP/1.1" 200 1384 "http://127.0.0.1:5000/root/button/-/jobs/3" "Mozilla/5.0 (Macintosh; Intel Mac OS X 10_12_5) AppleWebKit/537.36 (KHTML, like Gecko) Chrome/63.0.3239.132 Safari/537.36"
172.20.0.1 - - [21/Jan/2018:15:24:26 +0000] "GET /root/button/-/jobs/3/trace.json?state= HTTP/1.1" 304 0 "http://127.0.0.1:5000/root/button/-/jobs/3" "Mozilla/5.0 (Macintosh; Intel Mac OS X 10_12_5) AppleWebKit/537.36 (KHTML, like Gecko) Chrome/63.0.3239.132 Safari/537.36"
172.20.0.1 - - [21/Jan/2018:15:24:26 +0000] "GET /root/button/-/jobs/3/status.json HTTP/1.1" 304 0 "http://127.0.0.1:5000/root/button/-/jobs/3" "Mozilla/5.0 (Macintosh; Intel Mac OS X 10_12_5) AppleWebKit/537.36 (KHTML, like Gecko) Chrome/63.0.3239.132 Safari/537.36"
172.20.0.1 - - [21/Jan/2018:15:24:26 +0000] "GET /root/button/-/jobs/3.json HTTP/1.1" 304 0 "http://127.0.0.1:5000/root/button/-/jobs/3" "Mozilla/5.0 (Macintosh; Intel Mac OS X 10_12_5) AppleWebKit/537.36 (KHTML, like Gecko) Chrome/63.0.3239.132 Safari/537.36"
172.20.0.2 - - [21/Jan/2018:15:24:28 +0000] "POST /api/v4/jobs/request HTTP/1.1" 204 0 "" "gitlab-ci-multi-runner 9.5.1 (9-5-stable; go1.8.3; linux/amd64)"
172.20.0.2 - - [21/Jan/2018:15:24:31 +0000] "POST /api/v4/jobs/request HTTP/1.1" 204 0 "" "gitlab-ci-multi-runner 9.5.1 (9-5-stable; go1.8.3; linux/amd64)"
172.20.0.2 - - [21/Jan/2018:15:24:34 +0000] "POST /api/v4/jobs/request HTTP/1.1" 204 0 "" "gitlab-ci-multi-runner 9.5.1 (9-5-stable; go1.8.3; linux/amd64)"
172.20.0.2 - - [21/Jan/2018:15:24:37 +0000] "POST /api/v4/jobs/request HTTP/1.1" 204 0 "" "gitlab-ci-multi-runner 9.5.1 (9-5-stable; go1.8.3; linux/amd64)"
172.20.0.1 - - [21/Jan/2018:15:24:37 +0000] "GET /root/button/-/jobs/3.json HTTP/1.1" 304 0 "http://127.0.0.1:5000/root/button/-/jobs/3" "Mozilla/5.0 (Macintosh; Intel Mac OS X 10_12_5) AppleWebKit/537.36 (KHTML, like Gecko) Chrome/63.0.3239.132 Safari/537.36"
172.20.0.2 - - [21/Jan/2018:15:24:40 +0000] "POST /api/v4/jobs/request HTTP/1.1" 204 0 "" "gitlab-ci-multi-runner 9.5.1 (9-5-stable; go1.8.3; linux/amd64)"
