172.20.0.2 - - [21/Jan/2018:15:24:43 +0000] "POST /api/v4/jobs/request HTTP/1.1" 204 0 "" "gitlab-ci-multi-runner 9.5.1 (9-5-stable; go1.8.3; linux/amd64)"
172.20.0.1 - - [21/Jan/2018:15:24:44 +0000] "POST /root/button/-/jobs/3/retry HTTP/1.1" 302 108 "http://127.0.0.1:5000/root/button/-/jobs/3" "Mozilla/5.0 (Macintosh; Intel Mac OS X 10_12_5) AppleWebKit/537.36 (KHTML, like Gecko) Chrome/63.0.3239.132 Safari/537.36"
172.20.0.1 - - [21/Jan/2018:15:24:44 +0000] "GET /root/button/-/jobs/4 HTTP/1.1" 200 8884 "http://127.0.0.1:5000/root/button/-/jobs/3" "Mozilla/5.0 (Macintosh; Intel Mac OS X 10_12_5) AppleWebKit/537.36 (KHTML, like Gecko) Chrome/63.0.3239.132 Safari/537.36"
172.20.0.1 - - [21/Jan/2018:15:24:45 +0000] "GET /root/button/-/jobs/4/trace.json?state= HTTP/1.1" 200 75 "http://127.0.0.1:5000/root/button/-/jobs/4" "Mozilla/5.0 (Macintosh; Intel Mac OS X 10_12_5) AppleWebKit/537.36 (KHTML, like Gecko) Chrome/63.0.3239.132 Safari/537.36"
172.20.0.1 - - [21/Jan/2018:15:24:45 +0000] "GET /root/button/-/jobs/4.json HTTP/1.1" 200 977 "http://127.0.0.1:5000/root/button/-/jobs/4" "Mozilla/5.0 (Macintosh; Intel Mac OS X 10_12_5) AppleWebKit/537.36 (KHTML, like Gecko) Chrome/63.0.3239.132 Safari/537.36"
172.20.0.1 - - [21/Jan/2018:15:24:45 +0000] "GET /root/button/-/jobs/4/status.json HTTP/1.1" 200 236 "http://127.0.0.1:5000/root/button/-/jobs/4" "Mozilla/5.0 (Macintosh; Intel Mac OS X 10_12_5) AppleWebKit/537.36 (KHTML, like Gecko) Chrome/63.0.3239.132 Safari/537.36"
172.20.0.2 - - [21/Jan/2018:15:24:46 +0000] "POST /api/v4/jobs/request HTTP/1.1" 201 3281 "" "gitlab-ci-multi-runner 9.5.1 (9-5-stable; go1.8.3; linux/amd64)"
172.20.0.2 - - [21/Jan/2018:15:24:49 +0000] "PUT /api/v4/jobs/4 HTTP/1.1" 200 4 "" "gitlab-ci-multi-runner 9.5.1 (9-5-stable; go1.8.3; linux/amd64)"
172.20.0.2 - - [21/Jan/2018:15:24:49 +0000] "PATCH /api/v4/jobs/4/trace HTTP/1.1" 202 7 "" "gitlab-ci-multi-runner 9.5.1 (9-5-stable; go1.8.3; linux/amd64)"
172.20.0.1 - - [21/Jan/2018:15:24:49 +0000] "GET /root/button/-/jobs/4/trace.json?state= HTTP/1.1" 200 543 "http://127.0.0.1:5000/root/button/-/jobs/4" "Mozilla/5.0 (Macintosh; Intel Mac OS X 10_12_5) AppleWebKit/537.36 (KHTML, like Gecko) Chrome/63.0.3239.132 Safari/537.36"
172.20.0.1 - - [21/Jan/2018:15:24:49 +0000] "GET /root/button/-/jobs/4/status.json HTTP/1.1" 200 236 "http://127.0.0.1:5000/root/button/-/jobs/4" "Mozilla/5.0 (Macintosh; Intel Mac OS X 10_12_5) AppleWebKit/537.36 (KHTML, like Gecko) Chrome/63.0.3239.132 Safari/537.36"
172.20.0.1 - - [21/Jan/2018:15:24:49 +0000] "GET /root/button/-/jobs/4 HTTP/1.1" 200 8936 "http://127.0.0.1:5000/root/button/-/jobs/4" "Mozilla/5.0 (Macintosh; Intel Mac OS X 10_12_5) AppleWebKit/537.36 (KHTML, like Gecko) Chrome/63.0.3239.132 Safari/537.36"
172.20.0.1 - - [21/Jan/2018:15:24:49 +0000] "GET /root/button/-/jobs/4/trace.json?state= HTTP/1.1" 304 0 "http://127.0.0.1:5000/root/button/-/jobs/4" "Mozilla/5.0 (Macintosh; Intel Mac OS X 10_12_5) AppleWebKit/537.36 (KHTML, like Gecko) Chrome/63.0.3239.132 Safari/537.36"
172.20.0.1 - - [21/Jan/2018:15:24:50 +0000] "GET /root/button/-/jobs/4/status.json HTTP/1.1" 304 0 "http://127.0.0.1:5000/root/button/-/jobs/4" "Mozilla/5.0 (Macintosh; Intel Mac OS X 10_12_5) AppleWebKit/537.36 (KHTML, like Gecko) Chrome/63.0.3239.132 Safari/537.36"
172.20.0.1 - - [21/Jan/2018:15:24:50 +0000] "GET /root/button/-/jobs/4.json HTTP/1.1" 200 952 "http://127.0.0.1:5000/root/button/-/jobs/4" "Mozilla/5.0 (Macintosh; Intel Mac OS X 10_12_5) AppleWebKit/537.36 (KHTML, like Gecko) Chrome/63.0.3239.132 Safari/537.36"
172.20.0.2 - - [21/Jan/2018:15:24:52 +0000] "PATCH /api/v4/jobs/4/trace HTTP/1.1" 202 7 "" "gitlab-ci-multi-runner 9.5.1 (9-5-stable; go1.8.3; linux/amd64)"
172.20.0.1 - - [21/Jan/2018:15:24:53 +0000] "GET /root/button/-/jobs/4/trace.json?state=eyJvZmZzZXQiOjQwNiwibl9vcGVuX3RhZ3MiOjAsImZnX2NvbG9yIjpudWxsLCJiZ19jb2xvciI6bnVsbCwic3R5bGVfbWFzayI6MH0%3D HTTP/1.1" 200 477 "http://127.0.0.1:5000/root/button/-/jobs/4" "Mozilla/5.0 (Macintosh; Intel Mac OS X 10_12_5) AppleWebKit/537.36 (KHTML, like Gecko) Chrome/63.0.3239.132 Safari/537.36"
172.20.0.1 - - [21/Jan/2018:15:24:54 +0000] "GET /root/button/-/jobs/4/status.json HTTP/1.1" 304 0 "http://127.0.0.1:5000/root/button/-/jobs/4" "Mozilla/5.0 (Macintosh; Intel Mac OS X 10_12_5) AppleWebKit/537.36 (KHTML, like Gecko) Chrome/63.0.3239.132 Safari/537.36"
172.20.0.2 - - [21/Jan/2018:15:24:55 +0000] "PATCH /api/v4/jobs/4/trace HTTP/1.1" 202 8 "" "gitlab-ci-multi-runner 9.5.1 (9-5-stable; go1.8.3; linux/amd64)"
172.20.0.2 - - [21/Jan/2018:15:24:55 +0000] "PUT /api/v4/jobs/4 HTTP/1.1" 200 4 "" "gitlab-ci-multi-runner 9.5.1 (9-5-stable; go1.8.3; linux/amd64)"
172.20.0.2 - - [21/Jan/2018:15:24:55 +0000] "POST /api/v4/jobs/request HTTP/1.1" 204 0 "" "gitlab-ci-multi-runner 9.5.1 (9-5-stable; go1.8.3; linux/amd64)"
172.20.0.1 - - [21/Jan/2018:15:24:58 +0000] "GET /root/button/-/jobs/4/trace.json?state=eyJvZmZzZXQiOjcwOCwibl9vcGVuX3RhZ3MiOjAsImZnX2NvbG9yIjpudWxsLCJiZ19jb2xvciI6bnVsbCwic3R5bGVfbWFzayI6MH0%3D HTTP/1.1" 200 500 "http://127.0.0.1:5000/root/button/-/jobs/4" "Mozilla/5.0 (Macintosh; Intel Mac OS X 10_12_5) AppleWebKit/537.36 (KHTML, like Gecko) Chrome/63.0.3239.132 Safari/537.36"
172.20.0.1 - - [21/Jan/2018:15:24:58 +0000] "GET /root/button/-/jobs/4/status.json HTTP/1.1" 200 234 "http://127.0.0.1:5000/root/button/-/jobs/4" "Mozilla/5.0 (Macintosh; Intel Mac OS X 10_12_5) AppleWebKit/537.36 (KHTML, like Gecko) Chrome/63.0.3239.132 Safari/537.36"
172.20.0.1 - - [21/Jan/2018:15:24:58 +0000] "GET /root/button/-/jobs/4 HTTP/1.1" 200 9081 "http://127.0.0.1:5000/root/button/-/jobs/4" "Mozilla/5.0 (Macintosh; Intel Mac OS X 10_12_5) AppleWebKit/537.36 (KHTML, like Gecko) Chrome/63.0.3239.132 Safari/537.36"
172.20.0.2 - - [21/Jan/2018:15:24:58 +0000] "POST /api/v4/jobs/request HTTP/1.1" 204 0 "" "gitlab-ci-multi-runner 9.5.1 (9-5-stable; go1.8.3; linux/amd64)"
172.20.0.1 - - [21/Jan/2018:15:24:58 +0000] "GET /root/button/-/jobs/4/trace.json?state= HTTP/1.1" 200 674 "http://127.0.0.1:5000/root/button/-/jobs/4" "Mozilla/5.0 (Macintosh; Intel Mac OS X 10_12_5) AppleWebKit/537.36 (KHTML, like Gecko) Chrome/63.0.3239.132 Safari/537.36"
172.20.0.1 - - [21/Jan/2018:15:24:58 +0000] "GET /root/button/-/jobs/4/status.json HTTP/1.1" 304 0 "http://127.0.0.1:5000/root/button/-/jobs/4" "Mozilla/5.0 (Macintosh; Intel Mac OS X 10_12_5) AppleWebKit/537.36 (KHTML, like Gecko) Chrome/63.0.3239.132 Safari/537.36"
172.20.0.1 - - [21/Jan/2018:15:24:58 +0000] "GET /root/button/-/jobs/4.json HTTP/1.1" 200 1051 "http://127.0.0.1:5000/root/button/-/jobs/4" "Mozilla/5.0 (Macintosh; Intel Mac OS X 10_12_5) AppleWebKit/537.36 (KHTML, like Gecko) Chrome/63.0.3239.132 Safari/537.36"
172.20.0.2 - - [21/Jan/2018:15:25:01 +0000] "POST /api/v4/jobs/request HTTP/1.1" 204 0 "" "gitlab-ci-multi-runner 9.5.1 (9-5-stable; go1.8.3; linux/amd64)"
172.20.0.2 - - [21/Jan/2018:15:25:04 +0000] "POST /api/v4/jobs/request HTTP/1.1" 204 0 "" "gitlab-ci-multi-runner 9.5.1 (9-5-stable; go1.8.3; linux/amd64)"
172.20.0.2 - - [21/Jan/2018:15:25:07 +0000] "POST /api/v4/jobs/request HTTP/1.1" 204 0 "" "gitlab-ci-multi-runner 9.5.1 (9-5-stable; go1.8.3; linux/amd64)"
172.20.0.1 - - [21/Jan/2018:15:25:08 +0000] "GET /root/button/-/jobs/4.json HTTP/1.1" 304 0 "http://127.0.0.1:5000/root/button/-/jobs/4" "Mozilla/5.0 (Macintosh; Intel Mac OS X 10_12_5) AppleWebKit/537.36 (KHTML, like Gecko) Chrome/63.0.3239.132 Safari/537.36"
172.20.0.2 - - [21/Jan/2018:15:25:10 +0000] "POST /api/v4/jobs/request HTTP/1.1" 204 0 "" "gitlab-ci-multi-runner 9.5.1 (9-5-stable; go1.8.3; linux/amd64)"
172.20.0.2 - - [21/Jan/2018:15:25:13 +0000] "POST /api/v4/jobs/request HTTP/1.1" 204 0 "" "gitlab-ci-multi-runner 9.5.1 (9-5-stable; go1.8.3; linux/amd64)"
127.0.0.1 - - [21/Jan/2018:15:25:15 +0000] "GET /help HTTP/1.1" 200 29464 "" "curl/7.56.1"
172.20.0.2 - - [21/Jan/2018:15:25:16 +0000] "POST /api/v4/jobs/request HTTP/1.1" 204 0 "" "gitlab-ci-multi-runner 9.5.1 (9-5-stable; go1.8.3; linux/amd64)"
172.20.0.1 - - [21/Jan/2018:15:25:19 +0000] "GET /root/button/-/jobs/4.json HTTP/1.1" 304 0 "http://127.0.0.1:5000/root/button/-/jobs/4" "Mozilla/5.0 (Macintosh; Intel Mac OS X 10_12_5) AppleWebKit/537.36 (KHTML, like Gecko) Chrome/63.0.3239.132 Safari/537.36"
172.20.0.2 - - [21/Jan/2018:15:25:19 +0000] "POST /api/v4/jobs/request HTTP/1.1" 204 0 "" "gitlab-ci-multi-runner 9.5.1 (9-5-stable; go1.8.3; linux/amd64)"
172.20.0.2 - - [21/Jan/2018:15:25:22 +0000] "POST /api/v4/jobs/request HTTP/1.1" 204 0 "" "gitlab-ci-multi-runner 9.5.1 (9-5-stable; go1.8.3; linux/amd64)"
172.20.0.2 - - [21/Jan/2018:15:25:25 +0000] "POST /api/v4/jobs/request HTTP/1.1" 204 0 "" "gitlab-ci-multi-runner 9.5.1 (9-5-stable; go1.8.3; linux/amd64)"
172.20.0.2 - - [21/Jan/2018:15:25:28 +0000] "POST /api/v4/jobs/request HTTP/1.1" 204 0 "" "gitlab-ci-multi-runner 9.5.1 (9-5-stable; go1.8.3; linux/amd64)"
172.20.0.1 - - [21/Jan/2018:15:25:29 +0000] "GET /root/button/-/jobs/4.json HTTP/1.1" 304 0 "http://127.0.0.1:5000/root/button/-/jobs/4" "Mozilla/5.0 (Macintosh; Intel Mac OS X 10_12_5) AppleWebKit/537.36 (KHTML, like Gecko) Chrome/63.0.3239.132 Safari/537.36"
172.20.0.2 - - [21/Jan/2018:15:25:31 +0000] "POST /api/v4/jobs/request HTTP/1.1" 204 0 "" "gitlab-ci-multi-runner 9.5.1 (9-5-stable; go1.8.3; linux/amd64)"
172.20.0.2 - - [21/Jan/2018:15:25:34 +0000] "POST /api/v4/jobs/request HTTP/1.1" 204 0 "" "gitlab-ci-multi-runner 9.5.1 (9-5-stable; go1.8.3; linux/amd64)"
172.20.0.2 - - [21/Jan/2018:15:25:37 +0000] "POST /api/v4/jobs/request HTTP/1.1" 204 0 "" "gitlab-ci-multi-runner 9.5.1 (9-5-stable; go1.8.3; linux/amd64)"
172.20.0.1 - - [21/Jan/2018:15:25:39 +0000] "GET /root/button/-/jobs/4.json HTTP/1.1" 304 0 "http://127.0.0.1:5000/root/button/-/jobs/4" "Mozilla/5.0 (Macintosh; Intel Mac OS X 10_12_5) AppleWebKit/537.36 (KHTML, like Gecko) Chrome/63.0.3239.132 Safari/537.36"
172.20.0.2 - - [21/Jan/2018:15:25:40 +0000] "POST /api/v4/jobs/request HTTP/1.1" 204 0 "" "gitlab-ci-multi-runner 9.5.1 (9-5-stable; go1.8.3; linux/amd64)"
172.20.0.2 - - [21/Jan/2018:15:25:43 +0000] "POST /api/v4/jobs/request HTTP/1.1" 204 0 "" "gitlab-ci-multi-runner 9.5.1 (9-5-stable; go1.8.3; linux/amd64)"
172.20.0.2 - - [21/Jan/2018:15:25:46 +0000] "POST /api/v4/jobs/request HTTP/1.1" 204 0 "" "gitlab-ci-multi-runner 9.5.1 (9-5-stable; go1.8.3; linux/amd64)"
172.20.0.2 - - [21/Jan/2018:15:25:49 +0000] "POST /api/v4/jobs/request HTTP/1.1" 204 0 "" "gitlab-ci-multi-runner 9.5.1 (9-5-stable; go1.8.3; linux/amd64)"
172.20.0.1 - - [21/Jan/2018:15:25:49 +0000] "GET /root/button/-/jobs/4.json HTTP/1.1" 304 0 "http://127.0.0.1:5000/root/button/-/jobs/4" "Mozilla/5.0 (Macintosh; Intel Mac OS X 10_12_5) AppleWebKit/537.36 (KHTML, like Gecko) Chrome/63.0.3239.132 Safari/537.36"
172.20.0.2 - - [21/Jan/2018:15:25:52 +0000] "POST /api/v4/jobs/request HTTP/1.1" 204 0 "" "gitlab-ci-multi-runner 9.5.1 (9-5-stable; go1.8.3; linux/amd64)"
172.20.0.2 - - [21/Jan/2018:15:25:55 +0000] "POST /api/v4/jobs/request HTTP/1.1" 204 0 "" "gitlab-ci-multi-runner 9.5.1 (9-5-stable; go1.8.3; linux/amd64)"
172.20.0.2 - - [21/Jan/2018:15:25:58 +0000] "POST /api/v4/jobs/request HTTP/1.1" 204 0 "" "gitlab-ci-multi-runner 9.5.1 (9-5-stable; go1.8.3; linux/amd64)"
172.20.0.1 - - [21/Jan/2018:15:25:59 +0000] "GET /root/button/-/jobs/4.json HTTP/1.1" 304 0 "http://127.0.0.1:5000/root/button/-/jobs/4" "Mozilla/5.0 (Macintosh; Intel Mac OS X 10_12_5) AppleWebKit/537.36 (KHTML, like Gecko) Chrome/63.0.3239.132 Safari/537.36"
172.20.0.2 - - [21/Jan/2018:15:26:01 +0000] "POST /api/v4/jobs/request HTTP/1.1" 204 0 "" "gitlab-ci-multi-runner 9.5.1 (9-5-stable; go1.8.3; linux/amd64)"
172.20.0.2 - - [21/Jan/2018:15:26:04 +0000] "POST /api/v4/jobs/request HTTP/1.1" 204 0 "" "gitlab-ci-multi-runner 9.5.1 (9-5-stable; go1.8.3; linux/amd64)"
172.20.0.2 - - [21/Jan/2018:15:26:07 +0000] "POST /api/v4/jobs/request HTTP/1.1" 204 0 "" "gitlab-ci-multi-runner 9.5.1 (9-5-stable; go1.8.3; linux/amd64)"
172.20.0.1 - - [21/Jan/2018:15:26:07 +0000] "GET /root/button/-/jobs/4.json HTTP/1.1" 304 0 "http://127.0.0.1:5000/root/button/-/jobs/4" "Mozilla/5.0 (Macintosh; Intel Mac OS X 10_12_5) AppleWebKit/537.36 (KHTML, like Gecko) Chrome/63.0.3239.132 Safari/537.36"
172.20.0.2 - - [21/Jan/2018:15:26:10 +0000] "POST /api/v4/jobs/request HTTP/1.1" 204 0 "" "gitlab-ci-multi-runner 9.5.1 (9-5-stable; go1.8.3; linux/amd64)"
172.20.0.2 - - [21/Jan/2018:15:26:13 +0000] "POST /api/v4/jobs/request HTTP/1.1" 204 0 "" "gitlab-ci-multi-runner 9.5.1 (9-5-stable; go1.8.3; linux/amd64)"
127.0.0.1 - - [21/Jan/2018:15:26:15 +0000] "GET /help HTTP/1.1" 200 29464 "" "curl/7.56.1"
172.20.0.2 - - [21/Jan/2018:15:26:16 +0000] "POST /api/v4/jobs/request HTTP/1.1" 204 0 "" "gitlab-ci-multi-runner 9.5.1 (9-5-stable; go1.8.3; linux/amd64)"
172.20.0.1 - - [21/Jan/2018:15:26:18 +0000] "GET /root/button/-/jobs/4.json HTTP/1.1" 304 0 "http://127.0.0.1:5000/root/button/-/jobs/4" "Mozilla/5.0 (Macintosh; Intel Mac OS X 10_12_5) AppleWebKit/537.36 (KHTML, like Gecko) Chrome/63.0.3239.132 Safari/537.36"
172.20.0.1 - - [21/Jan/2018:15:26:19 +0000] "GET /root/button/tree/master HTTP/1.1" 200 10378 "http://127.0.0.1:5000/root/button/-/jobs/4" "Mozilla/5.0 (Macintosh; Intel Mac OS X 10_12_5) AppleWebKit/537.36 (KHTML, like Gecko) Chrome/63.0.3239.132 Safari/537.36"
172.20.0.1 - - [21/Jan/2018:15:26:19 +0000] "GET /root/button/refs/master/logs_tree/?_=1516548379099 HTTP/1.1" 200 494 "http://127.0.0.1:5000/root/button/tree/master" "Mozilla/5.0 (Macintosh; Intel Mac OS X 10_12_5) AppleWebKit/537.36 (KHTML, like Gecko) Chrome/63.0.3239.132 Safari/537.36"
172.20.0.2 - - [21/Jan/2018:15:26:19 +0000] "POST /api/v4/jobs/request HTTP/1.1" 204 0 "" "gitlab-ci-multi-runner 9.5.1 (9-5-stable; go1.8.3; linux/amd64)"
172.20.0.1 - - [21/Jan/2018:15:26:20 +0000] "GET /root/button/blob/master/.gitlab-ci.yml HTTP/1.1" 200 10462 "http://127.0.0.1:5000/root/button/tree/master" "Mozilla/5.0 (Macintosh; Intel Mac OS X 10_12_5) AppleWebKit/537.36 (KHTML, like Gecko) Chrome/63.0.3239.132 Safari/537.36"
172.20.0.1 - - [21/Jan/2018:15:26:20 +0000] "GET /root/button/blob/master/.gitlab-ci.yml?format=json&viewer=auxiliary HTTP/1.1" 304 0 "http://127.0.0.1:5000/root/button/blob/master/.gitlab-ci.yml" "Mozilla/5.0 (Macintosh; Intel Mac OS X 10_12_5) AppleWebKit/537.36 (KHTML, like Gecko) Chrome/63.0.3239.132 Safari/537.36"
172.20.0.1 - - [21/Jan/2018:15:26:20 +0000] "GET /root/button/blob/master/.gitlab-ci.yml?format=json&viewer=simple HTTP/1.1" 304 0 "http://127.0.0.1:5000/root/button/blob/master/.gitlab-ci.yml" "Mozilla/5.0 (Macintosh; Intel Mac OS X 10_12_5) AppleWebKit/537.36 (KHTML, like Gecko) Chrome/63.0.3239.132 Safari/537.36"
172.20.0.2 - - [21/Jan/2018:15:26:22 +0000] "POST /api/v4/jobs/request HTTP/1.1" 204 0 "" "gitlab-ci-multi-runner 9.5.1 (9-5-stable; go1.8.3; linux/amd64)"
172.20.0.2 - - [21/Jan/2018:15:26:25 +0000] "POST /api/v4/jobs/request HTTP/1.1" 204 0 "" "gitlab-ci-multi-runner 9.5.1 (9-5-stable; go1.8.3; linux/amd64)"
172.20.0.1 - - [21/Jan/2018:15:26:28 +0000] "GET /root/button/edit/master/.gitlab-ci.yml HTTP/1.1" 200 11748 "http://127.0.0.1:5000/root/button/blob/master/.gitlab-ci.yml" "Mozilla/5.0 (Macintosh; Intel Mac OS X 10_12_5) AppleWebKit/537.36 (KHTML, like Gecko) Chrome/63.0.3239.132 Safari/537.36"
172.20.0.2 - - [21/Jan/2018:15:26:28 +0000] "POST /api/v4/jobs/request HTTP/1.1" 204 0 "" "gitlab-ci-multi-runner 9.5.1 (9-5-stable; go1.8.3; linux/amd64)"
172.20.0.1 - - [21/Jan/2018:15:26:28 +0000] "GET /assets/ace/mode-yaml-c78601583d5121731cb73bd9fd1a22760829d17b4a894d343e4b0386b2146949.js HTTP/1.1" 200 1437 "http://127.0.0.1:5000/root/button/edit/master/.gitlab-ci.yml" "Mozilla/5.0 (Macintosh; Intel Mac OS X 10_12_5) AppleWebKit/537.36 (KHTML, like Gecko) Chrome/63.0.3239.132 Safari/537.36"
172.20.0.2 - - [21/Jan/2018:15:26:31 +0000] "POST /api/v4/jobs/request HTTP/1.1" 204 0 "" "gitlab-ci-multi-runner 9.5.1 (9-5-stable; go1.8.3; linux/amd64)"
172.20.0.2 - - [21/Jan/2018:15:26:34 +0000] "POST /api/v4/jobs/request HTTP/1.1" 204 0 "" "gitlab-ci-multi-runner 9.5.1 (9-5-stable; go1.8.3; linux/amd64)"
172.20.0.2 - - [21/Jan/2018:15:26:37 +0000] "POST /api/v4/jobs/request HTTP/1.1" 204 0 "" "gitlab-ci-multi-runner 9.5.1 (9-5-stable; go1.8.3; linux/amd64)"
172.20.0.2 - - [21/Jan/2018:15:26:40 +0000] "POST /api/v4/jobs/request HTTP/1.1" 204 0 "" "gitlab-ci-multi-runner 9.5.1 (9-5-stable; go1.8.3; linux/amd64)"
172.20.0.2 - - [21/Jan/2018:15:26:43 +0000] "POST /api/v4/jobs/request HTTP/1.1" 204 0 "" "gitlab-ci-multi-runner 9.5.1 (9-5-stable; go1.8.3; linux/amd64)"
172.20.0.2 - - [21/Jan/2018:15:26:46 +0000] "POST /api/v4/jobs/request HTTP/1.1" 204 0 "" "gitlab-ci-multi-runner 9.5.1 (9-5-stable; go1.8.3; linux/amd64)"
172.20.0.1 - - [21/Jan/2018:15:26:46 +0000] "POST /root/button/update/master/.gitlab-ci.yml HTTP/1.1" 302 126 "http://127.0.0.1:5000/root/button/edit/master/.gitlab-ci.yml" "Mozilla/5.0 (Macintosh; Intel Mac OS X 10_12_5) AppleWebKit/537.36 (KHTML, like Gecko) Chrome/63.0.3239.132 Safari/537.36"
172.20.0.1 - - [21/Jan/2018:15:26:46 +0000] "GET /root/button/blob/master/.gitlab-ci.yml HTTP/1.1" 200 10420 "http://127.0.0.1:5000/root/button/edit/master/.gitlab-ci.yml" "Mozilla/5.0 (Macintosh; Intel Mac OS X 10_12_5) AppleWebKit/537.36 (KHTML, like Gecko) Chrome/63.0.3239.132 Safari/537.36"
172.20.0.1 - - [21/Jan/2018:15:26:47 +0000] "GET /root/button/blob/master/.gitlab-ci.yml?format=json&viewer=simple HTTP/1.1" 200 1038 "http://127.0.0.1:5000/root/button/blob/master/.gitlab-ci.yml" "Mozilla/5.0 (Macintosh; Intel Mac OS X 10_12_5) AppleWebKit/537.36 (KHTML, like Gecko) Chrome/63.0.3239.132 Safari/537.36"
172.20.0.1 - - [21/Jan/2018:15:26:47 +0000] "GET /root/button/blob/master/.gitlab-ci.yml?format=json&viewer=auxiliary HTTP/1.1" 200 467 "http://127.0.0.1:5000/root/button/blob/master/.gitlab-ci.yml" "Mozilla/5.0 (Macintosh; Intel Mac OS X 10_12_5) AppleWebKit/537.36 (KHTML, like Gecko) Chrome/63.0.3239.132 Safari/537.36"
172.20.0.1 - - [21/Jan/2018:15:26:48 +0000] "GET /root/button/pipelines HTTP/1.1" 200 7459 "http://127.0.0.1:5000/root/button/blob/master/.gitlab-ci.yml" "Mozilla/5.0 (Macintosh; Intel Mac OS X 10_12_5) AppleWebKit/537.36 (KHTML, like Gecko) Chrome/63.0.3239.132 Safari/537.36"
172.20.0.1 - - [21/Jan/2018:15:26:49 +0000] "GET /root/button/pipelines.json?scope=all&page=1 HTTP/1.1" 200 1367 "http://127.0.0.1:5000/root/button/pipelines" "Mozilla/5.0 (Macintosh; Intel Mac OS X 10_12_5) AppleWebKit/537.36 (KHTML, like Gecko) Chrome/63.0.3239.132 Safari/537.36"
172.20.0.2 - - [21/Jan/2018:15:26:49 +0000] "POST /api/v4/jobs/request HTTP/1.1" 201 3281 "" "gitlab-ci-multi-runner 9.5.1 (9-5-stable; go1.8.3; linux/amd64)"
172.20.0.1 - - [21/Jan/2018:15:26:50 +0000] "GET /root/button/pipelines/2 HTTP/1.1" 200 8877 "http://127.0.0.1:5000/root/button/pipelines" "Mozilla/5.0 (Macintosh; Intel Mac OS X 10_12_5) AppleWebKit/537.36 (KHTML, like Gecko) Chrome/63.0.3239.132 Safari/537.36"
172.20.0.1 - - [21/Jan/2018:15:26:50 +0000] "GET /root/button/pipelines/2/status.json HTTP/1.1" 200 195 "http://127.0.0.1:5000/root/button/pipelines/2" "Mozilla/5.0 (Macintosh; Intel Mac OS X 10_12_5) AppleWebKit/537.36 (KHTML, like Gecko) Chrome/63.0.3239.132 Safari/537.36"
172.20.0.1 - - [21/Jan/2018:15:26:50 +0000] "GET /root/button/pipelines/2.json HTTP/1.1" 200 1150 "http://127.0.0.1:5000/root/button/pipelines/2" "Mozilla/5.0 (Macintosh; Intel Mac OS X 10_12_5) AppleWebKit/537.36 (KHTML, like Gecko) Chrome/63.0.3239.132 Safari/537.36"
172.20.0.1 - - [21/Jan/2018:15:26:52 +0000] "GET /root/button/-/jobs/5 HTTP/1.1" 200 8792 "http://127.0.0.1:5000/root/button/pipelines/2" "Mozilla/5.0 (Macintosh; Intel Mac OS X 10_12_5) AppleWebKit/537.36 (KHTML, like Gecko) Chrome/63.0.3239.132 Safari/537.36"
172.20.0.1 - - [21/Jan/2018:15:26:52 +0000] "GET /root/button/-/jobs/5/trace.json?state= HTTP/1.1" 200 75 "http://127.0.0.1:5000/root/button/-/jobs/5" "Mozilla/5.0 (Macintosh; Intel Mac OS X 10_12_5) AppleWebKit/537.36 (KHTML, like Gecko) Chrome/63.0.3239.132 Safari/537.36"
172.20.0.1 - - [21/Jan/2018:15:26:52 +0000] "GET /root/button/-/jobs/5/status.json HTTP/1.1" 200 236 "http://127.0.0.1:5000/root/button/-/jobs/5" "Mozilla/5.0 (Macintosh; Intel Mac OS X 10_12_5) AppleWebKit/537.36 (KHTML, like Gecko) Chrome/63.0.3239.132 Safari/537.36"
172.20.0.1 - - [21/Jan/2018:15:26:52 +0000] "GET /root/button/-/jobs/5.json HTTP/1.1" 200 946 "http://127.0.0.1:5000/root/button/-/jobs/5" "Mozilla/5.0 (Macintosh; Intel Mac OS X 10_12_5) AppleWebKit/537.36 (KHTML, like Gecko) Chrome/63.0.3239.132 Safari/537.36"
172.20.0.2 - - [21/Jan/2018:15:26:52 +0000] "PUT /api/v4/jobs/5 HTTP/1.1" 200 4 "" "gitlab-ci-multi-runner 9.5.1 (9-5-stable; go1.8.3; linux/amd64)"
172.20.0.2 - - [21/Jan/2018:15:26:52 +0000] "PATCH /api/v4/jobs/5/trace HTTP/1.1" 202 7 "" "gitlab-ci-multi-runner 9.5.1 (9-5-stable; go1.8.3; linux/amd64)"
172.20.0.2 - - [21/Jan/2018:15:26:55 +0000] "PATCH /api/v4/jobs/5/trace HTTP/1.1" 202 7 "" "gitlab-ci-multi-runner 9.5.1 (9-5-stable; go1.8.3; linux/amd64)"
172.20.0.1 - - [21/Jan/2018:15:26:56 +0000] "GET /root/button/-/jobs/5/trace.json?state= HTTP/1.1" 200 594 "http://127.0.0.1:5000/root/button/-/jobs/5" "Mozilla/5.0 (Macintosh; Intel Mac OS X 10_12_5) AppleWebKit/537.36 (KHTML, like Gecko) Chrome/63.0.3239.132 Safari/537.36"
172.20.0.1 - - [21/Jan/2018:15:26:56 +0000] "GET /root/button/-/jobs/5/status.json HTTP/1.1" 304 0 "http://127.0.0.1:5000/root/button/-/jobs/5" "Mozilla/5.0 (Macintosh; Intel Mac OS X 10_12_5) AppleWebKit/537.36 (KHTML, like Gecko) Chrome/63.0.3239.132 Safari/537.36"
172.20.0.2 - - [21/Jan/2018:15:26:58 +0000] "PATCH /api/v4/jobs/5/trace HTTP/1.1" 202 8 "" "gitlab-ci-multi-runner 9.5.1 (9-5-stable; go1.8.3; linux/amd64)"
172.20.0.2 - - [21/Jan/2018:15:26:59 +0000] "PUT /api/v4/jobs/5 HTTP/1.1" 200 4 "" "gitlab-ci-multi-runner 9.5.1 (9-5-stable; go1.8.3; linux/amd64)"
172.20.0.2 - - [21/Jan/2018:15:26:59 +0000] "POST /api/v4/jobs/request HTTP/1.1" 204 0 "" "gitlab-ci-multi-runner 9.5.1 (9-5-stable; go1.8.3; linux/amd64)"
172.20.0.1 - - [21/Jan/2018:15:27:00 +0000] "GET /root/button/-/jobs/5/trace.json?state=eyJvZmZzZXQiOjcwOCwibl9vcGVuX3RhZ3MiOjAsImZnX2NvbG9yIjpudWxsLCJiZ19jb2xvciI6bnVsbCwic3R5bGVfbWFzayI6MH0%3D HTTP/1.1" 200 501 "http://127.0.0.1:5000/root/button/-/jobs/5" "Mozilla/5.0 (Macintosh; Intel Mac OS X 10_12_5) AppleWebKit/537.36 (KHTML, like Gecko) Chrome/63.0.3239.132 Safari/537.36"
172.20.0.1 - - [21/Jan/2018:15:27:00 +0000] "GET /root/button/-/jobs/5/status.json HTTP/1.1" 200 234 "http://127.0.0.1:5000/root/button/-/jobs/5" "Mozilla/5.0 (Macintosh; Intel Mac OS X 10_12_5) AppleWebKit/537.36 (KHTML, like Gecko) Chrome/63.0.3239.132 Safari/537.36"
172.20.0.1 - - [21/Jan/2018:15:27:00 +0000] "GET /root/button/-/jobs/5 HTTP/1.1" 200 8993 "http://127.0.0.1:5000/root/button/-/jobs/5" "Mozilla/5.0 (Macintosh; Intel Mac OS X 10_12_5) AppleWebKit/537.36 (KHTML, like Gecko) Chrome/63.0.3239.132 Safari/537.36"
172.20.0.1 - - [21/Jan/2018:15:27:01 +0000] "GET /root/button/-/jobs/5/trace.json?state= HTTP/1.1" 200 674 "http://127.0.0.1:5000/root/button/-/jobs/5" "Mozilla/5.0 (Macintosh; Intel Mac OS X 10_12_5) AppleWebKit/537.36 (KHTML, like Gecko) Chrome/63.0.3239.132 Safari/537.36"
172.20.0.1 - - [21/Jan/2018:15:27:01 +0000] "GET /root/button/-/jobs/5/status.json HTTP/1.1" 304 0 "http://127.0.0.1:5000/root/button/-/jobs/5" "Mozilla/5.0 (Macintosh; Intel Mac OS X 10_12_5) AppleWebKit/537.36 (KHTML, like Gecko) Chrome/63.0.3239.132 Safari/537.36"
172.20.0.1 - - [21/Jan/2018:15:27:01 +0000] "GET /root/button/-/jobs/5.json HTTP/1.1" 200 1054 "http://127.0.0.1:5000/root/button/-/jobs/5" "Mozilla/5.0 (Macintosh; Intel Mac OS X 10_12_5) AppleWebKit/537.36 (KHTML, like Gecko) Chrome/63.0.3239.132 Safari/537.36"
172.20.0.2 - - [21/Jan/2018:15:27:02 +0000] "POST /api/v4/jobs/request HTTP/1.1" 204 0 "" "gitlab-ci-multi-runner 9.5.1 (9-5-stable; go1.8.3; linux/amd64)"
172.20.0.2 - - [21/Jan/2018:15:27:05 +0000] "POST /api/v4/jobs/request HTTP/1.1" 204 0 "" "gitlab-ci-multi-runner 9.5.1 (9-5-stable; go1.8.3; linux/amd64)"
172.20.0.2 - - [21/Jan/2018:15:27:08 +0000] "POST /api/v4/jobs/request HTTP/1.1" 204 0 "" "gitlab-ci-multi-runner 9.5.1 (9-5-stable; go1.8.3; linux/amd64)"
172.20.0.2 - - [21/Jan/2018:15:27:11 +0000] "POST /api/v4/jobs/request HTTP/1.1" 204 0 "" "gitlab-ci-multi-runner 9.5.1 (9-5-stable; go1.8.3; linux/amd64)"
172.20.0.1 - - [21/Jan/2018:15:27:11 +0000] "GET /root/button/-/jobs/5.json HTTP/1.1" 304 0 "http://127.0.0.1:5000/root/button/-/jobs/5" "Mozilla/5.0 (Macintosh; Intel Mac OS X 10_12_5) AppleWebKit/537.36 (KHTML, like Gecko) Chrome/63.0.3239.132 Safari/537.36"
172.20.0.2 - - [21/Jan/2018:15:27:14 +0000] "POST /api/v4/jobs/request HTTP/1.1" 204 0 "" "gitlab-ci-multi-runner 9.5.1 (9-5-stable; go1.8.3; linux/amd64)"
127.0.0.1 - - [21/Jan/2018:15:27:15 +0000] "GET /help HTTP/1.1" 200 29464 "" "curl/7.56.1"
172.20.0.2 - - [21/Jan/2018:15:27:17 +0000] "POST /api/v4/jobs/request HTTP/1.1" 204 0 "" "gitlab-ci-multi-runner 9.5.1 (9-5-stable; go1.8.3; linux/amd64)"
172.20.0.2 - - [21/Jan/2018:15:27:20 +0000] "POST /api/v4/jobs/request HTTP/1.1" 204 0 "" "gitlab-ci-multi-runner 9.5.1 (9-5-stable; go1.8.3; linux/amd64)"
172.20.0.1 - - [21/Jan/2018:15:27:21 +0000] "GET /root/button/-/jobs/5.json HTTP/1.1" 304 0 "http://127.0.0.1:5000/root/button/-/jobs/5" "Mozilla/5.0 (Macintosh; Intel Mac OS X 10_12_5) AppleWebKit/537.36 (KHTML, like Gecko) Chrome/63.0.3239.132 Safari/537.36"
172.20.0.2 - - [21/Jan/2018:15:27:23 +0000] "POST /api/v4/jobs/request HTTP/1.1" 204 0 "" "gitlab-ci-multi-runner 9.5.1 (9-5-stable; go1.8.3; linux/amd64)"
172.20.0.2 - - [21/Jan/2018:15:27:26 +0000] "POST /api/v4/jobs/request HTTP/1.1" 204 0 "" "gitlab-ci-multi-runner 9.5.1 (9-5-stable; go1.8.3; linux/amd64)"
172.20.0.2 - - [21/Jan/2018:15:27:29 +0000] "POST /api/v4/jobs/request HTTP/1.1" 204 0 "" "gitlab-ci-multi-runner 9.5.1 (9-5-stable; go1.8.3; linux/amd64)"
172.20.0.1 - - [21/Jan/2018:15:27:31 +0000] "GET /root/button/-/jobs/5.json HTTP/1.1" 304 0 "http://127.0.0.1:5000/root/button/-/jobs/5" "Mozilla/5.0 (Macintosh; Intel Mac OS X 10_12_5) AppleWebKit/537.36 (KHTML, like Gecko) Chrome/63.0.3239.132 Safari/537.36"
172.20.0.2 - - [21/Jan/2018:15:27:32 +0000] "POST /api/v4/jobs/request HTTP/1.1" 204 0 "" "gitlab-ci-multi-runner 9.5.1 (9-5-stable; go1.8.3; linux/amd64)"
172.20.0.2 - - [21/Jan/2018:15:27:35 +0000] "POST /api/v4/jobs/request HTTP/1.1" 204 0 "" "gitlab-ci-multi-runner 9.5.1 (9-5-stable; go1.8.3; linux/amd64)"
172.20.0.2 - - [21/Jan/2018:15:27:38 +0000] "POST /api/v4/jobs/request HTTP/1.1" 204 0 "" "gitlab-ci-multi-runner 9.5.1 (9-5-stable; go1.8.3; linux/amd64)"
172.20.0.2 - - [21/Jan/2018:15:27:41 +0000] "POST /api/v4/jobs/request HTTP/1.1" 204 0 "" "gitlab-ci-multi-runner 9.5.1 (9-5-stable; go1.8.3; linux/amd64)"
172.20.0.1 - - [21/Jan/2018:15:27:41 +0000] "GET /root/button/-/jobs/5.json HTTP/1.1" 304 0 "http://127.0.0.1:5000/root/button/-/jobs/5" "Mozilla/5.0 (Macintosh; Intel Mac OS X 10_12_5) AppleWebKit/537.36 (KHTML, like Gecko) Chrome/63.0.3239.132 Safari/537.36"
172.20.0.2 - - [21/Jan/2018:15:27:44 +0000] "POST /api/v4/jobs/request HTTP/1.1" 204 0 "" "gitlab-ci-multi-runner 9.5.1 (9-5-stable; go1.8.3; linux/amd64)"
172.20.0.2 - - [21/Jan/2018:15:27:47 +0000] "POST /api/v4/jobs/request HTTP/1.1" 204 0 "" "gitlab-ci-multi-runner 9.5.1 (9-5-stable; go1.8.3; linux/amd64)"
172.20.0.2 - - [21/Jan/2018:15:27:50 +0000] "POST /api/v4/jobs/request HTTP/1.1" 204 0 "" "gitlab-ci-multi-runner 9.5.1 (9-5-stable; go1.8.3; linux/amd64)"
172.20.0.1 - - [21/Jan/2018:15:27:52 +0000] "GET /root/button/-/jobs/5.json HTTP/1.1" 304 0 "http://127.0.0.1:5000/root/button/-/jobs/5" "Mozilla/5.0 (Macintosh; Intel Mac OS X 10_12_5) AppleWebKit/537.36 (KHTML, like Gecko) Chrome/63.0.3239.132 Safari/537.36"
172.20.0.2 - - [21/Jan/2018:15:27:53 +0000] "POST /api/v4/jobs/request HTTP/1.1" 204 0 "" "gitlab-ci-multi-runner 9.5.1 (9-5-stable; go1.8.3; linux/amd64)"
172.20.0.2 - - [21/Jan/2018:15:27:56 +0000] "POST /api/v4/jobs/request HTTP/1.1" 204 0 "" "gitlab-ci-multi-runner 9.5.1 (9-5-stable; go1.8.3; linux/amd64)"
172.20.0.2 - - [21/Jan/2018:15:27:59 +0000] "POST /api/v4/jobs/request HTTP/1.1" 204 0 "" "gitlab-ci-multi-runner 9.5.1 (9-5-stable; go1.8.3; linux/amd64)"
172.20.0.2 - - [21/Jan/2018:15:28:02 +0000] "POST /api/v4/jobs/request HTTP/1.1" 204 0 "" "gitlab-ci-multi-runner 9.5.1 (9-5-stable; go1.8.3; linux/amd64)"
172.20.0.1 - - [21/Jan/2018:15:28:02 +0000] "GET /root/button/-/jobs/5.json HTTP/1.1" 304 0 "http://127.0.0.1:5000/root/button/-/jobs/5" "Mozilla/5.0 (Macintosh; Intel Mac OS X 10_12_5) AppleWebKit/537.36 (KHTML, like Gecko) Chrome/63.0.3239.132 Safari/537.36"
172.20.0.2 - - [21/Jan/2018:15:28:05 +0000] "POST /api/v4/jobs/request HTTP/1.1" 204 0 "" "gitlab-ci-multi-runner 9.5.1 (9-5-stable; go1.8.3; linux/amd64)"
172.20.0.2 - - [21/Jan/2018:15:28:08 +0000] "POST /api/v4/jobs/request HTTP/1.1" 204 0 "" "gitlab-ci-multi-runner 9.5.1 (9-5-stable; go1.8.3; linux/amd64)"
172.20.0.2 - - [21/Jan/2018:15:28:11 +0000] "POST /api/v4/jobs/request HTTP/1.1" 204 0 "" "gitlab-ci-multi-runner 9.5.1 (9-5-stable; go1.8.3; linux/amd64)"
172.20.0.1 - - [21/Jan/2018:15:28:12 +0000] "GET /root/button/-/jobs/5.json HTTP/1.1" 304 0 "http://127.0.0.1:5000/root/button/-/jobs/5" "Mozilla/5.0 (Macintosh; Intel Mac OS X 10_12_5) AppleWebKit/537.36 (KHTML, like Gecko) Chrome/63.0.3239.132 Safari/537.36"
172.20.0.2 - - [21/Jan/2018:15:28:14 +0000] "POST /api/v4/jobs/request HTTP/1.1" 204 0 "" "gitlab-ci-multi-runner 9.5.1 (9-5-stable; go1.8.3; linux/amd64)"
127.0.0.1 - - [21/Jan/2018:15:28:15 +0000] "GET /help HTTP/1.1" 200 29464 "" "curl/7.56.1"
172.20.0.2 - - [21/Jan/2018:15:28:17 +0000] "POST /api/v4/jobs/request HTTP/1.1" 204 0 "" "gitlab-ci-multi-runner 9.5.1 (9-5-stable; go1.8.3; linux/amd64)"
172.20.0.2 - - [21/Jan/2018:15:28:20 +0000] "POST /api/v4/jobs/request HTTP/1.1" 204 0 "" "gitlab-ci-multi-runner 9.5.1 (9-5-stable; go1.8.3; linux/amd64)"
172.20.0.1 - - [21/Jan/2018:15:28:22 +0000] "GET /root/button/-/jobs/5.json HTTP/1.1" 304 0 "http://127.0.0.1:5000/root/button/-/jobs/5" "Mozilla/5.0 (Macintosh; Intel Mac OS X 10_12_5) AppleWebKit/537.36 (KHTML, like Gecko) Chrome/63.0.3239.132 Safari/537.36"
172.20.0.2 - - [21/Jan/2018:15:28:23 +0000] "POST /api/v4/jobs/request HTTP/1.1" 204 0 "" "gitlab-ci-multi-runner 9.5.1 (9-5-stable; go1.8.3; linux/amd64)"
172.20.0.2 - - [21/Jan/2018:15:28:26 +0000] "POST /api/v4/jobs/request HTTP/1.1" 204 0 "" "gitlab-ci-multi-runner 9.5.1 (9-5-stable; go1.8.3; linux/amd64)"
172.20.0.2 - - [21/Jan/2018:15:28:29 +0000] "POST /api/v4/jobs/request HTTP/1.1" 204 0 "" "gitlab-ci-multi-runner 9.5.1 (9-5-stable; go1.8.3; linux/amd64)"
172.20.0.2 - - [21/Jan/2018:15:28:32 +0000] "POST /api/v4/jobs/request HTTP/1.1" 204 0 "" "gitlab-ci-multi-runner 9.5.1 (9-5-stable; go1.8.3; linux/amd64)"
172.20.0.1 - - [21/Jan/2018:15:28:32 +0000] "GET /root/button/-/jobs/5.json HTTP/1.1" 304 0 "http://127.0.0.1:5000/root/button/-/jobs/5" "Mozilla/5.0 (Macintosh; Intel Mac OS X 10_12_5) AppleWebKit/537.36 (KHTML, like Gecko) Chrome/63.0.3239.132 Safari/537.36"
172.20.0.2 - - [21/Jan/2018:15:28:35 +0000] "POST /api/v4/jobs/request HTTP/1.1" 204 0 "" "gitlab-ci-multi-runner 9.5.1 (9-5-stable; go1.8.3; linux/amd64)"
172.20.0.2 - - [21/Jan/2018:15:28:38 +0000] "POST /api/v4/jobs/request HTTP/1.1" 204 0 "" "gitlab-ci-multi-runner 9.5.1 (9-5-stable; go1.8.3; linux/amd64)"
172.20.0.2 - - [21/Jan/2018:15:28:41 +0000] "POST /api/v4/jobs/request HTTP/1.1" 204 0 "" "gitlab-ci-multi-runner 9.5.1 (9-5-stable; go1.8.3; linux/amd64)"
172.20.0.1 - - [21/Jan/2018:15:28:43 +0000] "GET /root/button/-/jobs/5.json HTTP/1.1" 304 0 "http://127.0.0.1:5000/root/button/-/jobs/5" "Mozilla/5.0 (Macintosh; Intel Mac OS X 10_12_5) AppleWebKit/537.36 (KHTML, like Gecko) Chrome/63.0.3239.132 Safari/537.36"
172.20.0.2 - - [21/Jan/2018:15:28:44 +0000] "POST /api/v4/jobs/request HTTP/1.1" 204 0 "" "gitlab-ci-multi-runner 9.5.1 (9-5-stable; go1.8.3; linux/amd64)"
172.20.0.2 - - [21/Jan/2018:15:28:47 +0000] "POST /api/v4/jobs/request HTTP/1.1" 204 0 "" "gitlab-ci-multi-runner 9.5.1 (9-5-stable; go1.8.3; linux/amd64)"
172.20.0.2 - - [21/Jan/2018:15:28:50 +0000] "POST /api/v4/jobs/request HTTP/1.1" 204 0 "" "gitlab-ci-multi-runner 9.5.1 (9-5-stable; go1.8.3; linux/amd64)"
172.20.0.1 - - [21/Jan/2018:15:28:52 +0000] "GET /root/button/-/jobs/6 HTTP/1.1" 200 8783 "http://127.0.0.1:5000/root/button/pipelines/2" "Mozilla/5.0 (Macintosh; Intel Mac OS X 10_12_5) AppleWebKit/537.36 (KHTML, like Gecko) Chrome/63.0.3239.132 Safari/537.36"
172.20.0.1 - - [21/Jan/2018:15:28:52 +0000] "GET /root/button/-/jobs/6/trace.json?state= HTTP/1.1" 200 74 "http://127.0.0.1:5000/root/button/-/jobs/6" "Mozilla/5.0 (Macintosh; Intel Mac OS X 10_12_5) AppleWebKit/537.36 (KHTML, like Gecko) Chrome/63.0.3239.132 Safari/537.36"
172.20.0.1 - - [21/Jan/2018:15:28:52 +0000] "GET /root/button/-/jobs/6/status.json HTTP/1.1" 200 195 "http://127.0.0.1:5000/root/button/-/jobs/6" "Mozilla/5.0 (Macintosh; Intel Mac OS X 10_12_5) AppleWebKit/537.36 (KHTML, like Gecko) Chrome/63.0.3239.132 Safari/537.36"
172.20.0.1 - - [21/Jan/2018:15:28:52 +0000] "GET /assets/ci_favicons/favicon_status_skipped-a2eee568a5bffdb494050c7b62dde241de9189280836288ac8923d369f16222d.ico HTTP/1.1" 200 1224 "http://127.0.0.1:5000/root/button/-/jobs/6" "Mozilla/5.0 (Macintosh; Intel Mac OS X 10_12_5) AppleWebKit/537.36 (KHTML, like Gecko) Chrome/63.0.3239.132 Safari/537.36"
172.20.0.1 - - [21/Jan/2018:15:28:53 +0000] "GET /root/button/-/jobs/6.json HTTP/1.1" 200 939 "http://127.0.0.1:5000/root/button/-/jobs/6" "Mozilla/5.0 (Macintosh; Intel Mac OS X 10_12_5) AppleWebKit/537.36 (KHTML, like Gecko) Chrome/63.0.3239.132 Safari/537.36"
172.20.0.2 - - [21/Jan/2018:15:28:53 +0000] "POST /api/v4/jobs/request HTTP/1.1" 204 0 "" "gitlab-ci-multi-runner 9.5.1 (9-5-stable; go1.8.3; linux/amd64)"
172.20.0.1 - - [21/Jan/2018:15:28:55 +0000] "GET /root/button/-/jobs/5 HTTP/1.1" 200 8995 "http://127.0.0.1:5000/root/button/pipelines/2" "Mozilla/5.0 (Macintosh; Intel Mac OS X 10_12_5) AppleWebKit/537.36 (KHTML, like Gecko) Chrome/63.0.3239.132 Safari/537.36"
172.20.0.1 - - [21/Jan/2018:15:28:55 +0000] "GET /root/button/-/jobs/5/trace.json?state= HTTP/1.1" 304 0 "http://127.0.0.1:5000/root/button/-/jobs/5" "Mozilla/5.0 (Macintosh; Intel Mac OS X 10_12_5) AppleWebKit/537.36 (KHTML, like Gecko) Chrome/63.0.3239.132 Safari/537.36"
172.20.0.1 - - [21/Jan/2018:15:28:56 +0000] "GET /root/button/-/jobs/5/status.json HTTP/1.1" 304 0 "http://127.0.0.1:5000/root/button/-/jobs/5" "Mozilla/5.0 (Macintosh; Intel Mac OS X 10_12_5) AppleWebKit/537.36 (KHTML, like Gecko) Chrome/63.0.3239.132 Safari/537.36"
172.20.0.2 - - [21/Jan/2018:15:28:56 +0000] "POST /api/v4/jobs/request HTTP/1.1" 204 0 "" "gitlab-ci-multi-runner 9.5.1 (9-5-stable; go1.8.3; linux/amd64)"
172.20.0.1 - - [21/Jan/2018:15:28:56 +0000] "GET /root/button/-/jobs/5.json HTTP/1.1" 304 0 "http://127.0.0.1:5000/root/button/-/jobs/5" "Mozilla/5.0 (Macintosh; Intel Mac OS X 10_12_5) AppleWebKit/537.36 (KHTML, like Gecko) Chrome/63.0.3239.132 Safari/537.36"
172.20.0.1 - - [21/Jan/2018:15:28:57 +0000] "POST /root/button/-/jobs/5/retry HTTP/1.1" 302 108 "http://127.0.0.1:5000/root/button/-/jobs/5" "Mozilla/5.0 (Macintosh; Intel Mac OS X 10_12_5) AppleWebKit/537.36 (KHTML, like Gecko) Chrome/63.0.3239.132 Safari/537.36"
172.20.0.1 - - [21/Jan/2018:15:28:57 +0000] "GET /root/button/-/jobs/7 HTTP/1.1" 200 8874 "http://127.0.0.1:5000/root/button/-/jobs/5" "Mozilla/5.0 (Macintosh; Intel Mac OS X 10_12_5) AppleWebKit/537.36 (KHTML, like Gecko) Chrome/63.0.3239.132 Safari/537.36"
172.20.0.1 - - [21/Jan/2018:15:28:57 +0000] "GET /root/button/-/jobs/7/trace.json?state= HTTP/1.1" 200 75 "http://127.0.0.1:5000/root/button/-/jobs/7" "Mozilla/5.0 (Macintosh; Intel Mac OS X 10_12_5) AppleWebKit/537.36 (KHTML, like Gecko) Chrome/63.0.3239.132 Safari/537.36"
172.20.0.1 - - [21/Jan/2018:15:28:58 +0000] "GET /root/button/-/jobs/7/status.json HTTP/1.1" 200 236 "http://127.0.0.1:5000/root/button/-/jobs/7" "Mozilla/5.0 (Macintosh; Intel Mac OS X 10_12_5) AppleWebKit/537.36 (KHTML, like Gecko) Chrome/63.0.3239.132 Safari/537.36"
172.20.0.1 - - [21/Jan/2018:15:28:58 +0000] "GET /root/button/-/jobs/7.json HTTP/1.1" 200 982 "http://127.0.0.1:5000/root/button/-/jobs/7" "Mozilla/5.0 (Macintosh; Intel Mac OS X 10_12_5) AppleWebKit/537.36 (KHTML, like Gecko) Chrome/63.0.3239.132 Safari/537.36"
172.20.0.2 - - [21/Jan/2018:15:28:59 +0000] "POST /api/v4/jobs/request HTTP/1.1" 201 3281 "" "gitlab-ci-multi-runner 9.5.1 (9-5-stable; go1.8.3; linux/amd64)"
172.20.0.1 - - [21/Jan/2018:15:29:02 +0000] "GET /root/button/-/jobs/7/trace.json?state= HTTP/1.1" 200 75 "http://127.0.0.1:5000/root/button/-/jobs/7" "Mozilla/5.0 (Macintosh; Intel Mac OS X 10_12_5) AppleWebKit/537.36 (KHTML, like Gecko) Chrome/63.0.3239.132 Safari/537.36"
172.20.0.1 - - [21/Jan/2018:15:29:02 +0000] "GET /root/button/-/jobs/7/status.json HTTP/1.1" 200 236 "http://127.0.0.1:5000/root/button/-/jobs/7" "Mozilla/5.0 (Macintosh; Intel Mac OS X 10_12_5) AppleWebKit/537.36 (KHTML, like Gecko) Chrome/63.0.3239.132 Safari/537.36"
172.20.0.2 - - [21/Jan/2018:15:29:02 +0000] "PUT /api/v4/jobs/7 HTTP/1.1" 200 4 "" "gitlab-ci-multi-runner 9.5.1 (9-5-stable; go1.8.3; linux/amd64)"
172.20.0.1 - - [21/Jan/2018:15:29:02 +0000] "GET /root/button/-/jobs/7 HTTP/1.1" 200 8873 "http://127.0.0.1:5000/root/button/-/jobs/7" "Mozilla/5.0 (Macintosh; Intel Mac OS X 10_12_5) AppleWebKit/537.36 (KHTML, like Gecko) Chrome/63.0.3239.132 Safari/537.36"
172.20.0.2 - - [21/Jan/2018:15:29:02 +0000] "PATCH /api/v4/jobs/7/trace HTTP/1.1" 202 7 "" "gitlab-ci-multi-runner 9.5.1 (9-5-stable; go1.8.3; linux/amd64)"
172.20.0.1 - - [21/Jan/2018:15:29:02 +0000] "GET /root/button/-/jobs/7/trace.json?state= HTTP/1.1" 200 544 "http://127.0.0.1:5000/root/button/-/jobs/7" "Mozilla/5.0 (Macintosh; Intel Mac OS X 10_12_5) AppleWebKit/537.36 (KHTML, like Gecko) Chrome/63.0.3239.132 Safari/537.36"
172.20.0.1 - - [21/Jan/2018:15:29:02 +0000] "GET /root/button/-/jobs/7/status.json HTTP/1.1" 304 0 "http://127.0.0.1:5000/root/button/-/jobs/7" "Mozilla/5.0 (Macintosh; Intel Mac OS X 10_12_5) AppleWebKit/537.36 (KHTML, like Gecko) Chrome/63.0.3239.132 Safari/537.36"
172.20.0.1 - - [21/Jan/2018:15:29:02 +0000] "GET /root/button/-/jobs/7.json HTTP/1.1" 200 959 "http://127.0.0.1:5000/root/button/-/jobs/7" "Mozilla/5.0 (Macintosh; Intel Mac OS X 10_12_5) AppleWebKit/537.36 (KHTML, like Gecko) Chrome/63.0.3239.132 Safari/537.36"
172.20.0.2 - - [21/Jan/2018:15:29:05 +0000] "PATCH /api/v4/jobs/7/trace HTTP/1.1" 202 7 "" "gitlab-ci-multi-runner 9.5.1 (9-5-stable; go1.8.3; linux/amd64)"
172.20.0.1 - - [21/Jan/2018:15:29:06 +0000] "GET /root/button/-/jobs/7/trace.json?state=eyJvZmZzZXQiOjQwNiwibl9vcGVuX3RhZ3MiOjAsImZnX2NvbG9yIjpudWxsLCJiZ19jb2xvciI6bnVsbCwic3R5bGVfbWFzayI6MH0%3D HTTP/1.1" 200 479 "http://127.0.0.1:5000/root/button/-/jobs/7" "Mozilla/5.0 (Macintosh; Intel Mac OS X 10_12_5) AppleWebKit/537.36 (KHTML, like Gecko) Chrome/63.0.3239.132 Safari/537.36"
172.20.0.1 - - [21/Jan/2018:15:29:06 +0000] "GET /root/button/-/jobs/7/status.json HTTP/1.1" 304 0 "http://127.0.0.1:5000/root/button/-/jobs/7" "Mozilla/5.0 (Macintosh; Intel Mac OS X 10_12_5) AppleWebKit/537.36 (KHTML, like Gecko) Chrome/63.0.3239.132 Safari/537.36"
172.20.0.2 - - [21/Jan/2018:15:29:08 +0000] "PATCH /api/v4/jobs/7/trace HTTP/1.1" 202 8 "" "gitlab-ci-multi-runner 9.5.1 (9-5-stable; go1.8.3; linux/amd64)"
172.20.0.2 - - [21/Jan/2018:15:29:08 +0000] "PUT /api/v4/jobs/7 HTTP/1.1" 200 4 "" "gitlab-ci-multi-runner 9.5.1 (9-5-stable; go1.8.3; linux/amd64)"
172.20.0.2 - - [21/Jan/2018:15:29:08 +0000] "POST /api/v4/jobs/request HTTP/1.1" 204 0 "" "gitlab-ci-multi-runner 9.5.1 (9-5-stable; go1.8.3; linux/amd64)"
172.20.0.1 - - [21/Jan/2018:15:29:10 +0000] "GET /root/button/-/jobs/7/trace.json?state=eyJvZmZzZXQiOjcwOCwibl9vcGVuX3RhZ3MiOjAsImZnX2NvbG9yIjpudWxsLCJiZ19jb2xvciI6bnVsbCwic3R5bGVfbWFzayI6MH0%3D HTTP/1.1" 200 500 "http://127.0.0.1:5000/root/button/-/jobs/7" "Mozilla/5.0 (Macintosh; Intel Mac OS X 10_12_5) AppleWebKit/537.36 (KHTML, like Gecko) Chrome/63.0.3239.132 Safari/537.36"
172.20.0.1 - - [21/Jan/2018:15:29:10 +0000] "GET /root/button/-/jobs/7/status.json HTTP/1.1" 200 234 "http://127.0.0.1:5000/root/button/-/jobs/7" "Mozilla/5.0 (Macintosh; Intel Mac OS X 10_12_5) AppleWebKit/537.36 (KHTML, like Gecko) Chrome/63.0.3239.132 Safari/537.36"
172.20.0.1 - - [21/Jan/2018:15:29:10 +0000] "GET /root/button/-/jobs/7 HTTP/1.1" 200 9071 "http://127.0.0.1:5000/root/button/-/jobs/7" "Mozilla/5.0 (Macintosh; Intel Mac OS X 10_12_5) AppleWebKit/537.36 (KHTML, like Gecko) Chrome/63.0.3239.132 Safari/537.36"
172.20.0.1 - - [21/Jan/2018:15:29:11 +0000] "GET /root/button/-/jobs/7/trace.json?state= HTTP/1.1" 200 675 "http://127.0.0.1:5000/root/button/-/jobs/7" "Mozilla/5.0 (Macintosh; Intel Mac OS X 10_12_5) AppleWebKit/537.36 (KHTML, like Gecko) Chrome/63.0.3239.132 Safari/537.36"
172.20.0.1 - - [21/Jan/2018:15:29:11 +0000] "GET /root/button/-/jobs/7/status.json HTTP/1.1" 304 0 "http://127.0.0.1:5000/root/button/-/jobs/7" "Mozilla/5.0 (Macintosh; Intel Mac OS X 10_12_5) AppleWebKit/537.36 (KHTML, like Gecko) Chrome/63.0.3239.132 Safari/537.36"
172.20.0.1 - - [21/Jan/2018:15:29:11 +0000] "GET /root/button/-/jobs/7.json HTTP/1.1" 200 1062 "http://127.0.0.1:5000/root/button/-/jobs/7" "Mozilla/5.0 (Macintosh; Intel Mac OS X 10_12_5) AppleWebKit/537.36 (KHTML, like Gecko) Chrome/63.0.3239.132 Safari/537.36"
172.20.0.2 - - [21/Jan/2018:15:29:11 +0000] "POST /api/v4/jobs/request HTTP/1.1" 204 0 "" "gitlab-ci-multi-runner 9.5.1 (9-5-stable; go1.8.3; linux/amd64)"
172.20.0.2 - - [21/Jan/2018:15:29:14 +0000] "POST /api/v4/jobs/request HTTP/1.1" 204 0 "" "gitlab-ci-multi-runner 9.5.1 (9-5-stable; go1.8.3; linux/amd64)"
127.0.0.1 - - [21/Jan/2018:15:29:15 +0000] "GET /help HTTP/1.1" 200 29464 "" "curl/7.56.1"
172.20.0.2 - - [21/Jan/2018:15:29:17 +0000] "POST /api/v4/jobs/request HTTP/1.1" 204 0 "" "gitlab-ci-multi-runner 9.5.1 (9-5-stable; go1.8.3; linux/amd64)"
172.20.0.2 - - [21/Jan/2018:15:29:20 +0000] "POST /api/v4/jobs/request HTTP/1.1" 204 0 "" "gitlab-ci-multi-runner 9.5.1 (9-5-stable; go1.8.3; linux/amd64)"
172.20.0.2 - - [21/Jan/2018:15:29:23 +0000] "POST /api/v4/jobs/request HTTP/1.1" 204 0 "" "gitlab-ci-multi-runner 9.5.1 (9-5-stable; go1.8.3; linux/amd64)"
172.20.0.2 - - [21/Jan/2018:15:29:26 +0000] "POST /api/v4/jobs/request HTTP/1.1" 204 0 "" "gitlab-ci-multi-runner 9.5.1 (9-5-stable; go1.8.3; linux/amd64)"
172.20.0.2 - - [21/Jan/2018:15:29:29 +0000] "POST /api/v4/jobs/request HTTP/1.1" 204 0 "" "gitlab-ci-multi-runner 9.5.1 (9-5-stable; go1.8.3; linux/amd64)"
172.20.0.2 - - [21/Jan/2018:15:29:32 +0000] "POST /api/v4/jobs/request HTTP/1.1" 204 0 "" "gitlab-ci-multi-runner 9.5.1 (9-5-stable; go1.8.3; linux/amd64)"
172.20.0.2 - - [21/Jan/2018:15:29:35 +0000] "POST /api/v4/jobs/request HTTP/1.1" 204 0 "" "gitlab-ci-multi-runner 9.5.1 (9-5-stable; go1.8.3; linux/amd64)"
172.20.0.2 - - [21/Jan/2018:15:29:38 +0000] "POST /api/v4/jobs/request HTTP/1.1" 204 0 "" "gitlab-ci-multi-runner 9.5.1 (9-5-stable; go1.8.3; linux/amd64)"
172.20.0.2 - - [21/Jan/2018:15:29:41 +0000] "POST /api/v4/jobs/request HTTP/1.1" 204 0 "" "gitlab-ci-multi-runner 9.5.1 (9-5-stable; go1.8.3; linux/amd64)"
172.20.0.2 - - [21/Jan/2018:15:29:44 +0000] "POST /api/v4/jobs/request HTTP/1.1" 204 0 "" "gitlab-ci-multi-runner 9.5.1 (9-5-stable; go1.8.3; linux/amd64)"
172.20.0.2 - - [21/Jan/2018:15:29:47 +0000] "POST /api/v4/jobs/request HTTP/1.1" 204 0 "" "gitlab-ci-multi-runner 9.5.1 (9-5-stable; go1.8.3; linux/amd64)"
172.20.0.2 - - [21/Jan/2018:15:29:50 +0000] "POST /api/v4/jobs/request HTTP/1.1" 204 0 "" "gitlab-ci-multi-runner 9.5.1 (9-5-stable; go1.8.3; linux/amd64)"
172.20.0.2 - - [21/Jan/2018:15:29:53 +0000] "POST /api/v4/jobs/request HTTP/1.1" 204 0 "" "gitlab-ci-multi-runner 9.5.1 (9-5-stable; go1.8.3; linux/amd64)"
172.20.0.2 - - [21/Jan/2018:15:29:56 +0000] "POST /api/v4/jobs/request HTTP/1.1" 204 0 "" "gitlab-ci-multi-runner 9.5.1 (9-5-stable; go1.8.3; linux/amd64)"
172.20.0.2 - - [21/Jan/2018:15:29:59 +0000] "POST /api/v4/jobs/request HTTP/1.1" 204 0 "" "gitlab-ci-multi-runner 9.5.1 (9-5-stable; go1.8.3; linux/amd64)"
172.20.0.2 - - [21/Jan/2018:15:30:02 +0000] "POST /api/v4/jobs/request HTTP/1.1" 204 0 "" "gitlab-ci-multi-runner 9.5.1 (9-5-stable; go1.8.3; linux/amd64)"
172.20.0.2 - - [21/Jan/2018:15:30:05 +0000] "POST /api/v4/jobs/request HTTP/1.1" 204 0 "" "gitlab-ci-multi-runner 9.5.1 (9-5-stable; go1.8.3; linux/amd64)"
172.20.0.2 - - [21/Jan/2018:15:30:08 +0000] "POST /api/v4/jobs/request HTTP/1.1" 204 0 "" "gitlab-ci-multi-runner 9.5.1 (9-5-stable; go1.8.3; linux/amd64)"
172.20.0.2 - - [21/Jan/2018:15:30:11 +0000] "POST /api/v4/jobs/request HTTP/1.1" 204 0 "" "gitlab-ci-multi-runner 9.5.1 (9-5-stable; go1.8.3; linux/amd64)"
172.20.0.2 - - [21/Jan/2018:15:30:14 +0000] "POST /api/v4/jobs/request HTTP/1.1" 204 0 "" "gitlab-ci-multi-runner 9.5.1 (9-5-stable; go1.8.3; linux/amd64)"
127.0.0.1 - - [21/Jan/2018:15:30:16 +0000] "GET /help HTTP/1.1" 200 29464 "" "curl/7.56.1"
172.20.0.2 - - [21/Jan/2018:15:30:17 +0000] "POST /api/v4/jobs/request HTTP/1.1" 204 0 "" "gitlab-ci-multi-runner 9.5.1 (9-5-stable; go1.8.3; linux/amd64)"
172.20.0.2 - - [21/Jan/2018:15:30:20 +0000] "POST /api/v4/jobs/request HTTP/1.1" 204 0 "" "gitlab-ci-multi-runner 9.5.1 (9-5-stable; go1.8.3; linux/amd64)"
172.20.0.2 - - [21/Jan/2018:15:30:23 +0000] "POST /api/v4/jobs/request HTTP/1.1" 204 0 "" "gitlab-ci-multi-runner 9.5.1 (9-5-stable; go1.8.3; linux/amd64)"
172.20.0.2 - - [21/Jan/2018:15:30:26 +0000] "POST /api/v4/jobs/request HTTP/1.1" 204 0 "" "gitlab-ci-multi-runner 9.5.1 (9-5-stable; go1.8.3; linux/amd64)"
172.20.0.2 - - [21/Jan/2018:15:30:29 +0000] "POST /api/v4/jobs/request HTTP/1.1" 204 0 "" "gitlab-ci-multi-runner 9.5.1 (9-5-stable; go1.8.3; linux/amd64)"
172.20.0.2 - - [21/Jan/2018:15:30:32 +0000] "POST /api/v4/jobs/request HTTP/1.1" 204 0 "" "gitlab-ci-multi-runner 9.5.1 (9-5-stable; go1.8.3; linux/amd64)"
172.20.0.2 - - [21/Jan/2018:15:30:35 +0000] "POST /api/v4/jobs/request HTTP/1.1" 204 0 "" "gitlab-ci-multi-runner 9.5.1 (9-5-stable; go1.8.3; linux/amd64)"
172.20.0.2 - - [21/Jan/2018:15:30:38 +0000] "POST /api/v4/jobs/request HTTP/1.1" 204 0 "" "gitlab-ci-multi-runner 9.5.1 (9-5-stable; go1.8.3; linux/amd64)"
172.20.0.2 - - [21/Jan/2018:15:30:41 +0000] "POST /api/v4/jobs/request HTTP/1.1" 204 0 "" "gitlab-ci-multi-runner 9.5.1 (9-5-stable; go1.8.3; linux/amd64)"
172.20.0.2 - - [21/Jan/2018:15:30:44 +0000] "POST /api/v4/jobs/request HTTP/1.1" 204 0 "" "gitlab-ci-multi-runner 9.5.1 (9-5-stable; go1.8.3; linux/amd64)"
172.20.0.2 - - [21/Jan/2018:15:30:47 +0000] "POST /api/v4/jobs/request HTTP/1.1" 204 0 "" "gitlab-ci-multi-runner 9.5.1 (9-5-stable; go1.8.3; linux/amd64)"
172.20.0.2 - - [21/Jan/2018:15:30:50 +0000] "POST /api/v4/jobs/request HTTP/1.1" 204 0 "" "gitlab-ci-multi-runner 9.5.1 (9-5-stable; go1.8.3; linux/amd64)"
172.20.0.2 - - [21/Jan/2018:15:30:53 +0000] "POST /api/v4/jobs/request HTTP/1.1" 204 0 "" "gitlab-ci-multi-runner 9.5.1 (9-5-stable; go1.8.3; linux/amd64)"
172.20.0.2 - - [21/Jan/2018:15:30:56 +0000] "POST /api/v4/jobs/request HTTP/1.1" 204 0 "" "gitlab-ci-multi-runner 9.5.1 (9-5-stable; go1.8.3; linux/amd64)"
172.20.0.2 - - [21/Jan/2018:15:30:59 +0000] "POST /api/v4/jobs/request HTTP/1.1" 204 0 "" "gitlab-ci-multi-runner 9.5.1 (9-5-stable; go1.8.3; linux/amd64)"
172.20.0.2 - - [21/Jan/2018:15:31:02 +0000] "POST /api/v4/jobs/request HTTP/1.1" 204 0 "" "gitlab-ci-multi-runner 9.5.1 (9-5-stable; go1.8.3; linux/amd64)"
172.20.0.2 - - [21/Jan/2018:15:31:05 +0000] "POST /api/v4/jobs/request HTTP/1.1" 204 0 "" "gitlab-ci-multi-runner 9.5.1 (9-5-stable; go1.8.3; linux/amd64)"
172.20.0.2 - - [21/Jan/2018:15:31:08 +0000] "POST /api/v4/jobs/request HTTP/1.1" 204 0 "" "gitlab-ci-multi-runner 9.5.1 (9-5-stable; go1.8.3; linux/amd64)"
172.20.0.2 - - [21/Jan/2018:15:31:11 +0000] "POST /api/v4/jobs/request HTTP/1.1" 204 0 "" "gitlab-ci-multi-runner 9.5.1 (9-5-stable; go1.8.3; linux/amd64)"
172.20.0.2 - - [21/Jan/2018:15:31:14 +0000] "POST /api/v4/jobs/request HTTP/1.1" 204 0 "" "gitlab-ci-multi-runner 9.5.1 (9-5-stable; go1.8.3; linux/amd64)"
127.0.0.1 - - [21/Jan/2018:15:31:16 +0000] "GET /help HTTP/1.1" 200 29464 "" "curl/7.56.1"
172.20.0.2 - - [21/Jan/2018:15:31:17 +0000] "POST /api/v4/jobs/request HTTP/1.1" 204 0 "" "gitlab-ci-multi-runner 9.5.1 (9-5-stable; go1.8.3; linux/amd64)"
172.20.0.2 - - [21/Jan/2018:15:31:20 +0000] "POST /api/v4/jobs/request HTTP/1.1" 204 0 "" "gitlab-ci-multi-runner 9.5.1 (9-5-stable; go1.8.3; linux/amd64)"
172.20.0.2 - - [21/Jan/2018:15:31:23 +0000] "POST /api/v4/jobs/request HTTP/1.1" 204 0 "" "gitlab-ci-multi-runner 9.5.1 (9-5-stable; go1.8.3; linux/amd64)"
172.20.0.2 - - [21/Jan/2018:15:31:26 +0000] "POST /api/v4/jobs/request HTTP/1.1" 204 0 "" "gitlab-ci-multi-runner 9.5.1 (9-5-stable; go1.8.3; linux/amd64)"
172.20.0.2 - - [21/Jan/2018:15:31:29 +0000] "POST /api/v4/jobs/request HTTP/1.1" 204 0 "" "gitlab-ci-multi-runner 9.5.1 (9-5-stable; go1.8.3; linux/amd64)"
172.20.0.2 - - [21/Jan/2018:15:31:32 +0000] "POST /api/v4/jobs/request HTTP/1.1" 204 0 "" "gitlab-ci-multi-runner 9.5.1 (9-5-stable; go1.8.3; linux/amd64)"
172.20.0.2 - - [21/Jan/2018:15:31:35 +0000] "POST /api/v4/jobs/request HTTP/1.1" 204 0 "" "gitlab-ci-multi-runner 9.5.1 (9-5-stable; go1.8.3; linux/amd64)"
172.20.0.2 - - [21/Jan/2018:15:31:38 +0000] "POST /api/v4/jobs/request HTTP/1.1" 204 0 "" "gitlab-ci-multi-runner 9.5.1 (9-5-stable; go1.8.3; linux/amd64)"
172.20.0.2 - - [21/Jan/2018:15:31:41 +0000] "POST /api/v4/jobs/request HTTP/1.1" 204 0 "" "gitlab-ci-multi-runner 9.5.1 (9-5-stable; go1.8.3; linux/amd64)"
172.20.0.2 - - [21/Jan/2018:15:31:44 +0000] "POST /api/v4/jobs/request HTTP/1.1" 204 0 "" "gitlab-ci-multi-runner 9.5.1 (9-5-stable; go1.8.3; linux/amd64)"
