172.20.0.1 - - [21/Jan/2018:14:42:07 +0000] "GET / HTTP/1.1" 502 2916 "" "Mozilla/5.0 (Macintosh; Intel Mac OS X 10_12_5) AppleWebKit/537.36 (KHTML, like Gecko) Chrome/63.0.3239.132 Safari/537.36"
172.20.0.1 - - [21/Jan/2018:14:42:07 +0000] "GET /favicon.ico HTTP/1.1" 200 5430 "http://127.0.0.1:5000/" "Mozilla/5.0 (Macintosh; Intel Mac OS X 10_12_5) AppleWebKit/537.36 (KHTML, like Gecko) Chrome/63.0.3239.132 Safari/537.36"
172.20.0.1 - - [21/Jan/2018:14:42:08 +0000] "GET / HTTP/1.1" 502 2916 "" "Mozilla/5.0 (Macintosh; Intel Mac OS X 10_12_5) AppleWebKit/537.36 (KHTML, like Gecko) Chrome/63.0.3239.132 Safari/537.36"
172.20.0.1 - - [21/Jan/2018:14:42:08 +0000] "GET /favicon.ico HTTP/1.1" 200 5430 "http://127.0.0.1:5000/" "Mozilla/5.0 (Macintosh; Intel Mac OS X 10_12_5) AppleWebKit/537.36 (KHTML, like Gecko) Chrome/63.0.3239.132 Safari/537.36"
172.20.0.1 - - [21/Jan/2018:14:42:08 +0000] "GET / HTTP/1.1" 502 2916 "" "Mozilla/5.0 (Macintosh; Intel Mac OS X 10_12_5) AppleWebKit/537.36 (KHTML, like Gecko) Chrome/63.0.3239.132 Safari/537.36"
172.20.0.1 - - [21/Jan/2018:14:42:08 +0000] "GET /favicon.ico HTTP/1.1" 200 5430 "http://127.0.0.1:5000/" "Mozilla/5.0 (Macintosh; Intel Mac OS X 10_12_5) AppleWebKit/537.36 (KHTML, like Gecko) Chrome/63.0.3239.132 Safari/537.36"
172.20.0.1 - - [21/Jan/2018:14:42:08 +0000] "GET / HTTP/1.1" 502 2916 "" "Mozilla/5.0 (Macintosh; Intel Mac OS X 10_12_5) AppleWebKit/537.36 (KHTML, like Gecko) Chrome/63.0.3239.132 Safari/537.36"
172.20.0.1 - - [21/Jan/2018:14:42:08 +0000] "GET /favicon.ico HTTP/1.1" 200 5430 "http://127.0.0.1:5000/" "Mozilla/5.0 (Macintosh; Intel Mac OS X 10_12_5) AppleWebKit/537.36 (KHTML, like Gecko) Chrome/63.0.3239.132 Safari/537.36"
172.20.0.1 - - [21/Jan/2018:14:42:08 +0000] "GET / HTTP/1.1" 502 2916 "" "Mozilla/5.0 (Macintosh; Intel Mac OS X 10_12_5) AppleWebKit/537.36 (KHTML, like Gecko) Chrome/63.0.3239.132 Safari/537.36"
172.20.0.1 - - [21/Jan/2018:14:42:08 +0000] "GET /favicon.ico HTTP/1.1" 200 5430 "http://127.0.0.1:5000/" "Mozilla/5.0 (Macintosh; Intel Mac OS X 10_12_5) AppleWebKit/537.36 (KHTML, like Gecko) Chrome/63.0.3239.132 Safari/537.36"
172.20.0.1 - - [21/Jan/2018:14:42:08 +0000] "GET / HTTP/1.1" 502 2916 "" "Mozilla/5.0 (Macintosh; Intel Mac OS X 10_12_5) AppleWebKit/537.36 (KHTML, like Gecko) Chrome/63.0.3239.132 Safari/537.36"
172.20.0.1 - - [21/Jan/2018:14:42:08 +0000] "GET /favicon.ico HTTP/1.1" 200 5430 "http://127.0.0.1:5000/" "Mozilla/5.0 (Macintosh; Intel Mac OS X 10_12_5) AppleWebKit/537.36 (KHTML, like Gecko) Chrome/63.0.3239.132 Safari/537.36"
172.20.0.1 - - [21/Jan/2018:14:42:09 +0000] "GET / HTTP/1.1" 502 2916 "" "Mozilla/5.0 (Macintosh; Intel Mac OS X 10_12_5) AppleWebKit/537.36 (KHTML, like Gecko) Chrome/63.0.3239.132 Safari/537.36"
172.20.0.1 - - [21/Jan/2018:14:42:09 +0000] "GET /favicon.ico HTTP/1.1" 200 5430 "http://127.0.0.1:5000/" "Mozilla/5.0 (Macintosh; Intel Mac OS X 10_12_5) AppleWebKit/537.36 (KHTML, like Gecko) Chrome/63.0.3239.132 Safari/537.36"
127.0.0.1 - - [21/Jan/2018:14:42:27 +0000] "GET /help HTTP/1.1" 502 2916 "" "curl/7.56.1"
172.20.0.1 - - [21/Jan/2018:14:43:01 +0000] "GET / HTTP/1.1" 302 101 "" "Mozilla/5.0 (Macintosh; Intel Mac OS X 10_12_5) AppleWebKit/537.36 (KHTML, like Gecko) Chrome/63.0.3239.132 Safari/537.36"
172.20.0.1 - - [21/Jan/2018:14:43:06 +0000] "GET /users/sign_in HTTP/1.1" 302 149 "" "Mozilla/5.0 (Macintosh; Intel Mac OS X 10_12_5) AppleWebKit/537.36 (KHTML, like Gecko) Chrome/63.0.3239.132 Safari/537.36"
172.20.0.1 - - [21/Jan/2018:14:43:06 +0000] "GET /users/password/edit?reset_password_token=MPQEDNbdH_sCeGtdq2wo HTTP/1.1" 200 3368 "" "Mozilla/5.0 (Macintosh; Intel Mac OS X 10_12_5) AppleWebKit/537.36 (KHTML, like Gecko) Chrome/63.0.3239.132 Safari/537.36"
172.20.0.1 - - [21/Jan/2018:14:43:06 +0000] "GET /assets/webpack/webpack_runtime.7528754f8f2930cb50c1.bundle.js HTTP/1.1" 200 2651 "http://127.0.0.1:5000/users/password/edit" "Mozilla/5.0 (Macintosh; Intel Mac OS X 10_12_5) AppleWebKit/537.36 (KHTML, like Gecko) Chrome/63.0.3239.132 Safari/537.36"
172.20.0.1 - - [21/Jan/2018:14:43:06 +0000] "GET /assets/application-5d7e6d1ac77307dcc1fdaae829f847d001c9d79eb2991e8c99d4a8a56c5da794.css HTTP/1.1" 200 165280 "http://127.0.0.1:5000/users/password/edit" "Mozilla/5.0 (Macintosh; Intel Mac OS X 10_12_5) AppleWebKit/537.36 (KHTML, like Gecko) Chrome/63.0.3239.132 Safari/537.36"
172.20.0.1 - - [21/Jan/2018:14:43:06 +0000] "GET /assets/webpack/common.8bddea71fd957afe6146.bundle.js HTTP/1.1" 200 121201 "http://127.0.0.1:5000/users/password/edit" "Mozilla/5.0 (Macintosh; Intel Mac OS X 10_12_5) AppleWebKit/537.36 (KHTML, like Gecko) Chrome/63.0.3239.132 Safari/537.36"
172.20.0.1 - - [21/Jan/2018:14:43:06 +0000] "GET /assets/webpack/main.c406f62bc49cc6d40ddc.bundle.js HTTP/1.1" 200 159294 "http://127.0.0.1:5000/users/password/edit" "Mozilla/5.0 (Macintosh; Intel Mac OS X 10_12_5) AppleWebKit/537.36 (KHTML, like Gecko) Chrome/63.0.3239.132 Safari/537.36"
172.20.0.1 - - [21/Jan/2018:14:43:06 +0000] "GET /assets/print-74b3d49adeaada27337e759b75a34af7cf3d80051de91d60d40570f5a382e132.css HTTP/1.1" 200 347 "http://127.0.0.1:5000/users/password/edit" "Mozilla/5.0 (Macintosh; Intel Mac OS X 10_12_5) AppleWebKit/537.36 (KHTML, like Gecko) Chrome/63.0.3239.132 Safari/537.36"
172.20.0.1 - - [21/Jan/2018:14:43:07 +0000] "GET /assets/webpack/emoji.417855bdfb79bfed184f.chunk.js HTTP/1.1" 200 109732 "http://127.0.0.1:5000/users/password/edit" "Mozilla/5.0 (Macintosh; Intel Mac OS X 10_12_5) AppleWebKit/537.36 (KHTML, like Gecko) Chrome/63.0.3239.132 Safari/537.36"
172.20.0.1 - - [21/Jan/2018:14:43:07 +0000] "GET /assets/favicon-075eba76312e8421991a0c1f89a89ee81678bcde72319dd3e8047e2a47cd3a42.ico HTTP/1.1" 200 1384 "http://127.0.0.1:5000/users/password/edit" "Mozilla/5.0 (Macintosh; Intel Mac OS X 10_12_5) AppleWebKit/537.36 (KHTML, like Gecko) Chrome/63.0.3239.132 Safari/537.36"
172.20.0.1 - - [21/Jan/2018:14:43:16 +0000] "POST /users/password HTTP/1.1" 302 101 "http://127.0.0.1:5000/users/password/edit" "Mozilla/5.0 (Macintosh; Intel Mac OS X 10_12_5) AppleWebKit/537.36 (KHTML, like Gecko) Chrome/63.0.3239.132 Safari/537.36"
172.20.0.1 - - [21/Jan/2018:14:43:16 +0000] "GET /users/sign_in HTTP/1.1" 200 4066 "http://127.0.0.1:5000/users/password/edit" "Mozilla/5.0 (Macintosh; Intel Mac OS X 10_12_5) AppleWebKit/537.36 (KHTML, like Gecko) Chrome/63.0.3239.132 Safari/537.36"
172.20.0.1 - - [21/Jan/2018:14:43:19 +0000] "POST /users/sign_in HTTP/1.1" 302 88 "http://127.0.0.1:5000/users/sign_in" "Mozilla/5.0 (Macintosh; Intel Mac OS X 10_12_5) AppleWebKit/537.36 (KHTML, like Gecko) Chrome/63.0.3239.132 Safari/537.36"
172.20.0.1 - - [21/Jan/2018:14:43:19 +0000] "GET / HTTP/1.1" 200 7600 "http://127.0.0.1:5000/users/sign_in" "Mozilla/5.0 (Macintosh; Intel Mac OS X 10_12_5) AppleWebKit/537.36 (KHTML, like Gecko) Chrome/63.0.3239.132 Safari/537.36"
172.20.0.1 - - [21/Jan/2018:14:43:20 +0000] "GET /assets/icons-e18ff9bb200a2eb092fb610d1592af76d420722d4d8b7d48d6b20c7911bf532a.svg HTTP/1.1" 200 21688 "http://127.0.0.1:5000/" "Mozilla/5.0 (Macintosh; Intel Mac OS X 10_12_5) AppleWebKit/537.36 (KHTML, like Gecko) Chrome/63.0.3239.132 Safari/537.36"
172.20.0.1 - - [21/Jan/2018:14:43:20 +0000] "GET /assets/fontawesome-webfont-2adefcbc041e7d18fcf2d417879dc5a09997aa64d675b7a3c4b6ce33da13f3fe.woff2 HTTP/1.1" 200 77160 "http://127.0.0.1:5000/assets/application-5d7e6d1ac77307dcc1fdaae829f847d001c9d79eb2991e8c99d4a8a56c5da794.css" "Mozilla/5.0 (Macintosh; Intel Mac OS X 10_12_5) AppleWebKit/537.36 (KHTML, like Gecko) Chrome/63.0.3239.132 Safari/537.36"
172.20.0.1 - - [21/Jan/2018:14:43:21 +0000] "GET /dashboard/groups HTTP/1.1" 200 8569 "http://127.0.0.1:5000/" "Mozilla/5.0 (Macintosh; Intel Mac OS X 10_12_5) AppleWebKit/537.36 (KHTML, like Gecko) Chrome/63.0.3239.132 Safari/537.36"
172.20.0.1 - - [21/Jan/2018:14:43:21 +0000] "GET /assets/webpack/common_vue.3c176a6c9ff3842e28a8.bundle.js HTTP/1.1" 200 9379 "http://127.0.0.1:5000/dashboard/groups" "Mozilla/5.0 (Macintosh; Intel Mac OS X 10_12_5) AppleWebKit/537.36 (KHTML, like Gecko) Chrome/63.0.3239.132 Safari/537.36"
172.20.0.1 - - [21/Jan/2018:14:43:21 +0000] "GET /assets/webpack/groups.90121442a2b21ad9551b.bundle.js HTTP/1.1" 200 6449 "http://127.0.0.1:5000/dashboard/groups" "Mozilla/5.0 (Macintosh; Intel Mac OS X 10_12_5) AppleWebKit/537.36 (KHTML, like Gecko) Chrome/63.0.3239.132 Safari/537.36"
172.20.0.1 - - [21/Jan/2018:14:43:24 +0000] "GET / HTTP/1.1" 200 7597 "http://127.0.0.1:5000/dashboard/groups" "Mozilla/5.0 (Macintosh; Intel Mac OS X 10_12_5) AppleWebKit/537.36 (KHTML, like Gecko) Chrome/63.0.3239.132 Safari/537.36"
172.20.0.1 - - [21/Jan/2018:14:43:28 +0000] "GET /profile HTTP/1.1" 200 8062 "http://127.0.0.1:5000/" "Mozilla/5.0 (Macintosh; Intel Mac OS X 10_12_5) AppleWebKit/537.36 (KHTML, like Gecko) Chrome/63.0.3239.132 Safari/537.36"
172.20.0.1 - - [21/Jan/2018:14:43:28 +0000] "GET /assets/webpack/profile.189583aead9953cc3e63.bundle.js HTTP/1.1" 200 11279 "http://127.0.0.1:5000/profile" "Mozilla/5.0 (Macintosh; Intel Mac OS X 10_12_5) AppleWebKit/537.36 (KHTML, like Gecko) Chrome/63.0.3239.132 Safari/537.36"
127.0.0.1 - - [21/Jan/2018:14:43:28 +0000] "GET /help HTTP/1.1" 200 29462 "" "curl/7.56.1"
172.20.0.1 - - [21/Jan/2018:14:43:28 +0000] "GET /assets/select2-d6b5d8d83dbc18fb8d77c8761d331cd9e5123c9684950bab0406e98a24ac5ae8.png HTTP/1.1" 200 613 "http://127.0.0.1:5000/assets/application-5d7e6d1ac77307dcc1fdaae829f847d001c9d79eb2991e8c99d4a8a56c5da794.css" "Mozilla/5.0 (Macintosh; Intel Mac OS X 10_12_5) AppleWebKit/537.36 (KHTML, like Gecko) Chrome/63.0.3239.132 Safari/537.36"
172.20.0.1 - - [21/Jan/2018:14:43:30 +0000] "GET /profile/personal_access_tokens HTTP/1.1" 200 7494 "http://127.0.0.1:5000/profile" "Mozilla/5.0 (Macintosh; Intel Mac OS X 10_12_5) AppleWebKit/537.36 (KHTML, like Gecko) Chrome/63.0.3239.132 Safari/537.36"
172.20.0.1 - - [21/Jan/2018:14:43:46 +0000] "POST /profile/personal_access_tokens HTTP/1.1" 302 118 "http://127.0.0.1:5000/profile/personal_access_tokens" "Mozilla/5.0 (Macintosh; Intel Mac OS X 10_12_5) AppleWebKit/537.36 (KHTML, like Gecko) Chrome/63.0.3239.132 Safari/537.36"
172.20.0.1 - - [21/Jan/2018:14:43:46 +0000] "GET /profile/personal_access_tokens HTTP/1.1" 200 7978 "http://127.0.0.1:5000/profile/personal_access_tokens" "Mozilla/5.0 (Macintosh; Intel Mac OS X 10_12_5) AppleWebKit/537.36 (KHTML, like Gecko) Chrome/63.0.3239.132 Safari/537.36"
172.20.0.1 - - [21/Jan/2018:14:44:02 +0000] "GET /profile/personal_access_tokens HTTP/1.1" 200 7685 "http://127.0.0.1:5000/profile/personal_access_tokens" "Mozilla/5.0 (Macintosh; Intel Mac OS X 10_12_5) AppleWebKit/537.36 (KHTML, like Gecko) Chrome/63.0.3239.132 Safari/537.36"
172.20.0.1 - - [21/Jan/2018:14:44:02 +0000] "GET /assets/favicon-075eba76312e8421991a0c1f89a89ee81678bcde72319dd3e8047e2a47cd3a42.ico HTTP/1.1" 200 1384 "http://127.0.0.1:5000/profile/personal_access_tokens" "Mozilla/5.0 (Macintosh; Intel Mac OS X 10_12_5) AppleWebKit/537.36 (KHTML, like Gecko) Chrome/63.0.3239.132 Safari/537.36"
172.20.0.1 - - [21/Jan/2018:14:44:22 +0000] "GET /profile/keys HTTP/1.1" 200 6789 "http://127.0.0.1:5000/profile/personal_access_tokens" "Mozilla/5.0 (Macintosh; Intel Mac OS X 10_12_5) AppleWebKit/537.36 (KHTML, like Gecko) Chrome/63.0.3239.132 Safari/537.36"
172.20.0.1 - - [21/Jan/2018:14:44:24 +0000] "GET /profile/keys HTTP/1.1" 200 6792 "http://127.0.0.1:5000/profile/personal_access_tokens" "Mozilla/5.0 (Macintosh; Intel Mac OS X 10_12_5) AppleWebKit/537.36 (KHTML, like Gecko) Chrome/63.0.3239.132 Safari/537.36"
172.20.0.1 - - [21/Jan/2018:14:44:24 +0000] "GET /assets/favicon-075eba76312e8421991a0c1f89a89ee81678bcde72319dd3e8047e2a47cd3a42.ico HTTP/1.1" 200 1384 "http://127.0.0.1:5000/profile/keys" "Mozilla/5.0 (Macintosh; Intel Mac OS X 10_12_5) AppleWebKit/537.36 (KHTML, like Gecko) Chrome/63.0.3239.132 Safari/537.36"
172.20.0.1 - - [21/Jan/2018:14:44:24 +0000] "GET /profile/keys HTTP/1.1" 200 6793 "http://127.0.0.1:5000/profile/personal_access_tokens" "Mozilla/5.0 (Macintosh; Intel Mac OS X 10_12_5) AppleWebKit/537.36 (KHTML, like Gecko) Chrome/63.0.3239.132 Safari/537.36"
172.20.0.1 - - [21/Jan/2018:14:44:24 +0000] "GET /assets/favicon-075eba76312e8421991a0c1f89a89ee81678bcde72319dd3e8047e2a47cd3a42.ico HTTP/1.1" 200 1384 "http://127.0.0.1:5000/profile/keys" "Mozilla/5.0 (Macintosh; Intel Mac OS X 10_12_5) AppleWebKit/537.36 (KHTML, like Gecko) Chrome/63.0.3239.132 Safari/537.36"
172.20.0.1 - - [21/Jan/2018:14:44:24 +0000] "GET /profile/keys HTTP/1.1" 200 6795 "http://127.0.0.1:5000/profile/personal_access_tokens" "Mozilla/5.0 (Macintosh; Intel Mac OS X 10_12_5) AppleWebKit/537.36 (KHTML, like Gecko) Chrome/63.0.3239.132 Safari/537.36"
172.20.0.1 - - [21/Jan/2018:14:44:25 +0000] "GET /profile/keys HTTP/1.1" 499 0 "http://127.0.0.1:5000/profile/personal_access_tokens" "Mozilla/5.0 (Macintosh; Intel Mac OS X 10_12_5) AppleWebKit/537.36 (KHTML, like Gecko) Chrome/63.0.3239.132 Safari/537.36"
172.20.0.1 - - [21/Jan/2018:14:44:25 +0000] "GET /profile/keys HTTP/1.1" 200 6794 "http://127.0.0.1:5000/profile/personal_access_tokens" "Mozilla/5.0 (Macintosh; Intel Mac OS X 10_12_5) AppleWebKit/537.36 (KHTML, like Gecko) Chrome/63.0.3239.132 Safari/537.36"
172.20.0.1 - - [21/Jan/2018:14:44:25 +0000] "GET /assets/favicon-075eba76312e8421991a0c1f89a89ee81678bcde72319dd3e8047e2a47cd3a42.ico HTTP/1.1" 200 1384 "http://127.0.0.1:5000/profile/keys" "Mozilla/5.0 (Macintosh; Intel Mac OS X 10_12_5) AppleWebKit/537.36 (KHTML, like Gecko) Chrome/63.0.3239.132 Safari/537.36"
172.20.0.1 - - [21/Jan/2018:14:44:25 +0000] "GET /profile/keys HTTP/1.1" 200 6791 "http://127.0.0.1:5000/profile/personal_access_tokens" "Mozilla/5.0 (Macintosh; Intel Mac OS X 10_12_5) AppleWebKit/537.36 (KHTML, like Gecko) Chrome/63.0.3239.132 Safari/537.36"
172.20.0.1 - - [21/Jan/2018:14:44:25 +0000] "GET /profile/keys HTTP/1.1" 200 6794 "http://127.0.0.1:5000/profile/personal_access_tokens" "Mozilla/5.0 (Macintosh; Intel Mac OS X 10_12_5) AppleWebKit/537.36 (KHTML, like Gecko) Chrome/63.0.3239.132 Safari/537.36"
172.20.0.1 - - [21/Jan/2018:14:44:25 +0000] "GET /profile/keys HTTP/1.1" 200 6796 "http://127.0.0.1:5000/profile/personal_access_tokens" "Mozilla/5.0 (Macintosh; Intel Mac OS X 10_12_5) AppleWebKit/537.36 (KHTML, like Gecko) Chrome/63.0.3239.132 Safari/537.36"
172.20.0.1 - - [21/Jan/2018:14:44:25 +0000] "GET /assets/favicon-075eba76312e8421991a0c1f89a89ee81678bcde72319dd3e8047e2a47cd3a42.ico HTTP/1.1" 200 1384 "http://127.0.0.1:5000/profile/keys" "Mozilla/5.0 (Macintosh; Intel Mac OS X 10_12_5) AppleWebKit/537.36 (KHTML, like Gecko) Chrome/63.0.3239.132 Safari/537.36"
172.20.0.1 - - [21/Jan/2018:14:44:25 +0000] "GET /profile/keys HTTP/1.1" 200 6793 "http://127.0.0.1:5000/profile/personal_access_tokens" "Mozilla/5.0 (Macintosh; Intel Mac OS X 10_12_5) AppleWebKit/537.36 (KHTML, like Gecko) Chrome/63.0.3239.132 Safari/537.36"
172.20.0.1 - - [21/Jan/2018:14:44:26 +0000] "GET /assets/favicon-075eba76312e8421991a0c1f89a89ee81678bcde72319dd3e8047e2a47cd3a42.ico HTTP/1.1" 200 1384 "http://127.0.0.1:5000/profile/keys" "Mozilla/5.0 (Macintosh; Intel Mac OS X 10_12_5) AppleWebKit/537.36 (KHTML, like Gecko) Chrome/63.0.3239.132 Safari/537.36"
172.20.0.1 - - [21/Jan/2018:14:44:28 +0000] "GET /profile HTTP/1.1" 200 8066 "http://127.0.0.1:5000/profile/keys" "Mozilla/5.0 (Macintosh; Intel Mac OS X 10_12_5) AppleWebKit/537.36 (KHTML, like Gecko) Chrome/63.0.3239.132 Safari/537.36"
127.0.0.1 - - [21/Jan/2018:14:44:29 +0000] "GET /help HTTP/1.1" 200 29431 "" "curl/7.56.1"
172.20.0.1 - - [21/Jan/2018:14:44:30 +0000] "GET /profile/keys HTTP/1.1" 200 6791 "http://127.0.0.1:5000/profile" "Mozilla/5.0 (Macintosh; Intel Mac OS X 10_12_5) AppleWebKit/537.36 (KHTML, like Gecko) Chrome/63.0.3239.132 Safari/537.36"
172.20.0.1 - - [21/Jan/2018:14:44:30 +0000] "GET /profile/keys HTTP/1.1" 200 6795 "http://127.0.0.1:5000/profile" "Mozilla/5.0 (Macintosh; Intel Mac OS X 10_12_5) AppleWebKit/537.36 (KHTML, like Gecko) Chrome/63.0.3239.132 Safari/537.36"
172.20.0.1 - - [21/Jan/2018:14:44:30 +0000] "GET /assets/favicon-075eba76312e8421991a0c1f89a89ee81678bcde72319dd3e8047e2a47cd3a42.ico HTTP/1.1" 200 1384 "http://127.0.0.1:5000/profile/keys" "Mozilla/5.0 (Macintosh; Intel Mac OS X 10_12_5) AppleWebKit/537.36 (KHTML, like Gecko) Chrome/63.0.3239.132 Safari/537.36"
172.20.0.1 - - [21/Jan/2018:14:44:30 +0000] "GET /profile/keys HTTP/1.1" 200 6792 "http://127.0.0.1:5000/profile" "Mozilla/5.0 (Macintosh; Intel Mac OS X 10_12_5) AppleWebKit/537.36 (KHTML, like Gecko) Chrome/63.0.3239.132 Safari/537.36"
172.20.0.1 - - [21/Jan/2018:14:44:31 +0000] "GET /profile/keys HTTP/1.1" 200 6789 "http://127.0.0.1:5000/profile" "Mozilla/5.0 (Macintosh; Intel Mac OS X 10_12_5) AppleWebKit/537.36 (KHTML, like Gecko) Chrome/63.0.3239.132 Safari/537.36"
172.20.0.1 - - [21/Jan/2018:14:44:31 +0000] "GET /assets/favicon-075eba76312e8421991a0c1f89a89ee81678bcde72319dd3e8047e2a47cd3a42.ico HTTP/1.1" 200 1384 "http://127.0.0.1:5000/profile/keys" "Mozilla/5.0 (Macintosh; Intel Mac OS X 10_12_5) AppleWebKit/537.36 (KHTML, like Gecko) Chrome/63.0.3239.132 Safari/537.36"
172.20.0.1 - - [21/Jan/2018:14:44:31 +0000] "GET /profile/keys HTTP/1.1" 200 6793 "http://127.0.0.1:5000/profile" "Mozilla/5.0 (Macintosh; Intel Mac OS X 10_12_5) AppleWebKit/537.36 (KHTML, like Gecko) Chrome/63.0.3239.132 Safari/537.36"
127.0.0.1 - - [21/Jan/2018:14:45:29 +0000] "GET /help HTTP/1.1" 200 29462 "" "curl/7.56.1"
172.20.0.1 - - [21/Jan/2018:14:45:48 +0000] "GET /profile/keys HTTP/1.1" 200 6790 "http://127.0.0.1:5000/profile" "Mozilla/5.0 (Macintosh; Intel Mac OS X 10_12_5) AppleWebKit/537.36 (KHTML, like Gecko) Chrome/63.0.3239.132 Safari/537.36"
172.20.0.1 - - [21/Jan/2018:14:45:49 +0000] "GET /assets/favicon-075eba76312e8421991a0c1f89a89ee81678bcde72319dd3e8047e2a47cd3a42.ico HTTP/1.1" 200 1384 "http://127.0.0.1:5000/profile/keys" "Mozilla/5.0 (Macintosh; Intel Mac OS X 10_12_5) AppleWebKit/537.36 (KHTML, like Gecko) Chrome/63.0.3239.132 Safari/537.36"
172.20.0.1 - - [21/Jan/2018:14:45:49 +0000] "GET /profile/keys HTTP/1.1" 200 6799 "http://127.0.0.1:5000/profile" "Mozilla/5.0 (Macintosh; Intel Mac OS X 10_12_5) AppleWebKit/537.36 (KHTML, like Gecko) Chrome/63.0.3239.132 Safari/537.36"
172.20.0.1 - - [21/Jan/2018:14:45:49 +0000] "GET /assets/favicon-075eba76312e8421991a0c1f89a89ee81678bcde72319dd3e8047e2a47cd3a42.ico HTTP/1.1" 200 1384 "http://127.0.0.1:5000/profile/keys" "Mozilla/5.0 (Macintosh; Intel Mac OS X 10_12_5) AppleWebKit/537.36 (KHTML, like Gecko) Chrome/63.0.3239.132 Safari/537.36"
172.20.0.1 - - [21/Jan/2018:14:45:49 +0000] "GET /profile/keys HTTP/1.1" 200 6787 "http://127.0.0.1:5000/profile" "Mozilla/5.0 (Macintosh; Intel Mac OS X 10_12_5) AppleWebKit/537.36 (KHTML, like Gecko) Chrome/63.0.3239.132 Safari/537.36"
172.20.0.1 - - [21/Jan/2018:14:45:50 +0000] "GET /profile/keys HTTP/1.1" 200 6796 "http://127.0.0.1:5000/profile" "Mozilla/5.0 (Macintosh; Intel Mac OS X 10_12_5) AppleWebKit/537.36 (KHTML, like Gecko) Chrome/63.0.3239.132 Safari/537.36"
172.20.0.1 - - [21/Jan/2018:14:45:50 +0000] "GET /profile/keys HTTP/1.1" 200 6795 "http://127.0.0.1:5000/profile" "Mozilla/5.0 (Macintosh; Intel Mac OS X 10_12_5) AppleWebKit/537.36 (KHTML, like Gecko) Chrome/63.0.3239.132 Safari/537.36"
172.20.0.1 - - [21/Jan/2018:14:45:50 +0000] "GET /assets/favicon-075eba76312e8421991a0c1f89a89ee81678bcde72319dd3e8047e2a47cd3a42.ico HTTP/1.1" 200 0 "http://127.0.0.1:5000/profile/keys" "Mozilla/5.0 (Macintosh; Intel Mac OS X 10_12_5) AppleWebKit/537.36 (KHTML, like Gecko) Chrome/63.0.3239.132 Safari/537.36"
172.20.0.1 - - [21/Jan/2018:14:45:50 +0000] "GET /assets/favicon-075eba76312e8421991a0c1f89a89ee81678bcde72319dd3e8047e2a47cd3a42.ico HTTP/1.1" 200 1384 "http://127.0.0.1:5000/profile/keys" "Mozilla/5.0 (Macintosh; Intel Mac OS X 10_12_5) AppleWebKit/537.36 (KHTML, like Gecko) Chrome/63.0.3239.132 Safari/537.36"
172.20.0.1 - - [21/Jan/2018:14:45:50 +0000] "GET /profile/keys HTTP/1.1" 200 6790 "http://127.0.0.1:5000/profile" "Mozilla/5.0 (Macintosh; Intel Mac OS X 10_12_5) AppleWebKit/537.36 (KHTML, like Gecko) Chrome/63.0.3239.132 Safari/537.36"
172.20.0.1 - - [21/Jan/2018:14:45:50 +0000] "GET /profile/keys HTTP/1.1" 499 0 "http://127.0.0.1:5000/profile" "Mozilla/5.0 (Macintosh; Intel Mac OS X 10_12_5) AppleWebKit/537.36 (KHTML, like Gecko) Chrome/63.0.3239.132 Safari/537.36"
172.20.0.1 - - [21/Jan/2018:14:45:50 +0000] "GET /profile/keys HTTP/1.1" 200 6793 "http://127.0.0.1:5000/profile" "Mozilla/5.0 (Macintosh; Intel Mac OS X 10_12_5) AppleWebKit/537.36 (KHTML, like Gecko) Chrome/63.0.3239.132 Safari/537.36"
172.20.0.1 - - [21/Jan/2018:14:45:50 +0000] "GET /profile/keys HTTP/1.1" 499 0 "http://127.0.0.1:5000/profile" "Mozilla/5.0 (Macintosh; Intel Mac OS X 10_12_5) AppleWebKit/537.36 (KHTML, like Gecko) Chrome/63.0.3239.132 Safari/537.36"
172.20.0.1 - - [21/Jan/2018:14:45:50 +0000] "GET /profile/keys HTTP/1.1" 499 0 "http://127.0.0.1:5000/profile" "Mozilla/5.0 (Macintosh; Intel Mac OS X 10_12_5) AppleWebKit/537.36 (KHTML, like Gecko) Chrome/63.0.3239.132 Safari/537.36"
172.20.0.1 - - [21/Jan/2018:14:45:51 +0000] "GET /profile/keys HTTP/1.1" 200 6790 "http://127.0.0.1:5000/profile" "Mozilla/5.0 (Macintosh; Intel Mac OS X 10_12_5) AppleWebKit/537.36 (KHTML, like Gecko) Chrome/63.0.3239.132 Safari/537.36"
172.20.0.1 - - [21/Jan/2018:14:45:51 +0000] "GET /assets/favicon-075eba76312e8421991a0c1f89a89ee81678bcde72319dd3e8047e2a47cd3a42.ico HTTP/1.1" 200 1384 "http://127.0.0.1:5000/profile/keys" "Mozilla/5.0 (Macintosh; Intel Mac OS X 10_12_5) AppleWebKit/537.36 (KHTML, like Gecko) Chrome/63.0.3239.132 Safari/537.36"
172.20.0.1 - - [21/Jan/2018:14:45:51 +0000] "GET /profile/keys HTTP/1.1" 200 6789 "http://127.0.0.1:5000/profile" "Mozilla/5.0 (Macintosh; Intel Mac OS X 10_12_5) AppleWebKit/537.36 (KHTML, like Gecko) Chrome/63.0.3239.132 Safari/537.36"
172.20.0.1 - - [21/Jan/2018:14:45:53 +0000] "GET /profile/notifications HTTP/1.1" 200 8394 "http://127.0.0.1:5000/profile/keys" "Mozilla/5.0 (Macintosh; Intel Mac OS X 10_12_5) AppleWebKit/537.36 (KHTML, like Gecko) Chrome/63.0.3239.132 Safari/537.36"
172.20.0.1 - - [21/Jan/2018:14:45:54 +0000] "GET /profile/keys HTTP/1.1" 200 6790 "http://127.0.0.1:5000/profile/notifications" "Mozilla/5.0 (Macintosh; Intel Mac OS X 10_12_5) AppleWebKit/537.36 (KHTML, like Gecko) Chrome/63.0.3239.132 Safari/537.36"
172.20.0.1 - - [21/Jan/2018:14:45:55 +0000] "GET /profile/keys HTTP/1.1" 200 6798 "http://127.0.0.1:5000/profile/notifications" "Mozilla/5.0 (Macintosh; Intel Mac OS X 10_12_5) AppleWebKit/537.36 (KHTML, like Gecko) Chrome/63.0.3239.132 Safari/537.36"
172.20.0.1 - - [21/Jan/2018:14:45:55 +0000] "GET /assets/favicon-075eba76312e8421991a0c1f89a89ee81678bcde72319dd3e8047e2a47cd3a42.ico HTTP/1.1" 200 1384 "http://127.0.0.1:5000/profile/keys" "Mozilla/5.0 (Macintosh; Intel Mac OS X 10_12_5) AppleWebKit/537.36 (KHTML, like Gecko) Chrome/63.0.3239.132 Safari/537.36"
172.20.0.1 - - [21/Jan/2018:14:45:56 +0000] "GET /profile/keys HTTP/1.1" 200 6789 "http://127.0.0.1:5000/profile/notifications" "Mozilla/5.0 (Macintosh; Intel Mac OS X 10_12_5) AppleWebKit/537.36 (KHTML, like Gecko) Chrome/63.0.3239.132 Safari/537.36"
172.20.0.1 - - [21/Jan/2018:14:45:56 +0000] "GET /assets/favicon-075eba76312e8421991a0c1f89a89ee81678bcde72319dd3e8047e2a47cd3a42.ico HTTP/1.1" 200 1384 "http://127.0.0.1:5000/profile/keys" "Mozilla/5.0 (Macintosh; Intel Mac OS X 10_12_5) AppleWebKit/537.36 (KHTML, like Gecko) Chrome/63.0.3239.132 Safari/537.36"
172.20.0.1 - - [21/Jan/2018:14:45:56 +0000] "GET /profile/keys HTTP/1.1" 499 0 "http://127.0.0.1:5000/profile/notifications" "Mozilla/5.0 (Macintosh; Intel Mac OS X 10_12_5) AppleWebKit/537.36 (KHTML, like Gecko) Chrome/63.0.3239.132 Safari/537.36"
172.20.0.1 - - [21/Jan/2018:14:45:56 +0000] "GET /profile/keys HTTP/1.1" 200 6790 "http://127.0.0.1:5000/profile/notifications" "Mozilla/5.0 (Macintosh; Intel Mac OS X 10_12_5) AppleWebKit/537.36 (KHTML, like Gecko) Chrome/63.0.3239.132 Safari/537.36"
172.20.0.1 - - [21/Jan/2018:14:45:56 +0000] "GET /assets/favicon-075eba76312e8421991a0c1f89a89ee81678bcde72319dd3e8047e2a47cd3a42.ico HTTP/1.1" 200 1384 "http://127.0.0.1:5000/profile/keys" "Mozilla/5.0 (Macintosh; Intel Mac OS X 10_12_5) AppleWebKit/537.36 (KHTML, like Gecko) Chrome/63.0.3239.132 Safari/537.36"
172.20.0.1 - - [21/Jan/2018:14:45:56 +0000] "GET /profile/keys HTTP/1.1" 200 6790 "http://127.0.0.1:5000/profile/notifications" "Mozilla/5.0 (Macintosh; Intel Mac OS X 10_12_5) AppleWebKit/537.36 (KHTML, like Gecko) Chrome/63.0.3239.132 Safari/537.36"
127.0.0.1 - - [21/Jan/2018:14:46:29 +0000] "GET /help HTTP/1.1" 200 29462 "" "curl/7.56.1"
127.0.0.1 - - [21/Jan/2018:14:47:30 +0000] "GET /help HTTP/1.1" 200 29462 "" "curl/7.56.1"
127.0.0.1 - - [21/Jan/2018:14:48:30 +0000] "GET /help HTTP/1.1" 200 29462 "" "curl/7.56.1"
127.0.0.1 - - [21/Jan/2018:14:49:30 +0000] "GET /help HTTP/1.1" 200 29431 "" "curl/7.56.1"
172.20.0.1 - - [21/Jan/2018:14:49:49 +0000] "GET /profile/keys HTTP/1.1" 200 6794 "http://127.0.0.1:5000/profile/notifications" "Mozilla/5.0 (Macintosh; Intel Mac OS X 10_12_5) AppleWebKit/537.36 (KHTML, like Gecko) Chrome/63.0.3239.132 Safari/537.36"
172.20.0.1 - - [21/Jan/2018:14:49:49 +0000] "GET /assets/favicon-075eba76312e8421991a0c1f89a89ee81678bcde72319dd3e8047e2a47cd3a42.ico HTTP/1.1" 200 1384 "http://127.0.0.1:5000/profile/keys" "Mozilla/5.0 (Macintosh; Intel Mac OS X 10_12_5) AppleWebKit/537.36 (KHTML, like Gecko) Chrome/63.0.3239.132 Safari/537.36"
172.20.0.1 - - [21/Jan/2018:14:49:50 +0000] "GET /profile/keys HTTP/1.1" 200 6793 "http://127.0.0.1:5000/profile/notifications" "Mozilla/5.0 (Macintosh; Intel Mac OS X 10_12_5) AppleWebKit/537.36 (KHTML, like Gecko) Chrome/63.0.3239.132 Safari/537.36"
172.20.0.1 - - [21/Jan/2018:14:49:50 +0000] "GET /assets/favicon-075eba76312e8421991a0c1f89a89ee81678bcde72319dd3e8047e2a47cd3a42.ico HTTP/1.1" 200 1384 "http://127.0.0.1:5000/profile/keys" "Mozilla/5.0 (Macintosh; Intel Mac OS X 10_12_5) AppleWebKit/537.36 (KHTML, like Gecko) Chrome/63.0.3239.132 Safari/537.36"
172.20.0.1 - - [21/Jan/2018:14:49:50 +0000] "GET /profile/keys HTTP/1.1" 200 6793 "http://127.0.0.1:5000/profile/notifications" "Mozilla/5.0 (Macintosh; Intel Mac OS X 10_12_5) AppleWebKit/537.36 (KHTML, like Gecko) Chrome/63.0.3239.132 Safari/537.36"
172.20.0.1 - - [21/Jan/2018:14:49:51 +0000] "GET /profile/keys HTTP/1.1" 200 6791 "http://127.0.0.1:5000/profile/notifications" "Mozilla/5.0 (Macintosh; Intel Mac OS X 10_12_5) AppleWebKit/537.36 (KHTML, like Gecko) Chrome/63.0.3239.132 Safari/537.36"
172.20.0.1 - - [21/Jan/2018:14:49:51 +0000] "GET /assets/favicon-075eba76312e8421991a0c1f89a89ee81678bcde72319dd3e8047e2a47cd3a42.ico HTTP/1.1" 200 1384 "http://127.0.0.1:5000/profile/keys" "Mozilla/5.0 (Macintosh; Intel Mac OS X 10_12_5) AppleWebKit/537.36 (KHTML, like Gecko) Chrome/63.0.3239.132 Safari/537.36"
172.20.0.1 - - [21/Jan/2018:14:49:51 +0000] "GET /profile/keys HTTP/1.1" 200 6792 "http://127.0.0.1:5000/profile/notifications" "Mozilla/5.0 (Macintosh; Intel Mac OS X 10_12_5) AppleWebKit/537.36 (KHTML, like Gecko) Chrome/63.0.3239.132 Safari/537.36"
172.20.0.1 - - [21/Jan/2018:14:49:51 +0000] "GET /profile/keys HTTP/1.1" 200 6794 "http://127.0.0.1:5000/profile/notifications" "Mozilla/5.0 (Macintosh; Intel Mac OS X 10_12_5) AppleWebKit/537.36 (KHTML, like Gecko) Chrome/63.0.3239.132 Safari/537.36"
172.20.0.1 - - [21/Jan/2018:14:49:51 +0000] "GET /profile/keys HTTP/1.1" 200 6793 "http://127.0.0.1:5000/profile/notifications" "Mozilla/5.0 (Macintosh; Intel Mac OS X 10_12_5) AppleWebKit/537.36 (KHTML, like Gecko) Chrome/63.0.3239.132 Safari/537.36"
172.20.0.1 - - [21/Jan/2018:14:49:51 +0000] "GET /assets/favicon-075eba76312e8421991a0c1f89a89ee81678bcde72319dd3e8047e2a47cd3a42.ico HTTP/1.1" 200 1384 "http://127.0.0.1:5000/profile/keys" "Mozilla/5.0 (Macintosh; Intel Mac OS X 10_12_5) AppleWebKit/537.36 (KHTML, like Gecko) Chrome/63.0.3239.132 Safari/537.36"
172.20.0.1 - - [21/Jan/2018:14:49:51 +0000] "GET /assets/favicon-075eba76312e8421991a0c1f89a89ee81678bcde72319dd3e8047e2a47cd3a42.ico HTTP/1.1" 200 1384 "http://127.0.0.1:5000/profile/keys" "Mozilla/5.0 (Macintosh; Intel Mac OS X 10_12_5) AppleWebKit/537.36 (KHTML, like Gecko) Chrome/63.0.3239.132 Safari/537.36"
172.20.0.1 - - [21/Jan/2018:14:50:13 +0000] "GET /profile/keys HTTP/1.1" 200 6793 "http://127.0.0.1:5000/profile/notifications" "Mozilla/5.0 (Macintosh; Intel Mac OS X 10_12_5) AppleWebKit/537.36 (KHTML, like Gecko) Chrome/63.0.3239.132 Safari/537.36"
172.20.0.1 - - [21/Jan/2018:14:50:14 +0000] "GET /assets/favicon-075eba76312e8421991a0c1f89a89ee81678bcde72319dd3e8047e2a47cd3a42.ico HTTP/1.1" 200 1384 "http://127.0.0.1:5000/profile/keys" "Mozilla/5.0 (Macintosh; Intel Mac OS X 10_12_5) AppleWebKit/537.36 (KHTML, like Gecko) Chrome/63.0.3239.132 Safari/537.36"
172.20.0.1 - - [21/Jan/2018:14:50:14 +0000] "GET /profile/keys HTTP/1.1" 200 6795 "http://127.0.0.1:5000/profile/notifications" "Mozilla/5.0 (Macintosh; Intel Mac OS X 10_12_5) AppleWebKit/537.36 (KHTML, like Gecko) Chrome/63.0.3239.132 Safari/537.36"
172.20.0.1 - - [21/Jan/2018:14:50:14 +0000] "GET /assets/favicon-075eba76312e8421991a0c1f89a89ee81678bcde72319dd3e8047e2a47cd3a42.ico HTTP/1.1" 200 1384 "http://127.0.0.1:5000/profile/keys" "Mozilla/5.0 (Macintosh; Intel Mac OS X 10_12_5) AppleWebKit/537.36 (KHTML, like Gecko) Chrome/63.0.3239.132 Safari/537.36"
172.20.0.1 - - [21/Jan/2018:14:50:14 +0000] "GET /profile/keys HTTP/1.1" 200 6794 "http://127.0.0.1:5000/profile/notifications" "Mozilla/5.0 (Macintosh; Intel Mac OS X 10_12_5) AppleWebKit/537.36 (KHTML, like Gecko) Chrome/63.0.3239.132 Safari/537.36"
172.20.0.1 - - [21/Jan/2018:14:50:17 +0000] "GET / HTTP/1.1" 200 7592 "" "Mozilla/5.0 (Macintosh; Intel Mac OS X 10_12_5) AppleWebKit/537.36 (KHTML, like Gecko) Chrome/63.0.3239.132 Safari/537.36"
172.20.0.1 - - [21/Jan/2018:14:50:20 +0000] "GET /profile HTTP/1.1" 200 8063 "http://127.0.0.1:5000/" "Mozilla/5.0 (Macintosh; Intel Mac OS X 10_12_5) AppleWebKit/537.36 (KHTML, like Gecko) Chrome/63.0.3239.132 Safari/537.36"
172.20.0.1 - - [21/Jan/2018:14:50:23 +0000] "GET /profile/keys HTTP/1.1" 200 6794 "http://127.0.0.1:5000/profile" "Mozilla/5.0 (Macintosh; Intel Mac OS X 10_12_5) AppleWebKit/537.36 (KHTML, like Gecko) Chrome/63.0.3239.132 Safari/537.36"
127.0.0.1 - - [21/Jan/2018:14:50:30 +0000] "GET /help HTTP/1.1" 200 29462 "" "curl/7.56.1"
127.0.0.1 - - [21/Jan/2018:14:51:30 +0000] "GET /help HTTP/1.1" 200 29462 "" "curl/7.56.1"
127.0.0.1 - - [21/Jan/2018:14:52:30 +0000] "GET /help HTTP/1.1" 200 29462 "" "curl/7.56.1"
127.0.0.1 - - [21/Jan/2018:14:53:31 +0000] "GET /help HTTP/1.1" 200 29462 "" "curl/7.56.1"
127.0.0.1 - - [21/Jan/2018:14:54:31 +0000] "GET /help HTTP/1.1" 200 29462 "" "curl/7.56.1"
127.0.0.1 - - [21/Jan/2018:14:55:31 +0000] "GET /help HTTP/1.1" 200 29462 "" "curl/7.56.1"
127.0.0.1 - - [21/Jan/2018:14:56:31 +0000] "GET /help HTTP/1.1" 200 29462 "" "curl/7.56.1"
127.0.0.1 - - [21/Jan/2018:14:57:31 +0000] "GET /help HTTP/1.1" 200 29431 "" "curl/7.56.1"
127.0.0.1 - - [21/Jan/2018:14:58:31 +0000] "GET /help HTTP/1.1" 200 29462 "" "curl/7.56.1"
127.0.0.1 - - [21/Jan/2018:14:59:32 +0000] "GET /help HTTP/1.1" 200 29462 "" "curl/7.56.1"
127.0.0.1 - - [21/Jan/2018:15:00:32 +0000] "GET /help HTTP/1.1" 200 29462 "" "curl/7.56.1"
127.0.0.1 - - [21/Jan/2018:15:01:32 +0000] "GET /help HTTP/1.1" 200 29462 "" "curl/7.56.1"
172.20.0.1 - - [21/Jan/2018:15:03:42 +0000] "GET / HTTP/1.1" 502 2916 "" "Mozilla/5.0 (Macintosh; Intel Mac OS X 10_12_5) AppleWebKit/537.36 (KHTML, like Gecko) Chrome/63.0.3239.132 Safari/537.36"
172.20.0.1 - - [21/Jan/2018:15:03:42 +0000] "GET /favicon.ico HTTP/1.1" 200 5430 "http://127.0.0.1:5000/" "Mozilla/5.0 (Macintosh; Intel Mac OS X 10_12_5) AppleWebKit/537.36 (KHTML, like Gecko) Chrome/63.0.3239.132 Safari/537.36"
172.20.0.1 - - [21/Jan/2018:15:03:42 +0000] "GET / HTTP/1.1" 502 2916 "" "Mozilla/5.0 (Macintosh; Intel Mac OS X 10_12_5) AppleWebKit/537.36 (KHTML, like Gecko) Chrome/63.0.3239.132 Safari/537.36"
172.20.0.1 - - [21/Jan/2018:15:03:43 +0000] "GET /favicon.ico HTTP/1.1" 200 5430 "http://127.0.0.1:5000/" "Mozilla/5.0 (Macintosh; Intel Mac OS X 10_12_5) AppleWebKit/537.36 (KHTML, like Gecko) Chrome/63.0.3239.132 Safari/537.36"
172.20.0.1 - - [21/Jan/2018:15:03:43 +0000] "GET / HTTP/1.1" 502 2916 "" "Mozilla/5.0 (Macintosh; Intel Mac OS X 10_12_5) AppleWebKit/537.36 (KHTML, like Gecko) Chrome/63.0.3239.132 Safari/537.36"
172.20.0.1 - - [21/Jan/2018:15:03:43 +0000] "GET /favicon.ico HTTP/1.1" 200 5430 "http://127.0.0.1:5000/" "Mozilla/5.0 (Macintosh; Intel Mac OS X 10_12_5) AppleWebKit/537.36 (KHTML, like Gecko) Chrome/63.0.3239.132 Safari/537.36"
127.0.0.1 - - [21/Jan/2018:15:03:49 +0000] "GET /help HTTP/1.1" 502 2916 "" "curl/7.56.1"
172.20.0.1 - - [21/Jan/2018:15:04:05 +0000] "GET / HTTP/1.1" 502 2916 "" "Mozilla/5.0 (Macintosh; Intel Mac OS X 10_12_5) AppleWebKit/537.36 (KHTML, like Gecko) Chrome/63.0.3239.132 Safari/537.36"
172.20.0.1 - - [21/Jan/2018:15:04:05 +0000] "GET /favicon.ico HTTP/1.1" 200 5430 "http://127.0.0.1:5000/" "Mozilla/5.0 (Macintosh; Intel Mac OS X 10_12_5) AppleWebKit/537.36 (KHTML, like Gecko) Chrome/63.0.3239.132 Safari/537.36"
172.20.0.1 - - [21/Jan/2018:15:04:24 +0000] "GET / HTTP/1.1" 502 2916 "" "Mozilla/5.0 (Macintosh; Intel Mac OS X 10_12_5) AppleWebKit/537.36 (KHTML, like Gecko) Chrome/63.0.3239.132 Safari/537.36"
172.20.0.1 - - [21/Jan/2018:15:04:24 +0000] "GET /favicon.ico HTTP/1.1" 502 2916 "http://127.0.0.1:5000/" "Mozilla/5.0 (Macintosh; Intel Mac OS X 10_12_5) AppleWebKit/537.36 (KHTML, like Gecko) Chrome/63.0.3239.132 Safari/537.36"
172.20.0.1 - - [21/Jan/2018:15:04:35 +0000] "GET / HTTP/1.1" 200 7596 "" "Mozilla/5.0 (Macintosh; Intel Mac OS X 10_12_5) AppleWebKit/537.36 (KHTML, like Gecko) Chrome/63.0.3239.132 Safari/537.36"
172.20.0.1 - - [21/Jan/2018:15:04:35 +0000] "GET /assets/favicon-075eba76312e8421991a0c1f89a89ee81678bcde72319dd3e8047e2a47cd3a42.ico HTTP/1.1" 200 1384 "http://127.0.0.1:5000/" "Mozilla/5.0 (Macintosh; Intel Mac OS X 10_12_5) AppleWebKit/537.36 (KHTML, like Gecko) Chrome/63.0.3239.132 Safari/537.36"
172.20.0.3 - - [21/Jan/2018:15:04:49 +0000] "POST /api/v4/users/1/keys HTTP/1.1" 201 493 "" "curl/7.52.1"
127.0.0.1 - - [21/Jan/2018:15:04:49 +0000] "GET /help HTTP/1.1" 200 29464 "" "curl/7.56.1"
172.20.0.1 - - [21/Jan/2018:15:04:54 +0000] "GET /profile HTTP/1.1" 200 8062 "http://127.0.0.1:5000/" "Mozilla/5.0 (Macintosh; Intel Mac OS X 10_12_5) AppleWebKit/537.36 (KHTML, like Gecko) Chrome/63.0.3239.132 Safari/537.36"
172.20.0.1 - - [21/Jan/2018:15:04:56 +0000] "GET /profile/keys HTTP/1.1" 200 7092 "http://127.0.0.1:5000/profile" "Mozilla/5.0 (Macintosh; Intel Mac OS X 10_12_5) AppleWebKit/537.36 (KHTML, like Gecko) Chrome/63.0.3239.132 Safari/537.36"
172.20.0.4 - - [21/Jan/2018:15:05:26 +0000] "POST /api/v4/jobs/request HTTP/1.1" 403 58 "" "gitlab-ci-multi-runner 9.5.1 (9-5-stable; go1.8.3; linux/amd64)"
172.20.0.4 - - [21/Jan/2018:15:05:27 +0000] "POST /api/v4/jobs/request HTTP/1.1" 403 58 "" "gitlab-ci-multi-runner 9.5.1 (9-5-stable; go1.8.3; linux/amd64)"
172.20.0.4 - - [21/Jan/2018:15:05:28 +0000] "POST /api/v4/jobs/request HTTP/1.1" 403 58 "" "gitlab-ci-multi-runner 9.5.1 (9-5-stable; go1.8.3; linux/amd64)"
172.20.0.4 - - [21/Jan/2018:15:05:29 +0000] "POST /api/v4/jobs/request HTTP/1.1" 403 58 "" "gitlab-ci-multi-runner 9.5.1 (9-5-stable; go1.8.3; linux/amd64)"
172.20.0.4 - - [21/Jan/2018:15:05:30 +0000] "POST /api/v4/jobs/request HTTP/1.1" 403 58 "" "gitlab-ci-multi-runner 9.5.1 (9-5-stable; go1.8.3; linux/amd64)"
172.20.0.4 - - [21/Jan/2018:15:05:31 +0000] "POST /api/v4/jobs/request HTTP/1.1" 403 58 "" "gitlab-ci-multi-runner 9.5.1 (9-5-stable; go1.8.3; linux/amd64)"
172.20.0.4 - - [21/Jan/2018:15:05:32 +0000] "POST /api/v4/jobs/request HTTP/1.1" 403 58 "" "gitlab-ci-multi-runner 9.5.1 (9-5-stable; go1.8.3; linux/amd64)"
172.20.0.4 - - [21/Jan/2018:15:05:33 +0000] "POST /api/v4/jobs/request HTTP/1.1" 403 58 "" "gitlab-ci-multi-runner 9.5.1 (9-5-stable; go1.8.3; linux/amd64)"
172.20.0.4 - - [21/Jan/2018:15:05:34 +0000] "POST /api/v4/jobs/request HTTP/1.1" 403 58 "" "gitlab-ci-multi-runner 9.5.1 (9-5-stable; go1.8.3; linux/amd64)"
127.0.0.1 - - [21/Jan/2018:15:05:50 +0000] "GET /help HTTP/1.1" 200 29464 "" "curl/7.56.1"
172.20.0.4 - - [21/Jan/2018:15:06:17 +0000] "POST /api/v4/jobs/request HTTP/1.1" 403 58 "" "gitlab-ci-multi-runner 9.5.1 (9-5-stable; go1.8.3; linux/amd64)"
172.20.0.4 - - [21/Jan/2018:15:06:18 +0000] "POST /api/v4/jobs/request HTTP/1.1" 403 58 "" "gitlab-ci-multi-runner 9.5.1 (9-5-stable; go1.8.3; linux/amd64)"
172.20.0.4 - - [21/Jan/2018:15:06:20 +0000] "POST /api/v4/jobs/request HTTP/1.1" 403 58 "" "gitlab-ci-multi-runner 9.5.1 (9-5-stable; go1.8.3; linux/amd64)"
172.20.0.4 - - [21/Jan/2018:15:06:21 +0000] "POST /api/v4/jobs/request HTTP/1.1" 403 58 "" "gitlab-ci-multi-runner 9.5.1 (9-5-stable; go1.8.3; linux/amd64)"
172.20.0.4 - - [21/Jan/2018:15:06:21 +0000] "POST /api/v4/jobs/request HTTP/1.1" 403 58 "" "gitlab-ci-multi-runner 9.5.1 (9-5-stable; go1.8.3; linux/amd64)"
172.20.0.4 - - [21/Jan/2018:15:06:21 +0000] "POST /api/v4/jobs/request HTTP/1.1" 403 58 "" "gitlab-ci-multi-runner 9.5.1 (9-5-stable; go1.8.3; linux/amd64)"
172.20.0.4 - - [21/Jan/2018:15:06:22 +0000] "POST /api/v4/jobs/request HTTP/1.1" 403 58 "" "gitlab-ci-multi-runner 9.5.1 (9-5-stable; go1.8.3; linux/amd64)"
172.20.0.4 - - [21/Jan/2018:15:06:22 +0000] "POST /api/v4/jobs/request HTTP/1.1" 403 58 "" "gitlab-ci-multi-runner 9.5.1 (9-5-stable; go1.8.3; linux/amd64)"
172.20.0.4 - - [21/Jan/2018:15:06:23 +0000] "POST /api/v4/jobs/request HTTP/1.1" 403 58 "" "gitlab-ci-multi-runner 9.5.1 (9-5-stable; go1.8.3; linux/amd64)"
172.20.0.4 - - [21/Jan/2018:15:06:23 +0000] "POST /api/v4/jobs/request HTTP/1.1" 403 58 "" "gitlab-ci-multi-runner 9.5.1 (9-5-stable; go1.8.3; linux/amd64)"
172.20.0.4 - - [21/Jan/2018:15:06:24 +0000] "POST /api/v4/jobs/request HTTP/1.1" 403 58 "" "gitlab-ci-multi-runner 9.5.1 (9-5-stable; go1.8.3; linux/amd64)"
172.20.0.4 - - [21/Jan/2018:15:06:24 +0000] "POST /api/v4/jobs/request HTTP/1.1" 403 58 "" "gitlab-ci-multi-runner 9.5.1 (9-5-stable; go1.8.3; linux/amd64)"
172.20.0.4 - - [21/Jan/2018:15:06:25 +0000] "POST /api/v4/jobs/request HTTP/1.1" 403 58 "" "gitlab-ci-multi-runner 9.5.1 (9-5-stable; go1.8.3; linux/amd64)"
172.20.0.4 - - [21/Jan/2018:15:06:25 +0000] "POST /api/v4/jobs/request HTTP/1.1" 403 58 "" "gitlab-ci-multi-runner 9.5.1 (9-5-stable; go1.8.3; linux/amd64)"
172.20.0.4 - - [21/Jan/2018:15:06:26 +0000] "POST /api/v4/jobs/request HTTP/1.1" 403 58 "" "gitlab-ci-multi-runner 9.5.1 (9-5-stable; go1.8.3; linux/amd64)"
172.20.0.4 - - [21/Jan/2018:15:06:27 +0000] "POST /api/v4/jobs/request HTTP/1.1" 403 58 "" "gitlab-ci-multi-runner 9.5.1 (9-5-stable; go1.8.3; linux/amd64)"
172.20.0.4 - - [21/Jan/2018:15:06:28 +0000] "POST /api/v4/jobs/request HTTP/1.1" 403 58 "" "gitlab-ci-multi-runner 9.5.1 (9-5-stable; go1.8.3; linux/amd64)"
172.20.0.4 - - [21/Jan/2018:15:06:29 +0000] "POST /api/v4/jobs/request HTTP/1.1" 403 58 "" "gitlab-ci-multi-runner 9.5.1 (9-5-stable; go1.8.3; linux/amd64)"
127.0.0.1 - - [21/Jan/2018:15:06:50 +0000] "GET /help HTTP/1.1" 200 29464 "" "curl/7.56.1"
127.0.0.1 - - [21/Jan/2018:15:07:50 +0000] "GET /help HTTP/1.1" 200 29433 "" "curl/7.56.1"
172.20.0.1 - - [21/Jan/2018:15:08:42 +0000] "GET /profile/keys HTTP/1.1" 200 7094 "http://127.0.0.1:5000/profile" "Mozilla/5.0 (Macintosh; Intel Mac OS X 10_12_5) AppleWebKit/537.36 (KHTML, like Gecko) Chrome/63.0.3239.132 Safari/537.36"
172.20.0.1 - - [21/Jan/2018:15:08:42 +0000] "GET /assets/favicon-075eba76312e8421991a0c1f89a89ee81678bcde72319dd3e8047e2a47cd3a42.ico HTTP/1.1" 200 1384 "http://127.0.0.1:5000/profile/keys" "Mozilla/5.0 (Macintosh; Intel Mac OS X 10_12_5) AppleWebKit/537.36 (KHTML, like Gecko) Chrome/63.0.3239.132 Safari/537.36"
127.0.0.1 - - [21/Jan/2018:15:08:51 +0000] "GET /help HTTP/1.1" 200 29464 "" "curl/7.56.1"
172.20.0.1 - - [21/Jan/2018:15:08:52 +0000] "GET /admin/runner HTTP/1.1" 404 1565 "" "Mozilla/5.0 (Macintosh; Intel Mac OS X 10_12_5) AppleWebKit/537.36 (KHTML, like Gecko) Chrome/63.0.3239.132 Safari/537.36"
172.20.0.1 - - [21/Jan/2018:15:08:52 +0000] "GET /favicon.ico HTTP/1.1" 200 5430 "http://127.0.0.1:5000/admin/runner" "Mozilla/5.0 (Macintosh; Intel Mac OS X 10_12_5) AppleWebKit/537.36 (KHTML, like Gecko) Chrome/63.0.3239.132 Safari/537.36"
172.20.0.1 - - [21/Jan/2018:15:08:54 +0000] "GET /admin/runners HTTP/1.1" 200 7448 "" "Mozilla/5.0 (Macintosh; Intel Mac OS X 10_12_5) AppleWebKit/537.36 (KHTML, like Gecko) Chrome/63.0.3239.132 Safari/537.36"
127.0.0.1 - - [21/Jan/2018:15:09:52 +0000] "GET /help HTTP/1.1" 200 29464 "" "curl/7.56.1"
127.0.0.1 - - [21/Jan/2018:15:10:53 +0000] "GET /help HTTP/1.1" 200 29433 "" "curl/7.56.1"
172.20.0.4 - - [21/Jan/2018:15:11:50 +0000] "POST /api/v4/runners HTTP/1.1" 201 49 "" "gitlab-ci-multi-runner 9.5.1 (9-5-stable; go1.8.3; linux/amd64)"
127.0.0.1 - - [21/Jan/2018:15:11:53 +0000] "GET /help HTTP/1.1" 200 29433 "" "curl/7.56.1"
172.20.0.4 - - [21/Jan/2018:15:12:17 +0000] "POST /api/v4/runners HTTP/1.1" 201 49 "" "gitlab-ci-multi-runner 9.5.1 (9-5-stable; go1.8.3; linux/amd64)"
172.20.0.4 - - [21/Jan/2018:15:12:26 +0000] "POST /api/v4/jobs/request HTTP/1.1" 204 0 "" "gitlab-ci-multi-runner 9.5.1 (9-5-stable; go1.8.3; linux/amd64)"
172.20.0.4 - - [21/Jan/2018:15:12:29 +0000] "POST /api/v4/jobs/request HTTP/1.1" 204 0 "" "gitlab-ci-multi-runner 9.5.1 (9-5-stable; go1.8.3; linux/amd64)"
172.20.0.4 - - [21/Jan/2018:15:12:32 +0000] "POST /api/v4/jobs/request HTTP/1.1" 204 0 "" "gitlab-ci-multi-runner 9.5.1 (9-5-stable; go1.8.3; linux/amd64)"
172.20.0.4 - - [21/Jan/2018:15:12:35 +0000] "POST /api/v4/jobs/request HTTP/1.1" 204 0 "" "gitlab-ci-multi-runner 9.5.1 (9-5-stable; go1.8.3; linux/amd64)"
172.20.0.1 - - [21/Jan/2018:15:12:35 +0000] "GET /search/autocomplete?project_id=&project_ref=&term=but HTTP/1.1" 200 2 "http://127.0.0.1:5000/admin/runners" "Mozilla/5.0 (Macintosh; Intel Mac OS X 10_12_5) AppleWebKit/537.36 (KHTML, like Gecko) Chrome/63.0.3239.132 Safari/537.36"
172.20.0.1 - - [21/Jan/2018:15:12:36 +0000] "GET /search/autocomplete?project_id=&project_ref=&term=button HTTP/1.1" 200 2 "http://127.0.0.1:5000/admin/runners" "Mozilla/5.0 (Macintosh; Intel Mac OS X 10_12_5) AppleWebKit/537.36 (KHTML, like Gecko) Chrome/63.0.3239.132 Safari/537.36"
172.20.0.1 - - [21/Jan/2018:15:12:37 +0000] "GET /search?utf8=%E2%9C%93&search=button&group_id=&project_id=&repository_ref= HTTP/1.1" 200 5735 "http://127.0.0.1:5000/admin/runners" "Mozilla/5.0 (Macintosh; Intel Mac OS X 10_12_5) AppleWebKit/537.36 (KHTML, like Gecko) Chrome/63.0.3239.132 Safari/537.36"
172.20.0.4 - - [21/Jan/2018:15:12:38 +0000] "POST /api/v4/jobs/request HTTP/1.1" 204 0 "" "gitlab-ci-multi-runner 9.5.1 (9-5-stable; go1.8.3; linux/amd64)"
172.20.0.1 - - [21/Jan/2018:15:12:39 +0000] "GET /search?utf8=%E2%9C%93&snippets=&scope=&search=button HTTP/1.1" 200 5701 "http://127.0.0.1:5000/search" "Mozilla/5.0 (Macintosh; Intel Mac OS X 10_12_5) AppleWebKit/537.36 (KHTML, like Gecko) Chrome/63.0.3239.132 Safari/537.36"
172.20.0.4 - - [21/Jan/2018:15:12:41 +0000] "POST /api/v4/jobs/request HTTP/1.1" 204 0 "" "gitlab-ci-multi-runner 9.5.1 (9-5-stable; go1.8.3; linux/amd64)"
172.20.0.4 - - [21/Jan/2018:15:12:44 +0000] "POST /api/v4/jobs/request HTTP/1.1" 204 0 "" "gitlab-ci-multi-runner 9.5.1 (9-5-stable; go1.8.3; linux/amd64)"
172.20.0.4 - - [21/Jan/2018:15:12:47 +0000] "POST /api/v4/jobs/request HTTP/1.1" 204 0 "" "gitlab-ci-multi-runner 9.5.1 (9-5-stable; go1.8.3; linux/amd64)"
172.20.0.4 - - [21/Jan/2018:15:12:50 +0000] "POST /api/v4/jobs/request HTTP/1.1" 204 0 "" "gitlab-ci-multi-runner 9.5.1 (9-5-stable; go1.8.3; linux/amd64)"
172.20.0.4 - - [21/Jan/2018:15:12:53 +0000] "POST /api/v4/jobs/request HTTP/1.1" 204 0 "" "gitlab-ci-multi-runner 9.5.1 (9-5-stable; go1.8.3; linux/amd64)"
127.0.0.1 - - [21/Jan/2018:15:12:54 +0000] "GET /help HTTP/1.1" 200 29464 "" "curl/7.56.1"
172.20.0.4 - - [21/Jan/2018:15:12:56 +0000] "POST /api/v4/jobs/request HTTP/1.1" 204 0 "" "gitlab-ci-multi-runner 9.5.1 (9-5-stable; go1.8.3; linux/amd64)"
172.20.0.4 - - [21/Jan/2018:15:12:59 +0000] "POST /api/v4/jobs/request HTTP/1.1" 204 0 "" "gitlab-ci-multi-runner 9.5.1 (9-5-stable; go1.8.3; linux/amd64)"
172.20.0.4 - - [21/Jan/2018:15:13:02 +0000] "POST /api/v4/jobs/request HTTP/1.1" 204 0 "" "gitlab-ci-multi-runner 9.5.1 (9-5-stable; go1.8.3; linux/amd64)"
172.20.0.4 - - [21/Jan/2018:15:13:05 +0000] "POST /api/v4/jobs/request HTTP/1.1" 204 0 "" "gitlab-ci-multi-runner 9.5.1 (9-5-stable; go1.8.3; linux/amd64)"
172.20.0.1 - - [21/Jan/2018:15:13:06 +0000] "GET /projects/new HTTP/1.1" 200 11605 "http://127.0.0.1:5000/search" "Mozilla/5.0 (Macintosh; Intel Mac OS X 10_12_5) AppleWebKit/537.36 (KHTML, like Gecko) Chrome/63.0.3239.132 Safari/537.36"
172.20.0.1 - - [21/Jan/2018:15:13:06 +0000] "GET /assets/webpack/project_new.799daff55b3991c82b9e.bundle.js HTTP/1.1" 200 934 "http://127.0.0.1:5000/projects/new" "Mozilla/5.0 (Macintosh; Intel Mac OS X 10_12_5) AppleWebKit/537.36 (KHTML, like Gecko) Chrome/63.0.3239.132 Safari/537.36"
172.20.0.4 - - [21/Jan/2018:15:13:08 +0000] "POST /api/v4/jobs/request HTTP/1.1" 204 0 "" "gitlab-ci-multi-runner 9.5.1 (9-5-stable; go1.8.3; linux/amd64)"
172.20.0.4 - - [21/Jan/2018:15:13:11 +0000] "POST /api/v4/jobs/request HTTP/1.1" 204 0 "" "gitlab-ci-multi-runner 9.5.1 (9-5-stable; go1.8.3; linux/amd64)"
172.20.0.4 - - [21/Jan/2018:15:13:14 +0000] "POST /api/v4/jobs/request HTTP/1.1" 204 0 "" "gitlab-ci-multi-runner 9.5.1 (9-5-stable; go1.8.3; linux/amd64)"
172.20.0.1 - - [21/Jan/2018:15:13:16 +0000] "POST /projects HTTP/1.1" 302 99 "http://127.0.0.1:5000/projects/new" "Mozilla/5.0 (Macintosh; Intel Mac OS X 10_12_5) AppleWebKit/537.36 (KHTML, like Gecko) Chrome/63.0.3239.132 Safari/537.36"
172.20.0.1 - - [21/Jan/2018:15:13:17 +0000] "GET /root/button HTTP/1.1" 200 10080 "http://127.0.0.1:5000/projects/new" "Mozilla/5.0 (Macintosh; Intel Mac OS X 10_12_5) AppleWebKit/537.36 (KHTML, like Gecko) Chrome/63.0.3239.132 Safari/537.36"
172.20.0.4 - - [21/Jan/2018:15:13:17 +0000] "POST /api/v4/jobs/request HTTP/1.1" 204 0 "" "gitlab-ci-multi-runner 9.5.1 (9-5-stable; go1.8.3; linux/amd64)"
172.20.0.4 - - [21/Jan/2018:15:13:20 +0000] "POST /api/v4/jobs/request HTTP/1.1" 204 0 "" "gitlab-ci-multi-runner 9.5.1 (9-5-stable; go1.8.3; linux/amd64)"
172.20.0.4 - - [21/Jan/2018:15:13:23 +0000] "POST /api/v4/jobs/request HTTP/1.1" 204 0 "" "gitlab-ci-multi-runner 9.5.1 (9-5-stable; go1.8.3; linux/amd64)"
172.20.0.4 - - [21/Jan/2018:15:13:26 +0000] "POST /api/v4/jobs/request HTTP/1.1" 204 0 "" "gitlab-ci-multi-runner 9.5.1 (9-5-stable; go1.8.3; linux/amd64)"
172.20.0.1 - - [21/Jan/2018:15:13:27 +0000] "GET /root/button/new/master HTTP/1.1" 200 10901 "http://127.0.0.1:5000/root/button" "Mozilla/5.0 (Macintosh; Intel Mac OS X 10_12_5) AppleWebKit/537.36 (KHTML, like Gecko) Chrome/63.0.3239.132 Safari/537.36"
172.20.0.1 - - [21/Jan/2018:15:13:27 +0000] "GET /assets/webpack/blob.451528c644c00014c31a.bundle.js HTTP/1.1" 200 4268 "http://127.0.0.1:5000/root/button/new/master" "Mozilla/5.0 (Macintosh; Intel Mac OS X 10_12_5) AppleWebKit/537.36 (KHTML, like Gecko) Chrome/63.0.3239.132 Safari/537.36"
172.20.0.1 - - [21/Jan/2018:15:13:27 +0000] "GET /assets/lib/ace-c78a1527f28ddc6b48da5b327ea6c54ecd02424f3e7212b7821eddb2ee7daa94.js HTTP/1.1" 200 108853 "http://127.0.0.1:5000/root/button/new/master" "Mozilla/5.0 (Macintosh; Intel Mac OS X 10_12_5) AppleWebKit/537.36 (KHTML, like Gecko) Chrome/63.0.3239.132 Safari/537.36"
172.20.0.4 - - [21/Jan/2018:15:13:29 +0000] "POST /api/v4/jobs/request HTTP/1.1" 204 0 "" "gitlab-ci-multi-runner 9.5.1 (9-5-stable; go1.8.3; linux/amd64)"
172.20.0.4 - - [21/Jan/2018:15:13:32 +0000] "POST /api/v4/jobs/request HTTP/1.1" 204 0 "" "gitlab-ci-multi-runner 9.5.1 (9-5-stable; go1.8.3; linux/amd64)"
172.20.0.4 - - [21/Jan/2018:15:13:35 +0000] "POST /api/v4/jobs/request HTTP/1.1" 204 0 "" "gitlab-ci-multi-runner 9.5.1 (9-5-stable; go1.8.3; linux/amd64)"
172.20.0.1 - - [21/Jan/2018:15:13:37 +0000] "POST /root/button/create/master HTTP/1.1" 302 120 "http://127.0.0.1:5000/root/button/new/master" "Mozilla/5.0 (Macintosh; Intel Mac OS X 10_12_5) AppleWebKit/537.36 (KHTML, like Gecko) Chrome/63.0.3239.132 Safari/537.36"
172.20.0.1 - - [21/Jan/2018:15:13:38 +0000] "GET /root/button/blob/master/index.js HTTP/1.1" 200 10327 "http://127.0.0.1:5000/root/button/new/master" "Mozilla/5.0 (Macintosh; Intel Mac OS X 10_12_5) AppleWebKit/537.36 (KHTML, like Gecko) Chrome/63.0.3239.132 Safari/537.36"
172.20.0.4 - - [21/Jan/2018:15:13:38 +0000] "POST /api/v4/jobs/request HTTP/1.1" 204 0 "" "gitlab-ci-multi-runner 9.5.1 (9-5-stable; go1.8.3; linux/amd64)"
172.20.0.1 - - [21/Jan/2018:15:13:39 +0000] "GET /root/button/blob/master/index.js?format=json&viewer=simple HTTP/1.1" 200 547 "http://127.0.0.1:5000/root/button/blob/master/index.js" "Mozilla/5.0 (Macintosh; Intel Mac OS X 10_12_5) AppleWebKit/537.36 (KHTML, like Gecko) Chrome/63.0.3239.132 Safari/537.36"
172.20.0.1 - - [21/Jan/2018:15:13:41 +0000] "GET /root/button/tree/master HTTP/1.1" 200 10219 "http://127.0.0.1:5000/root/button/blob/master/index.js" "Mozilla/5.0 (Macintosh; Intel Mac OS X 10_12_5) AppleWebKit/537.36 (KHTML, like Gecko) Chrome/63.0.3239.132 Safari/537.36"
172.20.0.4 - - [21/Jan/2018:15:13:41 +0000] "POST /api/v4/jobs/request HTTP/1.1" 204 0 "" "gitlab-ci-multi-runner 9.5.1 (9-5-stable; go1.8.3; linux/amd64)"
172.20.0.1 - - [21/Jan/2018:15:13:42 +0000] "GET /root/button/refs/master/logs_tree/?_=1516547621976 HTTP/1.1" 200 416 "http://127.0.0.1:5000/root/button/tree/master" "Mozilla/5.0 (Macintosh; Intel Mac OS X 10_12_5) AppleWebKit/537.36 (KHTML, like Gecko) Chrome/63.0.3239.132 Safari/537.36"
172.20.0.4 - - [21/Jan/2018:15:13:44 +0000] "POST /api/v4/jobs/request HTTP/1.1" 204 0 "" "gitlab-ci-multi-runner 9.5.1 (9-5-stable; go1.8.3; linux/amd64)"
